[0.051s] DEBUG:colcon:Command line arguments: ['/usr/bin/colcon', 'build', '--packages-select', 'amr_topology']
[0.051s] DEBUG:colcon:Parsed command line arguments: Namespace(log_base=None, log_level=None, verb_name='build', build_base='build', install_base='install', merge_install=False, symlink_install=False, test_result_base=None, continue_on_error=False, executor='parallel', parallel_workers=16, event_handlers=None, ignore_user_meta=False, metas=['./colcon.meta'], base_paths=['.'], packages_ignore=None, packages_ignore_regex=None, paths=None, packages_up_to=None, packages_up_to_regex=None, packages_above=None, packages_above_and_dependencies=None, packages_above_depth=None, packages_select_by_dep=None, packages_skip_by_dep=None, packages_skip_up_to=None, packages_select_build_failed=False, packages_skip_build_finished=False, packages_select_test_failures=False, packages_skip_test_passed=False, packages_select=['amr_topology'], packages_skip=None, packages_select_regex=None, packages_skip_regex=None, packages_start=None, packages_end=None, allow_overriding=[], cmake_args=None, cmake_target=None, cmake_target_skip_unavailable=False, cmake_clean_cache=False, cmake_clean_first=False, cmake_force_configure=False, ament_cmake_args=None, catkin_cmake_args=None, catkin_skip_building_tests=False, verb_parser=<colcon_defaults.argument_parser.defaults.DefaultArgumentsDecorator object at 0x727a96468b20>, verb_extension=<colcon_core.verb.build.BuildVerb object at 0x727a96569f30>, main=<bound method BuildVerb.main of <colcon_core.verb.build.BuildVerb object at 0x727a96569f30>>)
[0.127s] Level 1:colcon.colcon_core.package_discovery:discover_packages(colcon_meta) check parameters
[0.128s] Level 1:colcon.colcon_core.package_discovery:discover_packages(recursive) check parameters
[0.128s] Level 1:colcon.colcon_core.package_discovery:discover_packages(ignore) check parameters
[0.128s] Level 1:colcon.colcon_core.package_discovery:discover_packages(path) check parameters
[0.128s] Level 1:colcon.colcon_core.package_discovery:discover_packages(colcon_meta) discover
[0.128s] Level 1:colcon.colcon_core.package_discovery:discover_packages(recursive) discover
[0.128s] INFO:colcon.colcon_core.package_discovery:Crawling recursively for packages in '/home/lee/Downloads/Topology_Graph_test-main'
[0.128s] Level 1:colcon.colcon_core.package_identification:_identify(.) by extensions ['ignore', 'ignore_ament_install']
[0.128s] Level 1:colcon.colcon_core.package_identification:_identify(.) by extension 'ignore'
[0.128s] Level 1:colcon.colcon_core.package_identification:_identify(.) by extension 'ignore_ament_install'
[0.128s] Level 1:colcon.colcon_core.package_identification:_identify(.) by extensions ['colcon_pkg']
[0.128s] Level 1:colcon.colcon_core.package_identification:_identify(.) by extension 'colcon_pkg'
[0.128s] Level 1:colcon.colcon_core.package_identification:_identify(.) by extensions ['colcon_meta']
[0.128s] Level 1:colcon.colcon_core.package_identification:_identify(.) by extension 'colcon_meta'
[0.128s] Level 1:colcon.colcon_core.package_identification:_identify(.) by extensions ['ros']
[0.128s] Level 1:colcon.colcon_core.package_identification:_identify(.) by extension 'ros'
[0.134s] Level 1:colcon.colcon_core.package_identification:_identify(.) by extensions ['cmake', 'python']
[0.134s] Level 1:colcon.colcon_core.package_identification:_identify(.) by extension 'cmake'
[0.134s] Level 1:colcon.colcon_core.package_identification:_identify(.) by extension 'python'
[0.134s] Level 1:colcon.colcon_core.package_identification:_identify(.) by extensions ['python_setup_py']
[0.134s] Level 1:colcon.colcon_core.package_identification:_identify(.) by extension 'python_setup_py'
[0.134s] Level 1:colcon.colcon_core.package_identification:_identify(build) by extensions ['ignore', 'ignore_ament_install']
[0.134s] Level 1:colcon.colcon_core.package_identification:_identify(build) by extension 'ignore'
[0.134s] Level 1:colcon.colcon_core.package_identification:_identify(build) ignored
[0.134s] Level 1:colcon.colcon_core.package_identification:_identify(charger_docking_debug) by extensions ['ignore', 'ignore_ament_install']
[0.134s] Level 1:colcon.colcon_core.package_identification:_identify(charger_docking_debug) by extension 'ignore'
[0.134s] Level 1:colcon.colcon_core.package_identification:_identify(charger_docking_debug) by extension 'ignore_ament_install'
[0.134s] Level 1:colcon.colcon_core.package_identification:_identify(charger_docking_debug) by extensions ['colcon_pkg']
[0.134s] Level 1:colcon.colcon_core.package_identification:_identify(charger_docking_debug) by extension 'colcon_pkg'
[0.134s] Level 1:colcon.colcon_core.package_identification:_identify(charger_docking_debug) by extensions ['colcon_meta']
[0.134s] Level 1:colcon.colcon_core.package_identification:_identify(charger_docking_debug) by extension 'colcon_meta'
[0.134s] Level 1:colcon.colcon_core.package_identification:_identify(charger_docking_debug) by extensions ['ros']
[0.134s] Level 1:colcon.colcon_core.package_identification:_identify(charger_docking_debug) by extension 'ros'
[0.134s] Level 1:colcon.colcon_core.package_identification:_identify(charger_docking_debug) by extensions ['cmake', 'python']
[0.134s] Level 1:colcon.colcon_core.package_identification:_identify(charger_docking_debug) by extension 'cmake'
[0.134s] Level 1:colcon.colcon_core.package_identification:_identify(charger_docking_debug) by extension 'python'
[0.134s] Level 1:colcon.colcon_core.package_identification:_identify(charger_docking_debug) by extensions ['python_setup_py']
[0.134s] Level 1:colcon.colcon_core.package_identification:_identify(charger_docking_debug) by extension 'python_setup_py'
[0.134s] Level 1:colcon.colcon_core.package_identification:_identify(install) by extensions ['ignore', 'ignore_ament_install']
[0.134s] Level 1:colcon.colcon_core.package_identification:_identify(install) by extension 'ignore'
[0.134s] Level 1:colcon.colcon_core.package_identification:_identify(install) ignored
[0.134s] Level 1:colcon.colcon_core.package_identification:_identify(log) by extensions ['ignore', 'ignore_ament_install']
[0.134s] Level 1:colcon.colcon_core.package_identification:_identify(log) by extension 'ignore'
[0.134s] Level 1:colcon.colcon_core.package_identification:_identify(log) ignored
[0.134s] Level 1:colcon.colcon_core.package_identification:_identify(rosbag) by extensions ['ignore', 'ignore_ament_install']
[0.134s] Level 1:colcon.colcon_core.package_identification:_identify(rosbag) by extension 'ignore'
[0.134s] Level 1:colcon.colcon_core.package_identification:_identify(rosbag) by extension 'ignore_ament_install'
[0.134s] Level 1:colcon.colcon_core.package_identification:_identify(rosbag) by extensions ['colcon_pkg']
[0.134s] Level 1:colcon.colcon_core.package_identification:_identify(rosbag) by extension 'colcon_pkg'
[0.134s] Level 1:colcon.colcon_core.package_identification:_identify(rosbag) by extensions ['colcon_meta']
[0.134s] Level 1:colcon.colcon_core.package_identification:_identify(rosbag) by extension 'colcon_meta'
[0.134s] Level 1:colcon.colcon_core.package_identification:_identify(rosbag) by extensions ['ros']
[0.134s] Level 1:colcon.colcon_core.package_identification:_identify(rosbag) by extension 'ros'
[0.134s] Level 1:colcon.colcon_core.package_identification:_identify(rosbag) by extensions ['cmake', 'python']
[0.134s] Level 1:colcon.colcon_core.package_identification:_identify(rosbag) by extension 'cmake'
[0.134s] Level 1:colcon.colcon_core.package_identification:_identify(rosbag) by extension 'python'
[0.134s] Level 1:colcon.colcon_core.package_identification:_identify(rosbag) by extensions ['python_setup_py']
[0.134s] Level 1:colcon.colcon_core.package_identification:_identify(rosbag) by extension 'python_setup_py'
[0.134s] Level 1:colcon.colcon_core.package_identification:_identify(rosbag/topology_bag_1) by extensions ['ignore', 'ignore_ament_install']
[0.135s] Level 1:colcon.colcon_core.package_identification:_identify(rosbag/topology_bag_1) by extension 'ignore'
[0.135s] Level 1:colcon.colcon_core.package_identification:_identify(rosbag/topology_bag_1) by extension 'ignore_ament_install'
[0.135s] Level 1:colcon.colcon_core.package_identification:_identify(rosbag/topology_bag_1) by extensions ['colcon_pkg']
[0.135s] Level 1:colcon.colcon_core.package_identification:_identify(rosbag/topology_bag_1) by extension 'colcon_pkg'
[0.135s] Level 1:colcon.colcon_core.package_identification:_identify(rosbag/topology_bag_1) by extensions ['colcon_meta']
[0.135s] Level 1:colcon.colcon_core.package_identification:_identify(rosbag/topology_bag_1) by extension 'colcon_meta'
[0.135s] Level 1:colcon.colcon_core.package_identification:_identify(rosbag/topology_bag_1) by extensions ['ros']
[0.135s] Level 1:colcon.colcon_core.package_identification:_identify(rosbag/topology_bag_1) by extension 'ros'
[0.135s] Level 1:colcon.colcon_core.package_identification:_identify(rosbag/topology_bag_1) by extensions ['cmake', 'python']
[0.135s] Level 1:colcon.colcon_core.package_identification:_identify(rosbag/topology_bag_1) by extension 'cmake'
[0.135s] Level 1:colcon.colcon_core.package_identification:_identify(rosbag/topology_bag_1) by extension 'python'
[0.135s] Level 1:colcon.colcon_core.package_identification:_identify(rosbag/topology_bag_1) by extensions ['python_setup_py']
[0.135s] Level 1:colcon.colcon_core.package_identification:_identify(rosbag/topology_bag_1) by extension 'python_setup_py'
[0.135s] Level 1:colcon.colcon_core.package_identification:_identify(src) by extensions ['ignore', 'ignore_ament_install']
[0.135s] Level 1:colcon.colcon_core.package_identification:_identify(src) by extension 'ignore'
[0.135s] Level 1:colcon.colcon_core.package_identification:_identify(src) by extension 'ignore_ament_install'
[0.135s] Level 1:colcon.colcon_core.package_identification:_identify(src) by extensions ['colcon_pkg']
[0.135s] Level 1:colcon.colcon_core.package_identification:_identify(src) by extension 'colcon_pkg'
[0.135s] Level 1:colcon.colcon_core.package_identification:_identify(src) by extensions ['colcon_meta']
[0.135s] Level 1:colcon.colcon_core.package_identification:_identify(src) by extension 'colcon_meta'
[0.135s] Level 1:colcon.colcon_core.package_identification:_identify(src) by extensions ['ros']
[0.135s] Level 1:colcon.colcon_core.package_identification:_identify(src) by extension 'ros'
[0.135s] Level 1:colcon.colcon_core.package_identification:_identify(src) by extensions ['cmake', 'python']
[0.135s] Level 1:colcon.colcon_core.package_identification:_identify(src) by extension 'cmake'
[0.135s] Level 1:colcon.colcon_core.package_identification:_identify(src) by extension 'python'
[0.135s] Level 1:colcon.colcon_core.package_identification:_identify(src) by extensions ['python_setup_py']
[0.135s] Level 1:colcon.colcon_core.package_identification:_identify(src) by extension 'python_setup_py'
[0.135s] Level 1:colcon.colcon_core.package_identification:_identify(src/amr_topology) by extensions ['ignore', 'ignore_ament_install']
[0.135s] Level 1:colcon.colcon_core.package_identification:_identify(src/amr_topology) by extension 'ignore'
[0.135s] Level 1:colcon.colcon_core.package_identification:_identify(src/amr_topology) by extension 'ignore_ament_install'
[0.135s] Level 1:colcon.colcon_core.package_identification:_identify(src/amr_topology) by extensions ['colcon_pkg']
[0.135s] Level 1:colcon.colcon_core.package_identification:_identify(src/amr_topology) by extension 'colcon_pkg'
[0.135s] Level 1:colcon.colcon_core.package_identification:_identify(src/amr_topology) by extensions ['colcon_meta']
[0.135s] Level 1:colcon.colcon_core.package_identification:_identify(src/amr_topology) by extension 'colcon_meta'
[0.135s] Level 1:colcon.colcon_core.package_identification:_identify(src/amr_topology) by extensions ['ros']
[0.135s] Level 1:colcon.colcon_core.package_identification:_identify(src/amr_topology) by extension 'ros'
[0.137s] DEBUG:colcon.colcon_core.package_identification:Package 'src/amr_topology' with type 'ros.ament_cmake' and name 'amr_topology'
[0.137s] Level 1:colcon.colcon_core.package_discovery:discover_packages(recursive) using defaults
[0.137s] Level 1:colcon.colcon_core.package_discovery:discover_packages(ignore) discover
[0.137s] Level 1:colcon.colcon_core.package_discovery:discover_packages(ignore) using defaults
[0.137s] Level 1:colcon.colcon_core.package_discovery:discover_packages(path) discover
[0.137s] Level 1:colcon.colcon_core.package_discovery:discover_packages(path) using defaults
[0.155s] Level 1:colcon.colcon_core.package_discovery:discover_packages(prefix_path) check parameters
[0.155s] Level 1:colcon.colcon_core.package_discovery:discover_packages(prefix_path) discover
[0.156s] DEBUG:colcon.colcon_installed_package_information.package_discovery:Found 2 installed packages in /home/lee/smart_car_ws/install
[0.157s] DEBUG:colcon.colcon_installed_package_information.package_discovery:Found 391 installed packages in /opt/ros/humble
[0.158s] Level 1:colcon.colcon_core.package_discovery:discover_packages(prefix_path) using defaults
[0.181s] Level 5:colcon.colcon_core.verb:set package 'amr_topology' build argument 'cmake_args' from command line to 'None'
[0.181s] Level 5:colcon.colcon_core.verb:set package 'amr_topology' build argument 'cmake_target' from command line to 'None'
[0.181s] Level 5:colcon.colcon_core.verb:set package 'amr_topology' build argument 'cmake_target_skip_unavailable' from command line to 'False'
[0.181s] Level 5:colcon.colcon_core.verb:set package 'amr_topology' build argument 'cmake_clean_cache' from command line to 'False'
[0.181s] Level 5:colcon.colcon_core.verb:set package 'amr_topology' build argument 'cmake_clean_first' from command line to 'False'
[0.181s] Level 5:colcon.colcon_core.verb:set package 'amr_topology' build argument 'cmake_force_configure' from command line to 'False'
[0.181s] Level 5:colcon.colcon_core.verb:set package 'amr_topology' build argument 'ament_cmake_args' from command line to 'None'
[0.181s] Level 5:colcon.colcon_core.verb:set package 'amr_topology' build argument 'catkin_cmake_args' from command line to 'None'
[0.181s] Level 5:colcon.colcon_core.verb:set package 'amr_topology' build argument 'catkin_skip_building_tests' from command line to 'False'
[0.181s] DEBUG:colcon.colcon_core.verb:Building package 'amr_topology' with the following arguments: {'ament_cmake_args': None, 'build_base': '/home/lee/Downloads/Topology_Graph_test-main/build/amr_topology', 'catkin_cmake_args': None, 'catkin_skip_building_tests': False, 'cmake_args': None, 'cmake_clean_cache': False, 'cmake_clean_first': False, 'cmake_force_configure': False, 'cmake_target': None, 'cmake_target_skip_unavailable': False, 'install_base': '/home/lee/Downloads/Topology_Graph_test-main/install/amr_topology', 'merge_install': False, 'path': '/home/lee/Downloads/Topology_Graph_test-main/src/amr_topology', 'symlink_install': False, 'test_result_base': None}
[0.181s] INFO:colcon.colcon_core.executor:Executing jobs using 'parallel' executor
[0.182s] DEBUG:colcon.colcon_parallel_executor.executor.parallel:run_until_complete
[0.182s] INFO:colcon.colcon_ros.task.ament_cmake.build:Building ROS package in '/home/lee/Downloads/Topology_Graph_test-main/src/amr_topology' with build type 'ament_cmake'
[0.182s] INFO:colcon.colcon_cmake.task.cmake.build:Building CMake package in '/home/lee/Downloads/Topology_Graph_test-main/src/amr_topology'
[0.183s] INFO:colcon.colcon_core.plugin_system:Skipping extension 'colcon_core.shell.bat': Not used on non-Windows systems
[0.183s] INFO:colcon.colcon_core.shell:Skip shell extension 'powershell' for command environment: Not usable outside of PowerShell
[0.183s] DEBUG:colcon.colcon_core.shell:Skip shell extension 'dsv' for command environment
[30.215s] DEBUG:colcon.colcon_core.event_handler.log_command:Invoking command in '/home/lee/Downloads/Topology_Graph_test-main/build/amr_topology': CMAKE_PREFIX_PATH=${CMAKE_PREFIX_PATH}:/home/lee/smart_car_ws/install/smart_car_py_pkg:/opt/ros/humble /usr/bin/cmake --build /home/lee/Downloads/Topology_Graph_test-main/build/amr_topology -- -j16 -l16
[60.237s] DEBUG:colcon.colcon_core.event_handler.log_command:Invoked command in '/home/lee/Downloads/Topology_Graph_test-main/build/amr_topology' returned '0': CMAKE_PREFIX_PATH=${CMAKE_PREFIX_PATH}:/home/lee/smart_car_ws/install/smart_car_py_pkg:/opt/ros/humble /usr/bin/cmake --build /home/lee/Downloads/Topology_Graph_test-main/build/amr_topology -- -j16 -l16
[60.244s] DEBUG:colcon.colcon_core.event_handler.log_command:Invoking command in '/home/lee/Downloads/Topology_Graph_test-main/build/amr_topology': CMAKE_PREFIX_PATH=${CMAKE_PREFIX_PATH}:/home/lee/smart_car_ws/install/smart_car_py_pkg:/opt/ros/humble /usr/bin/cmake --install /home/lee/Downloads/Topology_Graph_test-main/build/amr_topology
[90.267s] Level 1:colcon.colcon_core.environment:create_environment_scripts_only(amr_topology)
[90.268s] DEBUG:colcon.colcon_core.event_handler.log_command:Invoked command in '/home/lee/Downloads/Topology_Graph_test-main/build/amr_topology' returned '0': CMAKE_PREFIX_PATH=${CMAKE_PREFIX_PATH}:/home/lee/smart_car_ws/install/smart_car_py_pkg:/opt/ros/humble /usr/bin/cmake --install /home/lee/Downloads/Topology_Graph_test-main/build/amr_topology
[90.269s] Level 1:colcon.colcon_core.environment:checking '/home/lee/Downloads/Topology_Graph_test-main/install/amr_topology' for CMake module files
[90.270s] Level 1:colcon.colcon_core.environment:checking '/home/lee/Downloads/Topology_Graph_test-main/install/amr_topology' for CMake config files
[90.270s] Level 1:colcon.colcon_core.shell:create_environment_hook('amr_topology', 'cmake_prefix_path')
[90.270s] INFO:colcon.colcon_core.shell:Creating environment hook '/home/lee/Downloads/Topology_Graph_test-main/install/amr_topology/share/amr_topology/hook/cmake_prefix_path.ps1'
[90.271s] INFO:colcon.colcon_core.shell:Creating environment descriptor '/home/lee/Downloads/Topology_Graph_test-main/install/amr_topology/share/amr_topology/hook/cmake_prefix_path.dsv'
[90.271s] INFO:colcon.colcon_core.shell:Creating environment hook '/home/lee/Downloads/Topology_Graph_test-main/install/amr_topology/share/amr_topology/hook/cmake_prefix_path.sh'
[90.272s] Level 1:colcon.colcon_core.environment:checking '/home/lee/Downloads/Topology_Graph_test-main/install/amr_topology/lib'
[90.272s] Level 1:colcon.colcon_core.environment:checking '/home/lee/Downloads/Topology_Graph_test-main/install/amr_topology/bin'
[90.272s] Level 1:colcon.colcon_core.environment:checking '/home/lee/Downloads/Topology_Graph_test-main/install/amr_topology/lib/pkgconfig/amr_topology.pc'
[90.272s] Level 1:colcon.colcon_core.environment:checking '/home/lee/Downloads/Topology_Graph_test-main/install/amr_topology/lib/python3.10/site-packages'
[90.272s] Level 1:colcon.colcon_core.environment:checking '/home/lee/Downloads/Topology_Graph_test-main/install/amr_topology/bin'
[90.272s] INFO:colcon.colcon_core.shell:Creating package script '/home/lee/Downloads/Topology_Graph_test-main/install/amr_topology/share/amr_topology/package.ps1'
[90.273s] INFO:colcon.colcon_core.shell:Creating package descriptor '/home/lee/Downloads/Topology_Graph_test-main/install/amr_topology/share/amr_topology/package.dsv'
[90.273s] INFO:colcon.colcon_core.shell:Creating package script '/home/lee/Downloads/Topology_Graph_test-main/install/amr_topology/share/amr_topology/package.sh'
[90.274s] INFO:colcon.colcon_core.shell:Creating package script '/home/lee/Downloads/Topology_Graph_test-main/install/amr_topology/share/amr_topology/package.bash'
[90.274s] INFO:colcon.colcon_core.shell:Creating package script '/home/lee/Downloads/Topology_Graph_test-main/install/amr_topology/share/amr_topology/package.zsh'
[90.274s] Level 1:colcon.colcon_core.environment:create_file_with_runtime_dependencies(/home/lee/Downloads/Topology_Graph_test-main/install/amr_topology/share/colcon-core/packages/amr_topology)
[90.275s] Level 1:colcon.colcon_core.environment:create_environment_scripts_only(amr_topology)
[90.275s] Level 1:colcon.colcon_core.environment:checking '/home/lee/Downloads/Topology_Graph_test-main/install/amr_topology' for CMake module files
[90.275s] Level 1:colcon.colcon_core.environment:checking '/home/lee/Downloads/Topology_Graph_test-main/install/amr_topology' for CMake config files
[90.275s] Level 1:colcon.colcon_core.shell:create_environment_hook('amr_topology', 'cmake_prefix_path')
[90.275s] INFO:colcon.colcon_core.shell:Creating environment hook '/home/lee/Downloads/Topology_Graph_test-main/install/amr_topology/share/amr_topology/hook/cmake_prefix_path.ps1'
[90.276s] INFO:colcon.colcon_core.shell:Creating environment descriptor '/home/lee/Downloads/Topology_Graph_test-main/install/amr_topology/share/amr_topology/hook/cmake_prefix_path.dsv'
[90.276s] INFO:colcon.colcon_core.shell:Creating environment hook '/home/lee/Downloads/Topology_Graph_test-main/install/amr_topology/share/amr_topology/hook/cmake_prefix_path.sh'
[90.276s] Level 1:colcon.colcon_core.environment:checking '/home/lee/Downloads/Topology_Graph_test-main/install/amr_topology/lib'
[90.276s] Level 1:colcon.colcon_core.environment:checking '/home/lee/Downloads/Topology_Graph_test-main/install/amr_topology/bin'
[90.276s] Level 1:colcon.colcon_core.environment:checking '/home/lee/Downloads/Topology_Graph_test-main/install/amr_topology/lib/pkgconfig/amr_topology.pc'
[90.276s] Level 1:colcon.colcon_core.environment:checking '/home/lee/Downloads/Topology_Graph_test-main/install/amr_topology/lib/python3.10/site-packages'
[90.276s] Level 1:colcon.colcon_core.environment:checking '/home/lee/Downloads/Topology_Graph_test-main/install/amr_topology/bin'
[90.276s] INFO:colcon.colcon_core.shell:Creating package script '/home/lee/Downloads/Topology_Graph_test-main/install/amr_topology/share/amr_topology/package.ps1'
[90.277s] INFO:colcon.colcon_core.shell:Creating package descriptor '/home/lee/Downloads/Topology_Graph_test-main/install/amr_topology/share/amr_topology/package.dsv'
[90.277s] INFO:colcon.colcon_core.shell:Creating package script '/home/lee/Downloads/Topology_Graph_test-main/install/amr_topology/share/amr_topology/package.sh'
[90.277s] INFO:colcon.colcon_core.shell:Creating package script '/home/lee/Downloads/Topology_Graph_test-main/install/amr_topology/share/amr_topology/package.bash'
[90.277s] INFO:colcon.colcon_core.shell:Creating package script '/home/lee/Downloads/Topology_Graph_test-main/install/amr_topology/share/amr_topology/package.zsh'
[90.277s] Level 1:colcon.colcon_core.environment:create_file_with_runtime_dependencies(/home/lee/Downloads/Topology_Graph_test-main/install/amr_topology/share/colcon-core/packages/amr_topology)
[90.278s] DEBUG:colcon.colcon_parallel_executor.executor.parallel:closing loop
[90.278s] DEBUG:colcon.colcon_parallel_executor.executor.parallel:loop closed
[90.278s] DEBUG:colcon.colcon_parallel_executor.executor.parallel:run_until_complete finished with '0'
[90.278s] DEBUG:colcon.colcon_core.event_reactor:joining thread
[90.281s] INFO:colcon.colcon_core.plugin_system:Skipping extension 'colcon_notification.desktop_notification.terminal_notifier': Not used on non-Darwin systems
[90.281s] INFO:colcon.colcon_core.plugin_system:Skipping extension 'colcon_notification.desktop_notification.win32': Not used on non-Windows systems
[90.281s] INFO:colcon.colcon_notification.desktop_notification:Sending desktop notification using 'notify2'
[90.281s] DEBUG:colcon.colcon_notification.desktop_notification.notify2:Failed to initialize notify2: org.freedesktop.DBus.Error.AccessDenied: Failed to connect to socket /run/user/1000/bus: Operation not permitted
[90.281s] DEBUG:colcon.colcon_core.event_reactor:joined thread
[90.281s] INFO:colcon.colcon_core.shell:Creating prefix script '/home/lee/Downloads/Topology_Graph_test-main/install/local_setup.ps1'
[90.281s] INFO:colcon.colcon_core.shell:Creating prefix util module '/home/lee/Downloads/Topology_Graph_test-main/install/_local_setup_util_ps1.py'
[90.282s] INFO:colcon.colcon_core.shell:Creating prefix chain script '/home/lee/Downloads/Topology_Graph_test-main/install/setup.ps1'
[90.283s] INFO:colcon.colcon_core.shell:Creating prefix script '/home/lee/Downloads/Topology_Graph_test-main/install/local_setup.sh'
[90.283s] INFO:colcon.colcon_core.shell:Creating prefix util module '/home/lee/Downloads/Topology_Graph_test-main/install/_local_setup_util_sh.py'
[90.283s] INFO:colcon.colcon_core.shell:Creating prefix chain script '/home/lee/Downloads/Topology_Graph_test-main/install/setup.sh'
[90.283s] INFO:colcon.colcon_core.shell:Creating prefix script '/home/lee/Downloads/Topology_Graph_test-main/install/local_setup.bash'
[90.284s] INFO:colcon.colcon_core.shell:Creating prefix chain script '/home/lee/Downloads/Topology_Graph_test-main/install/setup.bash'
[90.284s] INFO:colcon.colcon_core.shell:Creating prefix script '/home/lee/Downloads/Topology_Graph_test-main/install/local_setup.zsh'
[90.284s] INFO:colcon.colcon_core.shell:Creating prefix chain script '/home/lee/Downloads/Topology_Graph_test-main/install/setup.zsh'
