[0.055s] DEBUG:colcon:Command line arguments: ['/usr/bin/colcon', 'build', '--packages-select', 'amr_topology']
[0.055s] DEBUG:colcon:Parsed command line arguments: Namespace(log_base=None, log_level=None, verb_name='build', build_base='build', install_base='install', merge_install=False, symlink_install=False, test_result_base=None, continue_on_error=False, executor='parallel', parallel_workers=16, event_handlers=None, ignore_user_meta=False, metas=['./colcon.meta'], base_paths=['.'], packages_ignore=None, packages_ignore_regex=None, paths=None, packages_up_to=None, packages_up_to_regex=None, packages_above=None, packages_above_and_dependencies=None, packages_above_depth=None, packages_select_by_dep=None, packages_skip_by_dep=None, packages_skip_up_to=None, packages_select_build_failed=False, packages_skip_build_finished=False, packages_select_test_failures=False, packages_skip_test_passed=False, packages_select=['amr_topology'], packages_skip=None, packages_select_regex=None, packages_skip_regex=None, packages_start=None, packages_end=None, allow_overriding=[], cmake_args=None, cmake_target=None, cmake_target_skip_unavailable=False, cmake_clean_cache=False, cmake_clean_first=False, cmake_force_configure=False, ament_cmake_args=None, catkin_cmake_args=None, catkin_skip_building_tests=False, verb_parser=<colcon_defaults.argument_parser.defaults.DefaultArgumentsDecorator object at 0x7faa7fa68b20>, verb_extension=<colcon_core.verb.build.BuildVerb object at 0x7faa7fb61f30>, main=<bound method BuildVerb.main of <colcon_core.verb.build.BuildVerb object at 0x7faa7fb61f30>>)
[0.137s] Level 1:colcon.colcon_core.package_discovery:discover_packages(colcon_meta) check parameters
[0.137s] Level 1:colcon.colcon_core.package_discovery:discover_packages(recursive) check parameters
[0.137s] Level 1:colcon.colcon_core.package_discovery:discover_packages(ignore) check parameters
[0.137s] Level 1:colcon.colcon_core.package_discovery:discover_packages(path) check parameters
[0.137s] Level 1:colcon.colcon_core.package_discovery:discover_packages(colcon_meta) discover
[0.137s] Level 1:colcon.colcon_core.package_discovery:discover_packages(recursive) discover
[0.137s] INFO:colcon.colcon_core.package_discovery:Crawling recursively for packages in '/home/lee/Downloads/Topology_Graph_test-main'
[0.137s] Level 1:colcon.colcon_core.package_identification:_identify(.) by extensions ['ignore', 'ignore_ament_install']
[0.137s] Level 1:colcon.colcon_core.package_identification:_identify(.) by extension 'ignore'
[0.138s] Level 1:colcon.colcon_core.package_identification:_identify(.) by extension 'ignore_ament_install'
[0.138s] Level 1:colcon.colcon_core.package_identification:_identify(.) by extensions ['colcon_pkg']
[0.138s] Level 1:colcon.colcon_core.package_identification:_identify(.) by extension 'colcon_pkg'
[0.138s] Level 1:colcon.colcon_core.package_identification:_identify(.) by extensions ['colcon_meta']
[0.138s] Level 1:colcon.colcon_core.package_identification:_identify(.) by extension 'colcon_meta'
[0.138s] Level 1:colcon.colcon_core.package_identification:_identify(.) by extensions ['ros']
[0.138s] Level 1:colcon.colcon_core.package_identification:_identify(.) by extension 'ros'
[0.144s] Level 1:colcon.colcon_core.package_identification:_identify(.) by extensions ['cmake', 'python']
[0.144s] Level 1:colcon.colcon_core.package_identification:_identify(.) by extension 'cmake'
[0.144s] Level 1:colcon.colcon_core.package_identification:_identify(.) by extension 'python'
[0.144s] Level 1:colcon.colcon_core.package_identification:_identify(.) by extensions ['python_setup_py']
[0.144s] Level 1:colcon.colcon_core.package_identification:_identify(.) by extension 'python_setup_py'
[0.144s] Level 1:colcon.colcon_core.package_identification:_identify(build) by extensions ['ignore', 'ignore_ament_install']
[0.144s] Level 1:colcon.colcon_core.package_identification:_identify(build) by extension 'ignore'
[0.144s] Level 1:colcon.colcon_core.package_identification:_identify(build) ignored
[0.144s] Level 1:colcon.colcon_core.package_identification:_identify(charger_docking_debug) by extensions ['ignore', 'ignore_ament_install']
[0.144s] Level 1:colcon.colcon_core.package_identification:_identify(charger_docking_debug) by extension 'ignore'
[0.144s] Level 1:colcon.colcon_core.package_identification:_identify(charger_docking_debug) by extension 'ignore_ament_install'
[0.144s] Level 1:colcon.colcon_core.package_identification:_identify(charger_docking_debug) by extensions ['colcon_pkg']
[0.144s] Level 1:colcon.colcon_core.package_identification:_identify(charger_docking_debug) by extension 'colcon_pkg'
[0.144s] Level 1:colcon.colcon_core.package_identification:_identify(charger_docking_debug) by extensions ['colcon_meta']
[0.144s] Level 1:colcon.colcon_core.package_identification:_identify(charger_docking_debug) by extension 'colcon_meta'
[0.144s] Level 1:colcon.colcon_core.package_identification:_identify(charger_docking_debug) by extensions ['ros']
[0.144s] Level 1:colcon.colcon_core.package_identification:_identify(charger_docking_debug) by extension 'ros'
[0.144s] Level 1:colcon.colcon_core.package_identification:_identify(charger_docking_debug) by extensions ['cmake', 'python']
[0.144s] Level 1:colcon.colcon_core.package_identification:_identify(charger_docking_debug) by extension 'cmake'
[0.144s] Level 1:colcon.colcon_core.package_identification:_identify(charger_docking_debug) by extension 'python'
[0.144s] Level 1:colcon.colcon_core.package_identification:_identify(charger_docking_debug) by extensions ['python_setup_py']
[0.144s] Level 1:colcon.colcon_core.package_identification:_identify(charger_docking_debug) by extension 'python_setup_py'
[0.144s] Level 1:colcon.colcon_core.package_identification:_identify(install) by extensions ['ignore', 'ignore_ament_install']
[0.144s] Level 1:colcon.colcon_core.package_identification:_identify(install) by extension 'ignore'
[0.144s] Level 1:colcon.colcon_core.package_identification:_identify(install) ignored
[0.144s] Level 1:colcon.colcon_core.package_identification:_identify(log) by extensions ['ignore', 'ignore_ament_install']
[0.145s] Level 1:colcon.colcon_core.package_identification:_identify(log) by extension 'ignore'
[0.145s] Level 1:colcon.colcon_core.package_identification:_identify(log) ignored
[0.145s] Level 1:colcon.colcon_core.package_identification:_identify(rosbag) by extensions ['ignore', 'ignore_ament_install']
[0.145s] Level 1:colcon.colcon_core.package_identification:_identify(rosbag) by extension 'ignore'
[0.145s] Level 1:colcon.colcon_core.package_identification:_identify(rosbag) by extension 'ignore_ament_install'
[0.145s] Level 1:colcon.colcon_core.package_identification:_identify(rosbag) by extensions ['colcon_pkg']
[0.145s] Level 1:colcon.colcon_core.package_identification:_identify(rosbag) by extension 'colcon_pkg'
[0.145s] Level 1:colcon.colcon_core.package_identification:_identify(rosbag) by extensions ['colcon_meta']
[0.145s] Level 1:colcon.colcon_core.package_identification:_identify(rosbag) by extension 'colcon_meta'
[0.145s] Level 1:colcon.colcon_core.package_identification:_identify(rosbag) by extensions ['ros']
[0.145s] Level 1:colcon.colcon_core.package_identification:_identify(rosbag) by extension 'ros'
[0.145s] Level 1:colcon.colcon_core.package_identification:_identify(rosbag) by extensions ['cmake', 'python']
[0.145s] Level 1:colcon.colcon_core.package_identification:_identify(rosbag) by extension 'cmake'
[0.145s] Level 1:colcon.colcon_core.package_identification:_identify(rosbag) by extension 'python'
[0.145s] Level 1:colcon.colcon_core.package_identification:_identify(rosbag) by extensions ['python_setup_py']
[0.145s] Level 1:colcon.colcon_core.package_identification:_identify(rosbag) by extension 'python_setup_py'
[0.145s] Level 1:colcon.colcon_core.package_identification:_identify(rosbag/avoidance_bag_29) by extensions ['ignore', 'ignore_ament_install']
[0.145s] Level 1:colcon.colcon_core.package_identification:_identify(rosbag/avoidance_bag_29) by extension 'ignore'
[0.145s] Level 1:colcon.colcon_core.package_identification:_identify(rosbag/avoidance_bag_29) by extension 'ignore_ament_install'
[0.145s] Level 1:colcon.colcon_core.package_identification:_identify(rosbag/avoidance_bag_29) by extensions ['colcon_pkg']
[0.145s] Level 1:colcon.colcon_core.package_identification:_identify(rosbag/avoidance_bag_29) by extension 'colcon_pkg'
[0.145s] Level 1:colcon.colcon_core.package_identification:_identify(rosbag/avoidance_bag_29) by extensions ['colcon_meta']
[0.145s] Level 1:colcon.colcon_core.package_identification:_identify(rosbag/avoidance_bag_29) by extension 'colcon_meta'
[0.145s] Level 1:colcon.colcon_core.package_identification:_identify(rosbag/avoidance_bag_29) by extensions ['ros']
[0.145s] Level 1:colcon.colcon_core.package_identification:_identify(rosbag/avoidance_bag_29) by extension 'ros'
[0.145s] Level 1:colcon.colcon_core.package_identification:_identify(rosbag/avoidance_bag_29) by extensions ['cmake', 'python']
[0.145s] Level 1:colcon.colcon_core.package_identification:_identify(rosbag/avoidance_bag_29) by extension 'cmake'
[0.145s] Level 1:colcon.colcon_core.package_identification:_identify(rosbag/avoidance_bag_29) by extension 'python'
[0.145s] Level 1:colcon.colcon_core.package_identification:_identify(rosbag/avoidance_bag_29) by extensions ['python_setup_py']
[0.145s] Level 1:colcon.colcon_core.package_identification:_identify(rosbag/avoidance_bag_29) by extension 'python_setup_py'
[0.145s] Level 1:colcon.colcon_core.package_identification:_identify(rosbag/avoidance_bag_39) by extensions ['ignore', 'ignore_ament_install']
[0.145s] Level 1:colcon.colcon_core.package_identification:_identify(rosbag/avoidance_bag_39) by extension 'ignore'
[0.145s] Level 1:colcon.colcon_core.package_identification:_identify(rosbag/avoidance_bag_39) by extension 'ignore_ament_install'
[0.145s] Level 1:colcon.colcon_core.package_identification:_identify(rosbag/avoidance_bag_39) by extensions ['colcon_pkg']
[0.145s] Level 1:colcon.colcon_core.package_identification:_identify(rosbag/avoidance_bag_39) by extension 'colcon_pkg'
[0.145s] Level 1:colcon.colcon_core.package_identification:_identify(rosbag/avoidance_bag_39) by extensions ['colcon_meta']
[0.145s] Level 1:colcon.colcon_core.package_identification:_identify(rosbag/avoidance_bag_39) by extension 'colcon_meta'
[0.145s] Level 1:colcon.colcon_core.package_identification:_identify(rosbag/avoidance_bag_39) by extensions ['ros']
[0.145s] Level 1:colcon.colcon_core.package_identification:_identify(rosbag/avoidance_bag_39) by extension 'ros'
[0.145s] Level 1:colcon.colcon_core.package_identification:_identify(rosbag/avoidance_bag_39) by extensions ['cmake', 'python']
[0.145s] Level 1:colcon.colcon_core.package_identification:_identify(rosbag/avoidance_bag_39) by extension 'cmake'
[0.145s] Level 1:colcon.colcon_core.package_identification:_identify(rosbag/avoidance_bag_39) by extension 'python'
[0.145s] Level 1:colcon.colcon_core.package_identification:_identify(rosbag/avoidance_bag_39) by extensions ['python_setup_py']
[0.145s] Level 1:colcon.colcon_core.package_identification:_identify(rosbag/avoidance_bag_39) by extension 'python_setup_py'
[0.145s] Level 1:colcon.colcon_core.package_identification:_identify(rosbag/avoidance_bag_42) by extensions ['ignore', 'ignore_ament_install']
[0.145s] Level 1:colcon.colcon_core.package_identification:_identify(rosbag/avoidance_bag_42) by extension 'ignore'
[0.145s] Level 1:colcon.colcon_core.package_identification:_identify(rosbag/avoidance_bag_42) by extension 'ignore_ament_install'
[0.145s] Level 1:colcon.colcon_core.package_identification:_identify(rosbag/avoidance_bag_42) by extensions ['colcon_pkg']
[0.145s] Level 1:colcon.colcon_core.package_identification:_identify(rosbag/avoidance_bag_42) by extension 'colcon_pkg'
[0.145s] Level 1:colcon.colcon_core.package_identification:_identify(rosbag/avoidance_bag_42) by extensions ['colcon_meta']
[0.145s] Level 1:colcon.colcon_core.package_identification:_identify(rosbag/avoidance_bag_42) by extension 'colcon_meta'
[0.145s] Level 1:colcon.colcon_core.package_identification:_identify(rosbag/avoidance_bag_42) by extensions ['ros']
[0.145s] Level 1:colcon.colcon_core.package_identification:_identify(rosbag/avoidance_bag_42) by extension 'ros'
[0.146s] Level 1:colcon.colcon_core.package_identification:_identify(rosbag/avoidance_bag_42) by extensions ['cmake', 'python']
[0.146s] Level 1:colcon.colcon_core.package_identification:_identify(rosbag/avoidance_bag_42) by extension 'cmake'
[0.146s] Level 1:colcon.colcon_core.package_identification:_identify(rosbag/avoidance_bag_42) by extension 'python'
[0.146s] Level 1:colcon.colcon_core.package_identification:_identify(rosbag/avoidance_bag_42) by extensions ['python_setup_py']
[0.146s] Level 1:colcon.colcon_core.package_identification:_identify(rosbag/avoidance_bag_42) by extension 'python_setup_py'
[0.146s] Level 1:colcon.colcon_core.package_identification:_identify(rosbag/avoidance_bag_59) by extensions ['ignore', 'ignore_ament_install']
[0.146s] Level 1:colcon.colcon_core.package_identification:_identify(rosbag/avoidance_bag_59) by extension 'ignore'
[0.146s] Level 1:colcon.colcon_core.package_identification:_identify(rosbag/avoidance_bag_59) by extension 'ignore_ament_install'
[0.146s] Level 1:colcon.colcon_core.package_identification:_identify(rosbag/avoidance_bag_59) by extensions ['colcon_pkg']
[0.146s] Level 1:colcon.colcon_core.package_identification:_identify(rosbag/avoidance_bag_59) by extension 'colcon_pkg'
[0.146s] Level 1:colcon.colcon_core.package_identification:_identify(rosbag/avoidance_bag_59) by extensions ['colcon_meta']
[0.146s] Level 1:colcon.colcon_core.package_identification:_identify(rosbag/avoidance_bag_59) by extension 'colcon_meta'
[0.146s] Level 1:colcon.colcon_core.package_identification:_identify(rosbag/avoidance_bag_59) by extensions ['ros']
[0.146s] Level 1:colcon.colcon_core.package_identification:_identify(rosbag/avoidance_bag_59) by extension 'ros'
[0.146s] Level 1:colcon.colcon_core.package_identification:_identify(rosbag/avoidance_bag_59) by extensions ['cmake', 'python']
[0.146s] Level 1:colcon.colcon_core.package_identification:_identify(rosbag/avoidance_bag_59) by extension 'cmake'
[0.146s] Level 1:colcon.colcon_core.package_identification:_identify(rosbag/avoidance_bag_59) by extension 'python'
[0.146s] Level 1:colcon.colcon_core.package_identification:_identify(rosbag/avoidance_bag_59) by extensions ['python_setup_py']
[0.146s] Level 1:colcon.colcon_core.package_identification:_identify(rosbag/avoidance_bag_59) by extension 'python_setup_py'
[0.146s] Level 1:colcon.colcon_core.package_identification:_identify(rosbag/avoidance_bag_60) by extensions ['ignore', 'ignore_ament_install']
[0.146s] Level 1:colcon.colcon_core.package_identification:_identify(rosbag/avoidance_bag_60) by extension 'ignore'
[0.146s] Level 1:colcon.colcon_core.package_identification:_identify(rosbag/avoidance_bag_60) by extension 'ignore_ament_install'
[0.146s] Level 1:colcon.colcon_core.package_identification:_identify(rosbag/avoidance_bag_60) by extensions ['colcon_pkg']
[0.146s] Level 1:colcon.colcon_core.package_identification:_identify(rosbag/avoidance_bag_60) by extension 'colcon_pkg'
[0.146s] Level 1:colcon.colcon_core.package_identification:_identify(rosbag/avoidance_bag_60) by extensions ['colcon_meta']
[0.146s] Level 1:colcon.colcon_core.package_identification:_identify(rosbag/avoidance_bag_60) by extension 'colcon_meta'
[0.146s] Level 1:colcon.colcon_core.package_identification:_identify(rosbag/avoidance_bag_60) by extensions ['ros']
[0.146s] Level 1:colcon.colcon_core.package_identification:_identify(rosbag/avoidance_bag_60) by extension 'ros'
[0.146s] Level 1:colcon.colcon_core.package_identification:_identify(rosbag/avoidance_bag_60) by extensions ['cmake', 'python']
[0.146s] Level 1:colcon.colcon_core.package_identification:_identify(rosbag/avoidance_bag_60) by extension 'cmake'
[0.146s] Level 1:colcon.colcon_core.package_identification:_identify(rosbag/avoidance_bag_60) by extension 'python'
[0.146s] Level 1:colcon.colcon_core.package_identification:_identify(rosbag/avoidance_bag_60) by extensions ['python_setup_py']
[0.146s] Level 1:colcon.colcon_core.package_identification:_identify(rosbag/avoidance_bag_60) by extension 'python_setup_py'
[0.146s] Level 1:colcon.colcon_core.package_identification:_identify(rosbag/avoidance_bag_61) by extensions ['ignore', 'ignore_ament_install']
[0.146s] Level 1:colcon.colcon_core.package_identification:_identify(rosbag/avoidance_bag_61) by extension 'ignore'
[0.146s] Level 1:colcon.colcon_core.package_identification:_identify(rosbag/avoidance_bag_61) by extension 'ignore_ament_install'
[0.146s] Level 1:colcon.colcon_core.package_identification:_identify(rosbag/avoidance_bag_61) by extensions ['colcon_pkg']
[0.146s] Level 1:colcon.colcon_core.package_identification:_identify(rosbag/avoidance_bag_61) by extension 'colcon_pkg'
[0.146s] Level 1:colcon.colcon_core.package_identification:_identify(rosbag/avoidance_bag_61) by extensions ['colcon_meta']
[0.146s] Level 1:colcon.colcon_core.package_identification:_identify(rosbag/avoidance_bag_61) by extension 'colcon_meta'
[0.146s] Level 1:colcon.colcon_core.package_identification:_identify(rosbag/avoidance_bag_61) by extensions ['ros']
[0.146s] Level 1:colcon.colcon_core.package_identification:_identify(rosbag/avoidance_bag_61) by extension 'ros'
[0.146s] Level 1:colcon.colcon_core.package_identification:_identify(rosbag/avoidance_bag_61) by extensions ['cmake', 'python']
[0.146s] Level 1:colcon.colcon_core.package_identification:_identify(rosbag/avoidance_bag_61) by extension 'cmake'
[0.146s] Level 1:colcon.colcon_core.package_identification:_identify(rosbag/avoidance_bag_61) by extension 'python'
[0.146s] Level 1:colcon.colcon_core.package_identification:_identify(rosbag/avoidance_bag_61) by extensions ['python_setup_py']
[0.146s] Level 1:colcon.colcon_core.package_identification:_identify(rosbag/avoidance_bag_61) by extension 'python_setup_py'
[0.146s] Level 1:colcon.colcon_core.package_identification:_identify(rosbag/avoidance_bag_62) by extensions ['ignore', 'ignore_ament_install']
[0.146s] Level 1:colcon.colcon_core.package_identification:_identify(rosbag/avoidance_bag_62) by extension 'ignore'
[0.146s] Level 1:colcon.colcon_core.package_identification:_identify(rosbag/avoidance_bag_62) by extension 'ignore_ament_install'
[0.146s] Level 1:colcon.colcon_core.package_identification:_identify(rosbag/avoidance_bag_62) by extensions ['colcon_pkg']
[0.146s] Level 1:colcon.colcon_core.package_identification:_identify(rosbag/avoidance_bag_62) by extension 'colcon_pkg'
[0.146s] Level 1:colcon.colcon_core.package_identification:_identify(rosbag/avoidance_bag_62) by extensions ['colcon_meta']
[0.146s] Level 1:colcon.colcon_core.package_identification:_identify(rosbag/avoidance_bag_62) by extension 'colcon_meta'
[0.147s] Level 1:colcon.colcon_core.package_identification:_identify(rosbag/avoidance_bag_62) by extensions ['ros']
[0.147s] Level 1:colcon.colcon_core.package_identification:_identify(rosbag/avoidance_bag_62) by extension 'ros'
[0.147s] Level 1:colcon.colcon_core.package_identification:_identify(rosbag/avoidance_bag_62) by extensions ['cmake', 'python']
[0.147s] Level 1:colcon.colcon_core.package_identification:_identify(rosbag/avoidance_bag_62) by extension 'cmake'
[0.147s] Level 1:colcon.colcon_core.package_identification:_identify(rosbag/avoidance_bag_62) by extension 'python'
[0.147s] Level 1:colcon.colcon_core.package_identification:_identify(rosbag/avoidance_bag_62) by extensions ['python_setup_py']
[0.147s] Level 1:colcon.colcon_core.package_identification:_identify(rosbag/avoidance_bag_62) by extension 'python_setup_py'
[0.147s] Level 1:colcon.colcon_core.package_identification:_identify(rosbag/avoidance_bag_63) by extensions ['ignore', 'ignore_ament_install']
[0.147s] Level 1:colcon.colcon_core.package_identification:_identify(rosbag/avoidance_bag_63) by extension 'ignore'
[0.147s] Level 1:colcon.colcon_core.package_identification:_identify(rosbag/avoidance_bag_63) by extension 'ignore_ament_install'
[0.147s] Level 1:colcon.colcon_core.package_identification:_identify(rosbag/avoidance_bag_63) by extensions ['colcon_pkg']
[0.147s] Level 1:colcon.colcon_core.package_identification:_identify(rosbag/avoidance_bag_63) by extension 'colcon_pkg'
[0.147s] Level 1:colcon.colcon_core.package_identification:_identify(rosbag/avoidance_bag_63) by extensions ['colcon_meta']
[0.147s] Level 1:colcon.colcon_core.package_identification:_identify(rosbag/avoidance_bag_63) by extension 'colcon_meta'
[0.147s] Level 1:colcon.colcon_core.package_identification:_identify(rosbag/avoidance_bag_63) by extensions ['ros']
[0.147s] Level 1:colcon.colcon_core.package_identification:_identify(rosbag/avoidance_bag_63) by extension 'ros'
[0.147s] Level 1:colcon.colcon_core.package_identification:_identify(rosbag/avoidance_bag_63) by extensions ['cmake', 'python']
[0.147s] Level 1:colcon.colcon_core.package_identification:_identify(rosbag/avoidance_bag_63) by extension 'cmake'
[0.147s] Level 1:colcon.colcon_core.package_identification:_identify(rosbag/avoidance_bag_63) by extension 'python'
[0.147s] Level 1:colcon.colcon_core.package_identification:_identify(rosbag/avoidance_bag_63) by extensions ['python_setup_py']
[0.147s] Level 1:colcon.colcon_core.package_identification:_identify(rosbag/avoidance_bag_63) by extension 'python_setup_py'
[0.147s] Level 1:colcon.colcon_core.package_identification:_identify(rosbag/avoidance_bag_64) by extensions ['ignore', 'ignore_ament_install']
[0.147s] Level 1:colcon.colcon_core.package_identification:_identify(rosbag/avoidance_bag_64) by extension 'ignore'
[0.147s] Level 1:colcon.colcon_core.package_identification:_identify(rosbag/avoidance_bag_64) by extension 'ignore_ament_install'
[0.147s] Level 1:colcon.colcon_core.package_identification:_identify(rosbag/avoidance_bag_64) by extensions ['colcon_pkg']
[0.147s] Level 1:colcon.colcon_core.package_identification:_identify(rosbag/avoidance_bag_64) by extension 'colcon_pkg'
[0.147s] Level 1:colcon.colcon_core.package_identification:_identify(rosbag/avoidance_bag_64) by extensions ['colcon_meta']
[0.147s] Level 1:colcon.colcon_core.package_identification:_identify(rosbag/avoidance_bag_64) by extension 'colcon_meta'
[0.147s] Level 1:colcon.colcon_core.package_identification:_identify(rosbag/avoidance_bag_64) by extensions ['ros']
[0.147s] Level 1:colcon.colcon_core.package_identification:_identify(rosbag/avoidance_bag_64) by extension 'ros'
[0.147s] Level 1:colcon.colcon_core.package_identification:_identify(rosbag/avoidance_bag_64) by extensions ['cmake', 'python']
[0.147s] Level 1:colcon.colcon_core.package_identification:_identify(rosbag/avoidance_bag_64) by extension 'cmake'
[0.147s] Level 1:colcon.colcon_core.package_identification:_identify(rosbag/avoidance_bag_64) by extension 'python'
[0.147s] Level 1:colcon.colcon_core.package_identification:_identify(rosbag/avoidance_bag_64) by extensions ['python_setup_py']
[0.147s] Level 1:colcon.colcon_core.package_identification:_identify(rosbag/avoidance_bag_64) by extension 'python_setup_py'
[0.147s] Level 1:colcon.colcon_core.package_identification:_identify(rosbag/avoidance_bag_65) by extensions ['ignore', 'ignore_ament_install']
[0.147s] Level 1:colcon.colcon_core.package_identification:_identify(rosbag/avoidance_bag_65) by extension 'ignore'
[0.147s] Level 1:colcon.colcon_core.package_identification:_identify(rosbag/avoidance_bag_65) by extension 'ignore_ament_install'
[0.147s] Level 1:colcon.colcon_core.package_identification:_identify(rosbag/avoidance_bag_65) by extensions ['colcon_pkg']
[0.147s] Level 1:colcon.colcon_core.package_identification:_identify(rosbag/avoidance_bag_65) by extension 'colcon_pkg'
[0.147s] Level 1:colcon.colcon_core.package_identification:_identify(rosbag/avoidance_bag_65) by extensions ['colcon_meta']
[0.147s] Level 1:colcon.colcon_core.package_identification:_identify(rosbag/avoidance_bag_65) by extension 'colcon_meta'
[0.147s] Level 1:colcon.colcon_core.package_identification:_identify(rosbag/avoidance_bag_65) by extensions ['ros']
[0.147s] Level 1:colcon.colcon_core.package_identification:_identify(rosbag/avoidance_bag_65) by extension 'ros'
[0.147s] Level 1:colcon.colcon_core.package_identification:_identify(rosbag/avoidance_bag_65) by extensions ['cmake', 'python']
[0.147s] Level 1:colcon.colcon_core.package_identification:_identify(rosbag/avoidance_bag_65) by extension 'cmake'
[0.147s] Level 1:colcon.colcon_core.package_identification:_identify(rosbag/avoidance_bag_65) by extension 'python'
[0.147s] Level 1:colcon.colcon_core.package_identification:_identify(rosbag/avoidance_bag_65) by extensions ['python_setup_py']
[0.147s] Level 1:colcon.colcon_core.package_identification:_identify(rosbag/avoidance_bag_65) by extension 'python_setup_py'
[0.147s] Level 1:colcon.colcon_core.package_identification:_identify(rosbag/avoidance_bag_66) by extensions ['ignore', 'ignore_ament_install']
[0.147s] Level 1:colcon.colcon_core.package_identification:_identify(rosbag/avoidance_bag_66) by extension 'ignore'
[0.147s] Level 1:colcon.colcon_core.package_identification:_identify(rosbag/avoidance_bag_66) by extension 'ignore_ament_install'
[0.147s] Level 1:colcon.colcon_core.package_identification:_identify(rosbag/avoidance_bag_66) by extensions ['colcon_pkg']
[0.147s] Level 1:colcon.colcon_core.package_identification:_identify(rosbag/avoidance_bag_66) by extension 'colcon_pkg'
[0.147s] Level 1:colcon.colcon_core.package_identification:_identify(rosbag/avoidance_bag_66) by extensions ['colcon_meta']
[0.147s] Level 1:colcon.colcon_core.package_identification:_identify(rosbag/avoidance_bag_66) by extension 'colcon_meta'
[0.147s] Level 1:colcon.colcon_core.package_identification:_identify(rosbag/avoidance_bag_66) by extensions ['ros']
[0.147s] Level 1:colcon.colcon_core.package_identification:_identify(rosbag/avoidance_bag_66) by extension 'ros'
[0.148s] Level 1:colcon.colcon_core.package_identification:_identify(rosbag/avoidance_bag_66) by extensions ['cmake', 'python']
[0.148s] Level 1:colcon.colcon_core.package_identification:_identify(rosbag/avoidance_bag_66) by extension 'cmake'
[0.148s] Level 1:colcon.colcon_core.package_identification:_identify(rosbag/avoidance_bag_66) by extension 'python'
[0.148s] Level 1:colcon.colcon_core.package_identification:_identify(rosbag/avoidance_bag_66) by extensions ['python_setup_py']
[0.148s] Level 1:colcon.colcon_core.package_identification:_identify(rosbag/avoidance_bag_66) by extension 'python_setup_py'
[0.148s] Level 1:colcon.colcon_core.package_identification:_identify(rosbag/avoidance_bag_67) by extensions ['ignore', 'ignore_ament_install']
[0.148s] Level 1:colcon.colcon_core.package_identification:_identify(rosbag/avoidance_bag_67) by extension 'ignore'
[0.148s] Level 1:colcon.colcon_core.package_identification:_identify(rosbag/avoidance_bag_67) by extension 'ignore_ament_install'
[0.148s] Level 1:colcon.colcon_core.package_identification:_identify(rosbag/avoidance_bag_67) by extensions ['colcon_pkg']
[0.148s] Level 1:colcon.colcon_core.package_identification:_identify(rosbag/avoidance_bag_67) by extension 'colcon_pkg'
[0.148s] Level 1:colcon.colcon_core.package_identification:_identify(rosbag/avoidance_bag_67) by extensions ['colcon_meta']
[0.148s] Level 1:colcon.colcon_core.package_identification:_identify(rosbag/avoidance_bag_67) by extension 'colcon_meta'
[0.148s] Level 1:colcon.colcon_core.package_identification:_identify(rosbag/avoidance_bag_67) by extensions ['ros']
[0.148s] Level 1:colcon.colcon_core.package_identification:_identify(rosbag/avoidance_bag_67) by extension 'ros'
[0.148s] Level 1:colcon.colcon_core.package_identification:_identify(rosbag/avoidance_bag_67) by extensions ['cmake', 'python']
[0.148s] Level 1:colcon.colcon_core.package_identification:_identify(rosbag/avoidance_bag_67) by extension 'cmake'
[0.148s] Level 1:colcon.colcon_core.package_identification:_identify(rosbag/avoidance_bag_67) by extension 'python'
[0.148s] Level 1:colcon.colcon_core.package_identification:_identify(rosbag/avoidance_bag_67) by extensions ['python_setup_py']
[0.148s] Level 1:colcon.colcon_core.package_identification:_identify(rosbag/avoidance_bag_67) by extension 'python_setup_py'
[0.148s] Level 1:colcon.colcon_core.package_identification:_identify(rosbag/avoidance_bag_69) by extensions ['ignore', 'ignore_ament_install']
[0.148s] Level 1:colcon.colcon_core.package_identification:_identify(rosbag/avoidance_bag_69) by extension 'ignore'
[0.148s] Level 1:colcon.colcon_core.package_identification:_identify(rosbag/avoidance_bag_69) by extension 'ignore_ament_install'
[0.148s] Level 1:colcon.colcon_core.package_identification:_identify(rosbag/avoidance_bag_69) by extensions ['colcon_pkg']
[0.148s] Level 1:colcon.colcon_core.package_identification:_identify(rosbag/avoidance_bag_69) by extension 'colcon_pkg'
[0.148s] Level 1:colcon.colcon_core.package_identification:_identify(rosbag/avoidance_bag_69) by extensions ['colcon_meta']
[0.148s] Level 1:colcon.colcon_core.package_identification:_identify(rosbag/avoidance_bag_69) by extension 'colcon_meta'
[0.148s] Level 1:colcon.colcon_core.package_identification:_identify(rosbag/avoidance_bag_69) by extensions ['ros']
[0.148s] Level 1:colcon.colcon_core.package_identification:_identify(rosbag/avoidance_bag_69) by extension 'ros'
[0.148s] Level 1:colcon.colcon_core.package_identification:_identify(rosbag/avoidance_bag_69) by extensions ['cmake', 'python']
[0.148s] Level 1:colcon.colcon_core.package_identification:_identify(rosbag/avoidance_bag_69) by extension 'cmake'
[0.148s] Level 1:colcon.colcon_core.package_identification:_identify(rosbag/avoidance_bag_69) by extension 'python'
[0.148s] Level 1:colcon.colcon_core.package_identification:_identify(rosbag/avoidance_bag_69) by extensions ['python_setup_py']
[0.148s] Level 1:colcon.colcon_core.package_identification:_identify(rosbag/avoidance_bag_69) by extension 'python_setup_py'
[0.148s] Level 1:colcon.colcon_core.package_identification:_identify(rosbag/avoidance_bag_70) by extensions ['ignore', 'ignore_ament_install']
[0.148s] Level 1:colcon.colcon_core.package_identification:_identify(rosbag/avoidance_bag_70) by extension 'ignore'
[0.148s] Level 1:colcon.colcon_core.package_identification:_identify(rosbag/avoidance_bag_70) by extension 'ignore_ament_install'
[0.148s] Level 1:colcon.colcon_core.package_identification:_identify(rosbag/avoidance_bag_70) by extensions ['colcon_pkg']
[0.148s] Level 1:colcon.colcon_core.package_identification:_identify(rosbag/avoidance_bag_70) by extension 'colcon_pkg'
[0.148s] Level 1:colcon.colcon_core.package_identification:_identify(rosbag/avoidance_bag_70) by extensions ['colcon_meta']
[0.148s] Level 1:colcon.colcon_core.package_identification:_identify(rosbag/avoidance_bag_70) by extension 'colcon_meta'
[0.148s] Level 1:colcon.colcon_core.package_identification:_identify(rosbag/avoidance_bag_70) by extensions ['ros']
[0.148s] Level 1:colcon.colcon_core.package_identification:_identify(rosbag/avoidance_bag_70) by extension 'ros'
[0.148s] Level 1:colcon.colcon_core.package_identification:_identify(rosbag/avoidance_bag_70) by extensions ['cmake', 'python']
[0.148s] Level 1:colcon.colcon_core.package_identification:_identify(rosbag/avoidance_bag_70) by extension 'cmake'
[0.148s] Level 1:colcon.colcon_core.package_identification:_identify(rosbag/avoidance_bag_70) by extension 'python'
[0.148s] Level 1:colcon.colcon_core.package_identification:_identify(rosbag/avoidance_bag_70) by extensions ['python_setup_py']
[0.148s] Level 1:colcon.colcon_core.package_identification:_identify(rosbag/avoidance_bag_70) by extension 'python_setup_py'
[0.148s] Level 1:colcon.colcon_core.package_identification:_identify(rosbag/avoidance_bag_71) by extensions ['ignore', 'ignore_ament_install']
[0.148s] Level 1:colcon.colcon_core.package_identification:_identify(rosbag/avoidance_bag_71) by extension 'ignore'
[0.148s] Level 1:colcon.colcon_core.package_identification:_identify(rosbag/avoidance_bag_71) by extension 'ignore_ament_install'
[0.148s] Level 1:colcon.colcon_core.package_identification:_identify(rosbag/avoidance_bag_71) by extensions ['colcon_pkg']
[0.148s] Level 1:colcon.colcon_core.package_identification:_identify(rosbag/avoidance_bag_71) by extension 'colcon_pkg'
[0.148s] Level 1:colcon.colcon_core.package_identification:_identify(rosbag/avoidance_bag_71) by extensions ['colcon_meta']
[0.148s] Level 1:colcon.colcon_core.package_identification:_identify(rosbag/avoidance_bag_71) by extension 'colcon_meta'
[0.148s] Level 1:colcon.colcon_core.package_identification:_identify(rosbag/avoidance_bag_71) by extensions ['ros']
[0.148s] Level 1:colcon.colcon_core.package_identification:_identify(rosbag/avoidance_bag_71) by extension 'ros'
[0.149s] Level 1:colcon.colcon_core.package_identification:_identify(rosbag/avoidance_bag_71) by extensions ['cmake', 'python']
[0.149s] Level 1:colcon.colcon_core.package_identification:_identify(rosbag/avoidance_bag_71) by extension 'cmake'
[0.149s] Level 1:colcon.colcon_core.package_identification:_identify(rosbag/avoidance_bag_71) by extension 'python'
[0.149s] Level 1:colcon.colcon_core.package_identification:_identify(rosbag/avoidance_bag_71) by extensions ['python_setup_py']
[0.149s] Level 1:colcon.colcon_core.package_identification:_identify(rosbag/avoidance_bag_71) by extension 'python_setup_py'
[0.149s] Level 1:colcon.colcon_core.package_identification:_identify(rosbag/avoidance_bag_72) by extensions ['ignore', 'ignore_ament_install']
[0.149s] Level 1:colcon.colcon_core.package_identification:_identify(rosbag/avoidance_bag_72) by extension 'ignore'
[0.149s] Level 1:colcon.colcon_core.package_identification:_identify(rosbag/avoidance_bag_72) by extension 'ignore_ament_install'
[0.149s] Level 1:colcon.colcon_core.package_identification:_identify(rosbag/avoidance_bag_72) by extensions ['colcon_pkg']
[0.149s] Level 1:colcon.colcon_core.package_identification:_identify(rosbag/avoidance_bag_72) by extension 'colcon_pkg'
[0.149s] Level 1:colcon.colcon_core.package_identification:_identify(rosbag/avoidance_bag_72) by extensions ['colcon_meta']
[0.149s] Level 1:colcon.colcon_core.package_identification:_identify(rosbag/avoidance_bag_72) by extension 'colcon_meta'
[0.149s] Level 1:colcon.colcon_core.package_identification:_identify(rosbag/avoidance_bag_72) by extensions ['ros']
[0.149s] Level 1:colcon.colcon_core.package_identification:_identify(rosbag/avoidance_bag_72) by extension 'ros'
[0.149s] Level 1:colcon.colcon_core.package_identification:_identify(rosbag/avoidance_bag_72) by extensions ['cmake', 'python']
[0.149s] Level 1:colcon.colcon_core.package_identification:_identify(rosbag/avoidance_bag_72) by extension 'cmake'
[0.149s] Level 1:colcon.colcon_core.package_identification:_identify(rosbag/avoidance_bag_72) by extension 'python'
[0.149s] Level 1:colcon.colcon_core.package_identification:_identify(rosbag/avoidance_bag_72) by extensions ['python_setup_py']
[0.149s] Level 1:colcon.colcon_core.package_identification:_identify(rosbag/avoidance_bag_72) by extension 'python_setup_py'
[0.149s] Level 1:colcon.colcon_core.package_identification:_identify(rosbag/avoidance_bag_73) by extensions ['ignore', 'ignore_ament_install']
[0.149s] Level 1:colcon.colcon_core.package_identification:_identify(rosbag/avoidance_bag_73) by extension 'ignore'
[0.149s] Level 1:colcon.colcon_core.package_identification:_identify(rosbag/avoidance_bag_73) by extension 'ignore_ament_install'
[0.149s] Level 1:colcon.colcon_core.package_identification:_identify(rosbag/avoidance_bag_73) by extensions ['colcon_pkg']
[0.149s] Level 1:colcon.colcon_core.package_identification:_identify(rosbag/avoidance_bag_73) by extension 'colcon_pkg'
[0.149s] Level 1:colcon.colcon_core.package_identification:_identify(rosbag/avoidance_bag_73) by extensions ['colcon_meta']
[0.149s] Level 1:colcon.colcon_core.package_identification:_identify(rosbag/avoidance_bag_73) by extension 'colcon_meta'
[0.149s] Level 1:colcon.colcon_core.package_identification:_identify(rosbag/avoidance_bag_73) by extensions ['ros']
[0.149s] Level 1:colcon.colcon_core.package_identification:_identify(rosbag/avoidance_bag_73) by extension 'ros'
[0.149s] Level 1:colcon.colcon_core.package_identification:_identify(rosbag/avoidance_bag_73) by extensions ['cmake', 'python']
[0.149s] Level 1:colcon.colcon_core.package_identification:_identify(rosbag/avoidance_bag_73) by extension 'cmake'
[0.149s] Level 1:colcon.colcon_core.package_identification:_identify(rosbag/avoidance_bag_73) by extension 'python'
[0.149s] Level 1:colcon.colcon_core.package_identification:_identify(rosbag/avoidance_bag_73) by extensions ['python_setup_py']
[0.149s] Level 1:colcon.colcon_core.package_identification:_identify(rosbag/avoidance_bag_73) by extension 'python_setup_py'
[0.149s] Level 1:colcon.colcon_core.package_identification:_identify(rosbag/avoidance_bag_74) by extensions ['ignore', 'ignore_ament_install']
[0.149s] Level 1:colcon.colcon_core.package_identification:_identify(rosbag/avoidance_bag_74) by extension 'ignore'
[0.149s] Level 1:colcon.colcon_core.package_identification:_identify(rosbag/avoidance_bag_74) by extension 'ignore_ament_install'
[0.149s] Level 1:colcon.colcon_core.package_identification:_identify(rosbag/avoidance_bag_74) by extensions ['colcon_pkg']
[0.149s] Level 1:colcon.colcon_core.package_identification:_identify(rosbag/avoidance_bag_74) by extension 'colcon_pkg'
[0.149s] Level 1:colcon.colcon_core.package_identification:_identify(rosbag/avoidance_bag_74) by extensions ['colcon_meta']
[0.149s] Level 1:colcon.colcon_core.package_identification:_identify(rosbag/avoidance_bag_74) by extension 'colcon_meta'
[0.149s] Level 1:colcon.colcon_core.package_identification:_identify(rosbag/avoidance_bag_74) by extensions ['ros']
[0.149s] Level 1:colcon.colcon_core.package_identification:_identify(rosbag/avoidance_bag_74) by extension 'ros'
[0.149s] Level 1:colcon.colcon_core.package_identification:_identify(rosbag/avoidance_bag_74) by extensions ['cmake', 'python']
[0.149s] Level 1:colcon.colcon_core.package_identification:_identify(rosbag/avoidance_bag_74) by extension 'cmake'
[0.149s] Level 1:colcon.colcon_core.package_identification:_identify(rosbag/avoidance_bag_74) by extension 'python'
[0.149s] Level 1:colcon.colcon_core.package_identification:_identify(rosbag/avoidance_bag_74) by extensions ['python_setup_py']
[0.149s] Level 1:colcon.colcon_core.package_identification:_identify(rosbag/avoidance_bag_74) by extension 'python_setup_py'
[0.149s] Level 1:colcon.colcon_core.package_identification:_identify(rosbag/avoidance_bag_75) by extensions ['ignore', 'ignore_ament_install']
[0.149s] Level 1:colcon.colcon_core.package_identification:_identify(rosbag/avoidance_bag_75) by extension 'ignore'
[0.149s] Level 1:colcon.colcon_core.package_identification:_identify(rosbag/avoidance_bag_75) by extension 'ignore_ament_install'
[0.149s] Level 1:colcon.colcon_core.package_identification:_identify(rosbag/avoidance_bag_75) by extensions ['colcon_pkg']
[0.149s] Level 1:colcon.colcon_core.package_identification:_identify(rosbag/avoidance_bag_75) by extension 'colcon_pkg'
[0.149s] Level 1:colcon.colcon_core.package_identification:_identify(rosbag/avoidance_bag_75) by extensions ['colcon_meta']
[0.149s] Level 1:colcon.colcon_core.package_identification:_identify(rosbag/avoidance_bag_75) by extension 'colcon_meta'
[0.149s] Level 1:colcon.colcon_core.package_identification:_identify(rosbag/avoidance_bag_75) by extensions ['ros']
[0.149s] Level 1:colcon.colcon_core.package_identification:_identify(rosbag/avoidance_bag_75) by extension 'ros'
[0.150s] Level 1:colcon.colcon_core.package_identification:_identify(rosbag/avoidance_bag_75) by extensions ['cmake', 'python']
[0.150s] Level 1:colcon.colcon_core.package_identification:_identify(rosbag/avoidance_bag_75) by extension 'cmake'
[0.150s] Level 1:colcon.colcon_core.package_identification:_identify(rosbag/avoidance_bag_75) by extension 'python'
[0.150s] Level 1:colcon.colcon_core.package_identification:_identify(rosbag/avoidance_bag_75) by extensions ['python_setup_py']
[0.150s] Level 1:colcon.colcon_core.package_identification:_identify(rosbag/avoidance_bag_75) by extension 'python_setup_py'
[0.150s] Level 1:colcon.colcon_core.package_identification:_identify(rosbag/avoidance_bag_76) by extensions ['ignore', 'ignore_ament_install']
[0.150s] Level 1:colcon.colcon_core.package_identification:_identify(rosbag/avoidance_bag_76) by extension 'ignore'
[0.150s] Level 1:colcon.colcon_core.package_identification:_identify(rosbag/avoidance_bag_76) by extension 'ignore_ament_install'
[0.150s] Level 1:colcon.colcon_core.package_identification:_identify(rosbag/avoidance_bag_76) by extensions ['colcon_pkg']
[0.150s] Level 1:colcon.colcon_core.package_identification:_identify(rosbag/avoidance_bag_76) by extension 'colcon_pkg'
[0.150s] Level 1:colcon.colcon_core.package_identification:_identify(rosbag/avoidance_bag_76) by extensions ['colcon_meta']
[0.150s] Level 1:colcon.colcon_core.package_identification:_identify(rosbag/avoidance_bag_76) by extension 'colcon_meta'
[0.150s] Level 1:colcon.colcon_core.package_identification:_identify(rosbag/avoidance_bag_76) by extensions ['ros']
[0.150s] Level 1:colcon.colcon_core.package_identification:_identify(rosbag/avoidance_bag_76) by extension 'ros'
[0.150s] Level 1:colcon.colcon_core.package_identification:_identify(rosbag/avoidance_bag_76) by extensions ['cmake', 'python']
[0.150s] Level 1:colcon.colcon_core.package_identification:_identify(rosbag/avoidance_bag_76) by extension 'cmake'
[0.150s] Level 1:colcon.colcon_core.package_identification:_identify(rosbag/avoidance_bag_76) by extension 'python'
[0.150s] Level 1:colcon.colcon_core.package_identification:_identify(rosbag/avoidance_bag_76) by extensions ['python_setup_py']
[0.150s] Level 1:colcon.colcon_core.package_identification:_identify(rosbag/avoidance_bag_76) by extension 'python_setup_py'
[0.150s] Level 1:colcon.colcon_core.package_identification:_identify(rosbag/avoidance_bag_77) by extensions ['ignore', 'ignore_ament_install']
[0.150s] Level 1:colcon.colcon_core.package_identification:_identify(rosbag/avoidance_bag_77) by extension 'ignore'
[0.150s] Level 1:colcon.colcon_core.package_identification:_identify(rosbag/avoidance_bag_77) by extension 'ignore_ament_install'
[0.150s] Level 1:colcon.colcon_core.package_identification:_identify(rosbag/avoidance_bag_77) by extensions ['colcon_pkg']
[0.150s] Level 1:colcon.colcon_core.package_identification:_identify(rosbag/avoidance_bag_77) by extension 'colcon_pkg'
[0.150s] Level 1:colcon.colcon_core.package_identification:_identify(rosbag/avoidance_bag_77) by extensions ['colcon_meta']
[0.150s] Level 1:colcon.colcon_core.package_identification:_identify(rosbag/avoidance_bag_77) by extension 'colcon_meta'
[0.150s] Level 1:colcon.colcon_core.package_identification:_identify(rosbag/avoidance_bag_77) by extensions ['ros']
[0.150s] Level 1:colcon.colcon_core.package_identification:_identify(rosbag/avoidance_bag_77) by extension 'ros'
[0.150s] Level 1:colcon.colcon_core.package_identification:_identify(rosbag/avoidance_bag_77) by extensions ['cmake', 'python']
[0.150s] Level 1:colcon.colcon_core.package_identification:_identify(rosbag/avoidance_bag_77) by extension 'cmake'
[0.150s] Level 1:colcon.colcon_core.package_identification:_identify(rosbag/avoidance_bag_77) by extension 'python'
[0.150s] Level 1:colcon.colcon_core.package_identification:_identify(rosbag/avoidance_bag_77) by extensions ['python_setup_py']
[0.150s] Level 1:colcon.colcon_core.package_identification:_identify(rosbag/avoidance_bag_77) by extension 'python_setup_py'
[0.150s] Level 1:colcon.colcon_core.package_identification:_identify(src) by extensions ['ignore', 'ignore_ament_install']
[0.150s] Level 1:colcon.colcon_core.package_identification:_identify(src) by extension 'ignore'
[0.150s] Level 1:colcon.colcon_core.package_identification:_identify(src) by extension 'ignore_ament_install'
[0.150s] Level 1:colcon.colcon_core.package_identification:_identify(src) by extensions ['colcon_pkg']
[0.150s] Level 1:colcon.colcon_core.package_identification:_identify(src) by extension 'colcon_pkg'
[0.150s] Level 1:colcon.colcon_core.package_identification:_identify(src) by extensions ['colcon_meta']
[0.150s] Level 1:colcon.colcon_core.package_identification:_identify(src) by extension 'colcon_meta'
[0.150s] Level 1:colcon.colcon_core.package_identification:_identify(src) by extensions ['ros']
[0.150s] Level 1:colcon.colcon_core.package_identification:_identify(src) by extension 'ros'
[0.150s] Level 1:colcon.colcon_core.package_identification:_identify(src) by extensions ['cmake', 'python']
[0.150s] Level 1:colcon.colcon_core.package_identification:_identify(src) by extension 'cmake'
[0.150s] Level 1:colcon.colcon_core.package_identification:_identify(src) by extension 'python'
[0.150s] Level 1:colcon.colcon_core.package_identification:_identify(src) by extensions ['python_setup_py']
[0.150s] Level 1:colcon.colcon_core.package_identification:_identify(src) by extension 'python_setup_py'
[0.150s] Level 1:colcon.colcon_core.package_identification:_identify(src/amr_topology) by extensions ['ignore', 'ignore_ament_install']
[0.150s] Level 1:colcon.colcon_core.package_identification:_identify(src/amr_topology) by extension 'ignore'
[0.150s] Level 1:colcon.colcon_core.package_identification:_identify(src/amr_topology) by extension 'ignore_ament_install'
[0.150s] Level 1:colcon.colcon_core.package_identification:_identify(src/amr_topology) by extensions ['colcon_pkg']
[0.150s] Level 1:colcon.colcon_core.package_identification:_identify(src/amr_topology) by extension 'colcon_pkg'
[0.150s] Level 1:colcon.colcon_core.package_identification:_identify(src/amr_topology) by extensions ['colcon_meta']
[0.150s] Level 1:colcon.colcon_core.package_identification:_identify(src/amr_topology) by extension 'colcon_meta'
[0.150s] Level 1:colcon.colcon_core.package_identification:_identify(src/amr_topology) by extensions ['ros']
[0.151s] Level 1:colcon.colcon_core.package_identification:_identify(src/amr_topology) by extension 'ros'
[0.152s] DEBUG:colcon.colcon_core.package_identification:Package 'src/amr_topology' with type 'ros.ament_cmake' and name 'amr_topology'
[0.152s] Level 1:colcon.colcon_core.package_discovery:discover_packages(recursive) using defaults
[0.152s] Level 1:colcon.colcon_core.package_discovery:discover_packages(ignore) discover
[0.152s] Level 1:colcon.colcon_core.package_discovery:discover_packages(ignore) using defaults
[0.152s] Level 1:colcon.colcon_core.package_discovery:discover_packages(path) discover
[0.152s] Level 1:colcon.colcon_core.package_discovery:discover_packages(path) using defaults
[0.176s] Level 1:colcon.colcon_core.package_discovery:discover_packages(prefix_path) check parameters
[0.176s] Level 1:colcon.colcon_core.package_discovery:discover_packages(prefix_path) discover
[0.177s] DEBUG:colcon.colcon_installed_package_information.package_discovery:Found 1 installed packages in /home/lee/Downloads/Topology_Graph_test-main/install
[0.177s] DEBUG:colcon.colcon_installed_package_information.package_discovery:Found 2 installed packages in /home/lee/smart_car_ws/install
[0.178s] DEBUG:colcon.colcon_installed_package_information.package_discovery:Found 391 installed packages in /opt/ros/humble
[0.178s] Level 1:colcon.colcon_core.package_discovery:discover_packages(prefix_path) using defaults
[0.202s] Level 5:colcon.colcon_core.verb:set package 'amr_topology' build argument 'cmake_args' from command line to 'None'
[0.202s] Level 5:colcon.colcon_core.verb:set package 'amr_topology' build argument 'cmake_target' from command line to 'None'
[0.202s] Level 5:colcon.colcon_core.verb:set package 'amr_topology' build argument 'cmake_target_skip_unavailable' from command line to 'False'
[0.202s] Level 5:colcon.colcon_core.verb:set package 'amr_topology' build argument 'cmake_clean_cache' from command line to 'False'
[0.202s] Level 5:colcon.colcon_core.verb:set package 'amr_topology' build argument 'cmake_clean_first' from command line to 'False'
[0.202s] Level 5:colcon.colcon_core.verb:set package 'amr_topology' build argument 'cmake_force_configure' from command line to 'False'
[0.202s] Level 5:colcon.colcon_core.verb:set package 'amr_topology' build argument 'ament_cmake_args' from command line to 'None'
[0.202s] Level 5:colcon.colcon_core.verb:set package 'amr_topology' build argument 'catkin_cmake_args' from command line to 'None'
[0.202s] Level 5:colcon.colcon_core.verb:set package 'amr_topology' build argument 'catkin_skip_building_tests' from command line to 'False'
[0.202s] DEBUG:colcon.colcon_core.verb:Building package 'amr_topology' with the following arguments: {'ament_cmake_args': None, 'build_base': '/home/lee/Downloads/Topology_Graph_test-main/build/amr_topology', 'catkin_cmake_args': None, 'catkin_skip_building_tests': False, 'cmake_args': None, 'cmake_clean_cache': False, 'cmake_clean_first': False, 'cmake_force_configure': False, 'cmake_target': None, 'cmake_target_skip_unavailable': False, 'install_base': '/home/lee/Downloads/Topology_Graph_test-main/install/amr_topology', 'merge_install': False, 'path': '/home/lee/Downloads/Topology_Graph_test-main/src/amr_topology', 'symlink_install': False, 'test_result_base': None}
[0.202s] INFO:colcon.colcon_core.executor:Executing jobs using 'parallel' executor
[0.203s] DEBUG:colcon.colcon_parallel_executor.executor.parallel:run_until_complete
[0.203s] INFO:colcon.colcon_ros.task.ament_cmake.build:Building ROS package in '/home/lee/Downloads/Topology_Graph_test-main/src/amr_topology' with build type 'ament_cmake'
[0.203s] INFO:colcon.colcon_cmake.task.cmake.build:Building CMake package in '/home/lee/Downloads/Topology_Graph_test-main/src/amr_topology'
[0.205s] INFO:colcon.colcon_core.plugin_system:Skipping extension 'colcon_core.shell.bat': Not used on non-Windows systems
[0.205s] INFO:colcon.colcon_core.shell:Skip shell extension 'powershell' for command environment: Not usable outside of PowerShell
[0.205s] DEBUG:colcon.colcon_core.shell:Skip shell extension 'dsv' for command environment
[0.212s] DEBUG:colcon.colcon_core.event_handler.log_command:Invoking command in '/home/lee/Downloads/Topology_Graph_test-main/build/amr_topology': CMAKE_PREFIX_PATH=${CMAKE_PREFIX_PATH}:/home/lee/smart_car_ws/install/smart_car_py_pkg:/opt/ros/humble /usr/bin/cmake --build /home/lee/Downloads/Topology_Graph_test-main/build/amr_topology -- -j16 -l16
[9.488s] DEBUG:colcon.colcon_core.event_handler.log_command:Invoked command in '/home/lee/Downloads/Topology_Graph_test-main/build/amr_topology' returned '0': CMAKE_PREFIX_PATH=${CMAKE_PREFIX_PATH}:/home/lee/smart_car_ws/install/smart_car_py_pkg:/opt/ros/humble /usr/bin/cmake --build /home/lee/Downloads/Topology_Graph_test-main/build/amr_topology -- -j16 -l16
[9.495s] DEBUG:colcon.colcon_core.event_handler.log_command:Invoking command in '/home/lee/Downloads/Topology_Graph_test-main/build/amr_topology': CMAKE_PREFIX_PATH=${CMAKE_PREFIX_PATH}:/home/lee/smart_car_ws/install/smart_car_py_pkg:/opt/ros/humble /usr/bin/cmake --install /home/lee/Downloads/Topology_Graph_test-main/build/amr_topology
[9.507s] Level 1:colcon.colcon_core.environment:create_environment_scripts_only(amr_topology)
[9.507s] DEBUG:colcon.colcon_core.event_handler.log_command:Invoked command in '/home/lee/Downloads/Topology_Graph_test-main/build/amr_topology' returned '0': CMAKE_PREFIX_PATH=${CMAKE_PREFIX_PATH}:/home/lee/smart_car_ws/install/smart_car_py_pkg:/opt/ros/humble /usr/bin/cmake --install /home/lee/Downloads/Topology_Graph_test-main/build/amr_topology
[9.508s] Level 1:colcon.colcon_core.environment:checking '/home/lee/Downloads/Topology_Graph_test-main/install/amr_topology' for CMake module files
[9.509s] Level 1:colcon.colcon_core.environment:checking '/home/lee/Downloads/Topology_Graph_test-main/install/amr_topology' for CMake config files
[9.509s] Level 1:colcon.colcon_core.shell:create_environment_hook('amr_topology', 'cmake_prefix_path')
[9.509s] INFO:colcon.colcon_core.shell:Creating environment hook '/home/lee/Downloads/Topology_Graph_test-main/install/amr_topology/share/amr_topology/hook/cmake_prefix_path.ps1'
[9.509s] INFO:colcon.colcon_core.shell:Creating environment descriptor '/home/lee/Downloads/Topology_Graph_test-main/install/amr_topology/share/amr_topology/hook/cmake_prefix_path.dsv'
[9.509s] INFO:colcon.colcon_core.shell:Creating environment hook '/home/lee/Downloads/Topology_Graph_test-main/install/amr_topology/share/amr_topology/hook/cmake_prefix_path.sh'
[9.510s] Level 1:colcon.colcon_core.environment:checking '/home/lee/Downloads/Topology_Graph_test-main/install/amr_topology/lib'
[9.510s] Level 1:colcon.colcon_core.environment:checking '/home/lee/Downloads/Topology_Graph_test-main/install/amr_topology/bin'
[9.510s] Level 1:colcon.colcon_core.environment:checking '/home/lee/Downloads/Topology_Graph_test-main/install/amr_topology/lib/pkgconfig/amr_topology.pc'
[9.510s] Level 1:colcon.colcon_core.environment:checking '/home/lee/Downloads/Topology_Graph_test-main/install/amr_topology/lib/python3.10/site-packages'
[9.510s] Level 1:colcon.colcon_core.environment:checking '/home/lee/Downloads/Topology_Graph_test-main/install/amr_topology/bin'
[9.510s] INFO:colcon.colcon_core.shell:Creating package script '/home/lee/Downloads/Topology_Graph_test-main/install/amr_topology/share/amr_topology/package.ps1'
[9.511s] INFO:colcon.colcon_core.shell:Creating package descriptor '/home/lee/Downloads/Topology_Graph_test-main/install/amr_topology/share/amr_topology/package.dsv'
[9.511s] INFO:colcon.colcon_core.shell:Creating package script '/home/lee/Downloads/Topology_Graph_test-main/install/amr_topology/share/amr_topology/package.sh'
[9.512s] INFO:colcon.colcon_core.shell:Creating package script '/home/lee/Downloads/Topology_Graph_test-main/install/amr_topology/share/amr_topology/package.bash'
[9.512s] INFO:colcon.colcon_core.shell:Creating package script '/home/lee/Downloads/Topology_Graph_test-main/install/amr_topology/share/amr_topology/package.zsh'
[9.512s] Level 1:colcon.colcon_core.environment:create_file_with_runtime_dependencies(/home/lee/Downloads/Topology_Graph_test-main/install/amr_topology/share/colcon-core/packages/amr_topology)
[9.513s] Level 1:colcon.colcon_core.environment:create_environment_scripts_only(amr_topology)
[9.513s] Level 1:colcon.colcon_core.environment:checking '/home/lee/Downloads/Topology_Graph_test-main/install/amr_topology' for CMake module files
[9.513s] Level 1:colcon.colcon_core.environment:checking '/home/lee/Downloads/Topology_Graph_test-main/install/amr_topology' for CMake config files
[9.513s] Level 1:colcon.colcon_core.shell:create_environment_hook('amr_topology', 'cmake_prefix_path')
[9.513s] INFO:colcon.colcon_core.shell:Creating environment hook '/home/lee/Downloads/Topology_Graph_test-main/install/amr_topology/share/amr_topology/hook/cmake_prefix_path.ps1'
[9.513s] INFO:colcon.colcon_core.shell:Creating environment descriptor '/home/lee/Downloads/Topology_Graph_test-main/install/amr_topology/share/amr_topology/hook/cmake_prefix_path.dsv'
[9.513s] INFO:colcon.colcon_core.shell:Creating environment hook '/home/lee/Downloads/Topology_Graph_test-main/install/amr_topology/share/amr_topology/hook/cmake_prefix_path.sh'
[9.514s] Level 1:colcon.colcon_core.environment:checking '/home/lee/Downloads/Topology_Graph_test-main/install/amr_topology/lib'
[9.514s] Level 1:colcon.colcon_core.environment:checking '/home/lee/Downloads/Topology_Graph_test-main/install/amr_topology/bin'
[9.514s] Level 1:colcon.colcon_core.environment:checking '/home/lee/Downloads/Topology_Graph_test-main/install/amr_topology/lib/pkgconfig/amr_topology.pc'
[9.514s] Level 1:colcon.colcon_core.environment:checking '/home/lee/Downloads/Topology_Graph_test-main/install/amr_topology/lib/python3.10/site-packages'
[9.514s] Level 1:colcon.colcon_core.environment:checking '/home/lee/Downloads/Topology_Graph_test-main/install/amr_topology/bin'
[9.514s] INFO:colcon.colcon_core.shell:Creating package script '/home/lee/Downloads/Topology_Graph_test-main/install/amr_topology/share/amr_topology/package.ps1'
[9.514s] INFO:colcon.colcon_core.shell:Creating package descriptor '/home/lee/Downloads/Topology_Graph_test-main/install/amr_topology/share/amr_topology/package.dsv'
[9.515s] INFO:colcon.colcon_core.shell:Creating package script '/home/lee/Downloads/Topology_Graph_test-main/install/amr_topology/share/amr_topology/package.sh'
[9.515s] INFO:colcon.colcon_core.shell:Creating package script '/home/lee/Downloads/Topology_Graph_test-main/install/amr_topology/share/amr_topology/package.bash'
[9.515s] INFO:colcon.colcon_core.shell:Creating package script '/home/lee/Downloads/Topology_Graph_test-main/install/amr_topology/share/amr_topology/package.zsh'
[9.515s] Level 1:colcon.colcon_core.environment:create_file_with_runtime_dependencies(/home/lee/Downloads/Topology_Graph_test-main/install/amr_topology/share/colcon-core/packages/amr_topology)
[9.515s] DEBUG:colcon.colcon_parallel_executor.executor.parallel:closing loop
[9.515s] DEBUG:colcon.colcon_parallel_executor.executor.parallel:loop closed
[9.516s] DEBUG:colcon.colcon_parallel_executor.executor.parallel:run_until_complete finished with '0'
[9.516s] DEBUG:colcon.colcon_core.event_reactor:joining thread
[9.518s] INFO:colcon.colcon_core.plugin_system:Skipping extension 'colcon_notification.desktop_notification.terminal_notifier': Not used on non-Darwin systems
[9.518s] INFO:colcon.colcon_core.plugin_system:Skipping extension 'colcon_notification.desktop_notification.win32': Not used on non-Windows systems
[9.518s] INFO:colcon.colcon_notification.desktop_notification:Sending desktop notification using 'notify2'
[9.518s] DEBUG:colcon.colcon_notification.desktop_notification.notify2:Failed to initialize notify2: org.freedesktop.DBus.Error.AccessDenied: Failed to connect to socket /run/user/1000/bus: Operation not permitted
[9.518s] DEBUG:colcon.colcon_core.event_reactor:joined thread
[9.519s] INFO:colcon.colcon_core.shell:Creating prefix script '/home/lee/Downloads/Topology_Graph_test-main/install/local_setup.ps1'
[9.520s] INFO:colcon.colcon_core.shell:Creating prefix util module '/home/lee/Downloads/Topology_Graph_test-main/install/_local_setup_util_ps1.py'
[9.520s] INFO:colcon.colcon_core.shell:Creating prefix chain script '/home/lee/Downloads/Topology_Graph_test-main/install/setup.ps1'
[9.521s] INFO:colcon.colcon_core.shell:Creating prefix script '/home/lee/Downloads/Topology_Graph_test-main/install/local_setup.sh'
[9.521s] INFO:colcon.colcon_core.shell:Creating prefix util module '/home/lee/Downloads/Topology_Graph_test-main/install/_local_setup_util_sh.py'
[9.521s] INFO:colcon.colcon_core.shell:Creating prefix chain script '/home/lee/Downloads/Topology_Graph_test-main/install/setup.sh'
[9.522s] INFO:colcon.colcon_core.shell:Creating prefix script '/home/lee/Downloads/Topology_Graph_test-main/install/local_setup.bash'
[9.522s] INFO:colcon.colcon_core.shell:Creating prefix chain script '/home/lee/Downloads/Topology_Graph_test-main/install/setup.bash'
[9.523s] INFO:colcon.colcon_core.shell:Creating prefix script '/home/lee/Downloads/Topology_Graph_test-main/install/local_setup.zsh'
[9.523s] INFO:colcon.colcon_core.shell:Creating prefix chain script '/home/lee/Downloads/Topology_Graph_test-main/install/setup.zsh'
