[0.008s] Invoking command in '/home/lee/Downloads/Topology_Graph_test-main/build/amr_topology': CMAKE_PREFIX_PATH=${CMAKE_PREFIX_PATH}:/home/lee/smart_car_ws/install/smart_car_py_pkg:/opt/ros/humble /usr/bin/cmake --build /home/lee/Downloads/Topology_Graph_test-main/build/amr_topology -- -j16 -l16
[0.042s] Consolidate compiler generated dependencies of target mission_loop
[0.048s] [ 57%] Built target topology_follower
[0.048s] [ 57%] Built target rc_car_follower_node
[0.051s] [ 71%] Building CXX object CMakeFiles/mission_loop.dir/src/mission_loop.cpp.o
[13.143s] [ 85%] Linking CXX executable mission_loop
[13.878s] [100%] Built target mission_loop
[14.040s] Invoked command in '/home/lee/Downloads/Topology_Graph_test-main/build/amr_topology' returned '0': CMAKE_PREFIX_PATH=${CMAKE_PREFIX_PATH}:/home/lee/smart_car_ws/install/smart_car_py_pkg:/opt/ros/humble /usr/bin/cmake --build /home/lee/Downloads/Topology_Graph_test-main/build/amr_topology -- -j16 -l16
[14.051s] Invoking command in '/home/lee/Downloads/Topology_Graph_test-main/build/amr_topology': CMAKE_PREFIX_PATH=${CMAKE_PREFIX_PATH}:/home/lee/smart_car_ws/install/smart_car_py_pkg:/opt/ros/humble /usr/bin/cmake --install /home/lee/Downloads/Topology_Graph_test-main/build/amr_topology
[14.058s] -- Install configuration: ""
[14.058s] -- Up-to-date: /home/lee/Downloads/Topology_Graph_test-main/install/amr_topology/lib/amr_topology/topology_follower
[14.058s] -- Installing: /home/lee/Downloads/Topology_Graph_test-main/install/amr_topology/lib/amr_topology/mission_loop
[14.063s] -- Set runtime path of "/home/lee/Downloads/Topology_Graph_test-main/install/amr_topology/lib/amr_topology/mission_loop" to ""
[14.063s] -- Up-to-date: /home/lee/Downloads/Topology_Graph_test-main/install/amr_topology/lib/amr_topology/rc_car_follower_node
[14.063s] -- Up-to-date: /home/lee/Downloads/Topology_Graph_test-main/install/amr_topology/share/amr_topology/config
[14.063s] -- Up-to-date: /home/lee/Downloads/Topology_Graph_test-main/install/amr_topology/share/amr_topology/config/mppi_controller.yaml
[14.063s] -- Up-to-date: /home/lee/Downloads/Topology_Graph_test-main/install/amr_topology/share/amr_topology/config/topology.yaml
[14.063s] -- Up-to-date: /home/lee/Downloads/Topology_Graph_test-main/install/amr_topology/share/amr_topology/include
[14.063s] -- Up-to-date: /home/lee/Downloads/Topology_Graph_test-main/install/amr_topology/share/amr_topology/include/amr_topology
[14.063s] -- Up-to-date: /home/lee/Downloads/Topology_Graph_test-main/install/amr_topology/share/amr_topology/include/amr_topology/local_astar_pure_pursuit.hpp
[14.064s] -- Up-to-date: /home/lee/Downloads/Topology_Graph_test-main/install/amr_topology/share/amr_topology/launch
[14.064s] -- Up-to-date: /home/lee/Downloads/Topology_Graph_test-main/install/amr_topology/share/amr_topology/launch/map_server.launch.py
[14.064s] -- Up-to-date: /home/lee/Downloads/Topology_Graph_test-main/install/amr_topology/share/amr_topology/launch/mppi_controller.launch.py
[14.064s] -- Up-to-date: /home/lee/Downloads/Topology_Graph_test-main/install/amr_topology/share/amr_topology/maps
[14.064s] -- Up-to-date: /home/lee/Downloads/Topology_Graph_test-main/install/amr_topology/share/amr_topology/maps/map.pgm
[14.064s] -- Up-to-date: /home/lee/Downloads/Topology_Graph_test-main/install/amr_topology/share/amr_topology/maps/map.yaml
[14.064s] -- Up-to-date: /home/lee/Downloads/Topology_Graph_test-main/install/amr_topology/share/ament_index/resource_index/package_run_dependencies/amr_topology
[14.064s] -- Up-to-date: /home/lee/Downloads/Topology_Graph_test-main/install/amr_topology/share/ament_index/resource_index/parent_prefix_path/amr_topology
[14.064s] -- Up-to-date: /home/lee/Downloads/Topology_Graph_test-main/install/amr_topology/share/amr_topology/environment/ament_prefix_path.sh
[14.064s] -- Up-to-date: /home/lee/Downloads/Topology_Graph_test-main/install/amr_topology/share/amr_topology/environment/ament_prefix_path.dsv
[14.064s] -- Up-to-date: /home/lee/Downloads/Topology_Graph_test-main/install/amr_topology/share/amr_topology/environment/path.sh
[14.064s] -- Up-to-date: /home/lee/Downloads/Topology_Graph_test-main/install/amr_topology/share/amr_topology/environment/path.dsv
[14.064s] -- Up-to-date: /home/lee/Downloads/Topology_Graph_test-main/install/amr_topology/share/amr_topology/local_setup.bash
[14.064s] -- Up-to-date: /home/lee/Downloads/Topology_Graph_test-main/install/amr_topology/share/amr_topology/local_setup.sh
[14.064s] -- Up-to-date: /home/lee/Downloads/Topology_Graph_test-main/install/amr_topology/share/amr_topology/local_setup.zsh
[14.064s] -- Up-to-date: /home/lee/Downloads/Topology_Graph_test-main/install/amr_topology/share/amr_topology/local_setup.dsv
[14.064s] -- Installing: /home/lee/Downloads/Topology_Graph_test-main/install/amr_topology/share/amr_topology/package.dsv
[14.064s] -- Up-to-date: /home/lee/Downloads/Topology_Graph_test-main/install/amr_topology/share/ament_index/resource_index/packages/amr_topology
[14.064s] -- Up-to-date: /home/lee/Downloads/Topology_Graph_test-main/install/amr_topology/share/amr_topology/cmake/amr_topologyConfig.cmake
[14.064s] -- Up-to-date: /home/lee/Downloads/Topology_Graph_test-main/install/amr_topology/share/amr_topology/cmake/amr_topologyConfig-version.cmake
[14.064s] -- Up-to-date: /home/lee/Downloads/Topology_Graph_test-main/install/amr_topology/share/amr_topology/package.xml
[14.065s] Invoked command in '/home/lee/Downloads/Topology_Graph_test-main/build/amr_topology' returned '0': CMAKE_PREFIX_PATH=${CMAKE_PREFIX_PATH}:/home/lee/smart_car_ws/install/smart_car_py_pkg:/opt/ros/humble /usr/bin/cmake --install /home/lee/Downloads/Topology_Graph_test-main/build/amr_topology
