-- Found ament_cmake: 1.3.14 (/opt/ros/humble/share/ament_cmake/cmake)
-- Found ament_index_cpp: 1.4.1 (/opt/ros/humble/share/ament_index_cpp/cmake)
-- Found geometry_msgs: 4.9.1 (/opt/ros/humble/share/geometry_msgs/cmake)
-- Found rosidl_generator_c: 3.1.8 (/opt/ros/humble/share/rosidl_generator_c/cmake)
-- Found rosidl_adapter: 3.1.8 (/opt/ros/humble/share/rosidl_adapter/cmake)
-- Found rosidl_generator_cpp: 3.1.8 (/opt/ros/humble/share/rosidl_generator_cpp/cmake)
-- Using all available rosidl_typesupport_c: rosidl_typesupport_fastrtps_c;rosidl_typesupport_introspection_c
-- Using all available rosidl_typesupport_cpp: rosidl_typesupport_fastrtps_cpp;rosidl_typesupport_introspection_cpp
-- Found nav_msgs: 4.9.1 (/opt/ros/humble/share/nav_msgs/cmake)
-- Found nav2_msgs: 1.1.20 (/opt/ros/humble/share/nav2_msgs/cmake)
-- Found rclcpp: 16.0.19 (/opt/ros/humble/share/rclcpp/cmake)
-- Found rmw_implementation_cmake: 6.1.2 (/opt/ros/humble/share/rmw_implementation_cmake/cmake)
-- Found rmw_fastrtps_cpp: 6.2.10 (/opt/ros/humble/share/rmw_fastrtps_cpp/cmake)
-- Using RMW implementation 'rmw_fastrtps_cpp' as default
-- Found rclcpp_action: 16.0.19 (/opt/ros/humble/share/rclcpp_action/cmake)
-- Found sensor_msgs: 4.9.1 (/opt/ros/humble/share/sensor_msgs/cmake)
-- Found tf2_ros: 0.25.20 (/opt/ros/humble/share/tf2_ros/cmake)
-- Configuring done
-- Generating done
-- Build files have been written to: /home/lee/Downloads/Topology_Graph_test-main/build/amr_topology
Consolidate compiler generated dependencies of target rc_car_follower_node
Consolidate compiler generated dependencies of target mission_loop
Consolidate compiler generated dependencies of target topology_follower
[ 66%] Built target rc_car_follower_node
[ 66%] Built target topology_follower
[ 83%] Building CXX object CMakeFiles/mission_loop.dir/src/mission_loop.cpp.o
/home/lee/Downloads/Topology_Graph_test-main/src/amr_topology/src/mission_loop.cpp:970:26: error: ‘sensor_msgs’ does not name a type
  970 |   void handle_scan(const sensor_msgs::msg::LaserScan::SharedPtr msg)
      |                          ^~~~~~~~~~~
/home/lee/Downloads/Topology_Graph_test-main/src/amr_topology/src/mission_loop.cpp:970:42: error: expected unqualified-id before ‘::’ token
  970 |   void handle_scan(const sensor_msgs::msg::LaserScan::SharedPtr msg)
      |                                          ^~
/home/lee/Downloads/Topology_Graph_test-main/src/amr_topology/src/mission_loop.cpp:970:42: error: expected ‘)’ before ‘::’ token
  970 |   void handle_scan(const sensor_msgs::msg::LaserScan::SharedPtr msg)
      |                   ~                      ^~
      |                                          )
/home/lee/Downloads/Topology_Graph_test-main/src/amr_topology/src/mission_loop.cpp:970:39: error: expected ‘;’ at end of member declaration
  970 |   void handle_scan(const sensor_msgs::msg::LaserScan::SharedPtr msg)
      |                                       ^~~
      |                                          ;
/home/lee/Downloads/Topology_Graph_test-main/src/amr_topology/src/mission_loop.cpp:970:44: error: ‘LaserScan’ in namespace ‘::’ does not name a type
  970 |   void handle_scan(const sensor_msgs::msg::LaserScan::SharedPtr msg)
      |                                            ^~~~~~~~~
/home/lee/Downloads/Topology_Graph_test-main/src/amr_topology/src/mission_loop.cpp:1489:24: error: ‘sensor_msgs’ was not declared in this scope
 1489 |   rclcpp::Subscription<sensor_msgs::msg::LaserScan>::SharedPtr scan_sub_;
      |                        ^~~~~~~~~~~
/home/lee/Downloads/Topology_Graph_test-main/src/amr_topology/src/mission_loop.cpp:1489:51: error: template argument 1 is invalid
 1489 |   rclcpp::Subscription<sensor_msgs::msg::LaserScan>::SharedPtr scan_sub_;
      |                                                   ^
/home/lee/Downloads/Topology_Graph_test-main/src/amr_topology/src/mission_loop.cpp:1489:51: error: template argument 3 is invalid
/home/lee/Downloads/Topology_Graph_test-main/src/amr_topology/src/mission_loop.cpp:1489:51: error: template argument 4 is invalid
/home/lee/Downloads/Topology_Graph_test-main/src/amr_topology/src/mission_loop.cpp:1489:51: error: template argument 5 is invalid
/home/lee/Downloads/Topology_Graph_test-main/src/amr_topology/src/mission_loop.cpp:1489:54: error: expected ‘;’ at end of member declaration
 1489 |   rclcpp::Subscription<sensor_msgs::msg::LaserScan>::SharedPtr scan_sub_;
      |                                                      ^~~~~~~~~
      |                                                               ;
/home/lee/Downloads/Topology_Graph_test-main/src/amr_topology/src/mission_loop.cpp:1489:64: error: ‘scan_sub_’ does not name a type
 1489 |   rclcpp::Subscription<sensor_msgs::msg::LaserScan>::SharedPtr scan_sub_;
      |                                                                ^~~~~~~~~
/home/lee/Downloads/Topology_Graph_test-main/src/amr_topology/src/mission_loop.cpp:1504:17: error: ‘sensor_msgs’ was not declared in this scope
 1504 |   std::optional<sensor_msgs::msg::LaserScan> last_scan_;
      |                 ^~~~~~~~~~~
/home/lee/Downloads/Topology_Graph_test-main/src/amr_topology/src/mission_loop.cpp:1504:44: error: template argument 1 is invalid
 1504 |   std::optional<sensor_msgs::msg::LaserScan> last_scan_;
      |                                            ^
/home/lee/Downloads/Topology_Graph_test-main/src/amr_topology/src/mission_loop.cpp: In constructor ‘MissionLoop::MissionLoop()’:
/home/lee/Downloads/Topology_Graph_test-main/src/amr_topology/src/mission_loop.cpp:261:5: error: ‘scan_sub_’ was not declared in this scope
  261 |     scan_sub_ = this->create_subscription<sensor_msgs::msg::LaserScan>(
      |     ^~~~~~~~~
/home/lee/Downloads/Topology_Graph_test-main/src/amr_topology/src/mission_loop.cpp:261:43: error: ‘sensor_msgs’ was not declared in this scope
  261 |     scan_sub_ = this->create_subscription<sensor_msgs::msg::LaserScan>(
      |                                           ^~~~~~~~~~~
/home/lee/Downloads/Topology_Graph_test-main/src/amr_topology/src/mission_loop.cpp:261:23: error: parse error in template argument list
  261 |     scan_sub_ = this->create_subscription<sensor_msgs::msg::LaserScan>(
      |                       ^~~~~~~~~~~~~~~~~~~~~~~~~~~~~~~~~~~~~~~~~~~~~~~~
/home/lee/Downloads/Topology_Graph_test-main/src/amr_topology/src/mission_loop.cpp:261:71: error: no matching function for call to ‘MissionLoop::create_subscription<<expression error> >(const string&, rclcpp::SensorDataQoS, std::_Bind_helper<false, void (MissionLoop::*)(...), MissionLoop*, const std::_Placeholder<1>&>::type)’
  261 |     scan_sub_ = this->create_subscription<sensor_msgs::msg::LaserScan>(
      |                 ~~~~~~~~~~~~~~~~~~~~~~~~~~~~~~~~~~~~~~~~~~~~~~~~~~~~~~^
  262 |       this->get_parameter("scan_topic").as_string(),
      |       ~~~~~~~~~~~~~~~~~~~~~~~~~~~~~~~~~~~~~~~~~~~~~~                   
  263 |       rclcpp::SensorDataQoS(),
      |       ~~~~~~~~~~~~~~~~~~~~~~~~                                         
  264 |       std::bind(&MissionLoop::handle_scan, this, std::placeholders::_1));
      |       ~~~~~~~~~~~~~~~~~~~~~~~~~~~~~~~~~~~~~~~~~~~~~~~~~~~~~~~~~~~~~~~~~~
In file included from /opt/ros/humble/include/rclcpp/rclcpp/node.hpp:1321,
                 from /opt/ros/humble/include/rclcpp/rclcpp/executors/single_threaded_executor.hpp:28,
                 from /opt/ros/humble/include/rclcpp/rclcpp/executors.hpp:22,
                 from /opt/ros/humble/include/rclcpp/rclcpp/rclcpp.hpp:155,
                 from /home/lee/Downloads/Topology_Graph_test-main/src/amr_topology/src/mission_loop.cpp:18:
/opt/ros/humble/include/rclcpp/rclcpp/node_impl.hpp:92:1: note: candidate: ‘template<class MessageT, class CallbackT, class AllocatorT, class SubscriptionT, class MessageMemoryStrategyT> std::shared_ptr<ROSMessageT> rclcpp::Node::create_subscription(const string&, const rclcpp::QoS&, CallbackT&&, const rclcpp::SubscriptionOptionsWithAllocator<AllocatorT>&, typename MessageMemoryStrategyT::SharedPtr)’
   92 | Node::create_subscription(
      | ^~~~
/opt/ros/humble/include/rclcpp/rclcpp/node_impl.hpp:92:1: note:   template argument deduction/substitution failed:
/home/lee/Downloads/Topology_Graph_test-main/src/amr_topology/src/mission_loop.cpp:261:71: error: template argument 1 is invalid
  261 |     scan_sub_ = this->create_subscription<sensor_msgs::msg::LaserScan>(
      |                 ~~~~~~~~~~~~~~~~~~~~~~~~~~~~~~~~~~~~~~~~~~~~~~~~~~~~~~^
  262 |       this->get_parameter("scan_topic").as_string(),
      |       ~~~~~~~~~~~~~~~~~~~~~~~~~~~~~~~~~~~~~~~~~~~~~~                   
  263 |       rclcpp::SensorDataQoS(),
      |       ~~~~~~~~~~~~~~~~~~~~~~~~                                         
  264 |       std::bind(&MissionLoop::handle_scan, this, std::placeholders::_1));
      |       ~~~~~~~~~~~~~~~~~~~~~~~~~~~~~~~~~~~~~~~~~~~~~~~~~~~~~~~~~~~~~~~~~~
/home/lee/Downloads/Topology_Graph_test-main/src/amr_topology/src/mission_loop.cpp: In member function ‘double MissionLoop::min_scan_range_in_sector(double, double) const’:
/home/lee/Downloads/Topology_Graph_test-main/src/amr_topology/src/mission_loop.cpp:688:21: error: request for member ‘has_value’ in ‘((const MissionLoop*)this)->MissionLoop::last_scan_’, which is of non-class type ‘const int’
  688 |     if (!last_scan_.has_value() || last_scan_->ranges.empty()) {
      |                     ^~~~~~~~~
/home/lee/Downloads/Topology_Graph_test-main/src/amr_topology/src/mission_loop.cpp:688:46: error: base operand of ‘->’ is not a pointer
  688 |     if (!last_scan_.has_value() || last_scan_->ranges.empty()) {
      |                                              ^~
/home/lee/Downloads/Topology_Graph_test-main/src/amr_topology/src/mission_loop.cpp:693:38: error: base operand of ‘->’ is not a pointer
  693 |     for (size_t i = 0; i < last_scan_->ranges.size(); ++i) {
      |                                      ^~
/home/lee/Downloads/Topology_Graph_test-main/src/amr_topology/src/mission_loop.cpp:694:37: error: base operand of ‘->’ is not a pointer
  694 |       const float range = last_scan_->ranges[i];
      |                                     ^~
/home/lee/Downloads/Topology_Graph_test-main/src/amr_topology/src/mission_loop.cpp:695:54: error: base operand of ‘->’ is not a pointer
  695 |       if (!std::isfinite(range) || range < last_scan_->range_min || range > last_scan_->range_max) {
      |                                                      ^~
/home/lee/Downloads/Topology_Graph_test-main/src/amr_topology/src/mission_loop.cpp:695:87: error: base operand of ‘->’ is not a pointer
  695 |       if (!std::isfinite(range) || range < last_scan_->range_min || range > last_scan_->range_max) {
      |                                                                                       ^~
/home/lee/Downloads/Topology_Graph_test-main/src/amr_topology/src/mission_loop.cpp:698:38: error: base operand of ‘->’ is not a pointer
  698 |       const double angle = last_scan_->angle_min + static_cast<double>(i) * last_scan_->angle_increment;
      |                                      ^~
/home/lee/Downloads/Topology_Graph_test-main/src/amr_topology/src/mission_loop.cpp:698:87: error: base operand of ‘->’ is not a pointer
  698 |       const double angle = last_scan_->angle_min + static_cast<double>(i) * last_scan_->angle_increment;
      |                                                                                       ^~
/home/lee/Downloads/Topology_Graph_test-main/src/amr_topology/src/mission_loop.cpp: In member function ‘bool MissionLoop::target_direction_is_clear(const {anonymous}::RobotPose2D&, const {anonymous}::MissionNode&) const’:
/home/lee/Downloads/Topology_Graph_test-main/src/amr_topology/src/mission_loop.cpp:708:21: error: request for member ‘has_value’ in ‘((const MissionLoop*)this)->MissionLoop::last_scan_’, which is of non-class type ‘const int’
  708 |     if (!last_scan_.has_value()) {
      |                     ^~~~~~~~~
/home/lee/Downloads/Topology_Graph_test-main/src/amr_topology/src/mission_loop.cpp: In member function ‘std::optional<MissionLoop::CorridorPassDecision> MissionLoop::evaluate_corridor_pass() const’:
/home/lee/Downloads/Topology_Graph_test-main/src/amr_topology/src/mission_loop.cpp:736:47: error: request for member ‘has_value’ in ‘((const MissionLoop*)this)->MissionLoop::last_scan_’, which is of non-class type ‘const int’
  736 |     if (!enable_corridor_pass_ || !last_scan_.has_value()) {
      |                                               ^~~~~~~~~
gmake[2]: *** [CMakeFiles/mission_loop.dir/build.make:76: CMakeFiles/mission_loop.dir/src/mission_loop.cpp.o] Error 1
gmake[1]: *** [CMakeFiles/Makefile2:167: CMakeFiles/mission_loop.dir/all] Error 2
gmake: *** [Makefile:146: all] Error 2
