[ 28%] Building CXX object CMakeFiles/mission_loop.dir/src/mission_loop.cpp.o
[ 42%] Built target rc_car_follower_node
[ 71%] Built target topology_follower
/home/lee/Downloads/Topology_Graph_test-main/src/amr_topology/src/mission_loop.cpp: In constructor ‘MissionLoop::MissionLoop()’:
/home/lee/Downloads/Topology_Graph_test-main/src/amr_topology/src/mission_loop.cpp:242:5: error: ‘slot_obstacle_watch_radius_’ was not declared in this scope
  242 |     slot_obstacle_watch_radius_ =
      |     ^~~~~~~~~~~~~~~~~~~~~~~~~~~
/home/lee/Downloads/Topology_Graph_test-main/src/amr_topology/src/mission_loop.cpp:244:5: error: ‘slot_obstacle_watch_max_distance_’ was not declared in this scope
  244 |     slot_obstacle_watch_max_distance_ =
      |     ^~~~~~~~~~~~~~~~~~~~~~~~~~~~~~~~~
/home/lee/Downloads/Topology_Graph_test-main/src/amr_topology/src/mission_loop.cpp: In member function ‘void MissionLoop::go_path(const std::vector<std::__cxx11::basic_string<char> >&)’:
/home/lee/Downloads/Topology_Graph_test-main/src/amr_topology/src/mission_loop.cpp:463:30: error: ‘slot_area_for_motion’ was not declared in this scope
  463 |       const auto slot_area = slot_area_for_motion(source_name, target_name);
      |                              ^~~~~~~~~~~~~~~~~~~~
/home/lee/Downloads/Topology_Graph_test-main/src/amr_topology/src/mission_loop.cpp:465:35: error: ‘blocked_slot_node_in_area’ was not declared in this scope
  465 |         const auto blocked_slot = blocked_slot_node_in_area(pose.value(), slot_area.value());
      |                                   ^~~~~~~~~~~~~~~~~~~~~~~~~
/home/lee/Downloads/Topology_Graph_test-main/src/amr_topology/src/mission_loop.cpp:467:11: error: ‘wait_for_slot_area_clear’ was not declared in this scope; did you mean ‘wait_for_blocked_target_clear’?
  467 |           wait_for_slot_area_clear(slot_area.value(), blocked_slot.value());
      |           ^~~~~~~~~~~~~~~~~~~~~~~~
      |           wait_for_blocked_target_clear
/home/lee/Downloads/Topology_Graph_test-main/src/amr_topology/src/mission_loop.cpp:477:9: error: ‘slot_node_has_obstacle_nearby’ was not declared in this scope
  477 |         slot_node_has_obstacle_nearby(pose.value(), target))
      |         ^~~~~~~~~~~~~~~~~~~~~~~~~~~~~
/home/lee/Downloads/Topology_Graph_test-main/src/amr_topology/src/mission_loop.cpp:479:34: error: ‘slot_area_for_node’ was not declared in this scope
  479 |         wait_for_slot_area_clear(slot_area_for_node(target_name).value_or(""), target_name);
      |                                  ^~~~~~~~~~~~~~~~~~
/home/lee/Downloads/Topology_Graph_test-main/src/amr_topology/src/mission_loop.cpp:479:9: error: ‘wait_for_slot_area_clear’ was not declared in this scope; did you mean ‘wait_for_blocked_target_clear’?
  479 |         wait_for_slot_area_clear(slot_area_for_node(target_name).value_or(""), target_name);
      |         ^~~~~~~~~~~~~~~~~~~~~~~~
      |         wait_for_blocked_target_clear
gmake[2]: *** [CMakeFiles/mission_loop.dir/build.make:76: CMakeFiles/mission_loop.dir/src/mission_loop.cpp.o] Error 1
gmake[1]: *** [CMakeFiles/Makefile2:167: CMakeFiles/mission_loop.dir/all] Error 2
gmake: *** [Makefile:146: all] Error 2
