[0.007s] Invoking command in '/home/lee/Downloads/Topology_Graph_test-main/build/amr_topology': CMAKE_PREFIX_PATH=${CMAKE_PREFIX_PATH}:/home/lee/smart_car_ws/install/smart_car_py_pkg:/opt/ros/humble /usr/bin/cmake --build /home/lee/Downloads/Topology_Graph_test-main/build/amr_topology -- -j16 -l16
[0.049s] [ 28%] Building CXX object CMakeFiles/mission_loop.dir/src/mission_loop.cpp.o
[0.049s] [ 42%] Built target rc_car_follower_node
[0.049s] [ 71%] Built target topology_follower
[1.781s] /home/lee/Downloads/Topology_Graph_test-main/src/amr_topology/src/mission_loop.cpp: In constructor ‘MissionLoop::MissionLoop()’:
[1.782s] /home/lee/Downloads/Topology_Graph_test-main/src/amr_topology/src/mission_loop.cpp:242:5: error: ‘slot_obstacle_watch_radius_’ was not declared in this scope
[1.782s]   242 |     slot_obstacle_watch_radius_ =
[1.782s]       |     ^~~~~~~~~~~~~~~~~~~~~~~~~~~
[1.793s] /home/lee/Downloads/Topology_Graph_test-main/src/amr_topology/src/mission_loop.cpp:244:5: error: ‘slot_obstacle_watch_max_distance_’ was not declared in this scope
[1.793s]   244 |     slot_obstacle_watch_max_distance_ =
[1.793s]       |     ^~~~~~~~~~~~~~~~~~~~~~~~~~~~~~~~~
[1.826s] /home/lee/Downloads/Topology_Graph_test-main/src/amr_topology/src/mission_loop.cpp: In member function ‘void MissionLoop::go_path(const std::vector<std::__cxx11::basic_string<char> >&)’:
[1.826s] /home/lee/Downloads/Topology_Graph_test-main/src/amr_topology/src/mission_loop.cpp:463:30: error: ‘slot_area_for_motion’ was not declared in this scope
[1.826s]   463 |       const auto slot_area = slot_area_for_motion(source_name, target_name);
[1.826s]       |                              ^~~~~~~~~~~~~~~~~~~~
[1.835s] /home/lee/Downloads/Topology_Graph_test-main/src/amr_topology/src/mission_loop.cpp:465:35: error: ‘blocked_slot_node_in_area’ was not declared in this scope
[1.835s]   465 |         const auto blocked_slot = blocked_slot_node_in_area(pose.value(), slot_area.value());
[1.835s]       |                                   ^~~~~~~~~~~~~~~~~~~~~~~~~
[1.844s] /home/lee/Downloads/Topology_Graph_test-main/src/amr_topology/src/mission_loop.cpp:467:11: error: ‘wait_for_slot_area_clear’ was not declared in this scope; did you mean ‘wait_for_blocked_target_clear’?
[1.844s]   467 |           wait_for_slot_area_clear(slot_area.value(), blocked_slot.value());
[1.844s]       |           ^~~~~~~~~~~~~~~~~~~~~~~~
[1.844s]       |           wait_for_blocked_target_clear
[1.855s] /home/lee/Downloads/Topology_Graph_test-main/src/amr_topology/src/mission_loop.cpp:477:9: error: ‘slot_node_has_obstacle_nearby’ was not declared in this scope
[1.855s]   477 |         slot_node_has_obstacle_nearby(pose.value(), target))
[1.855s]       |         ^~~~~~~~~~~~~~~~~~~~~~~~~~~~~
[1.862s] /home/lee/Downloads/Topology_Graph_test-main/src/amr_topology/src/mission_loop.cpp:479:34: error: ‘slot_area_for_node’ was not declared in this scope
[1.862s]   479 |         wait_for_slot_area_clear(slot_area_for_node(target_name).value_or(""), target_name);
[1.863s]       |                                  ^~~~~~~~~~~~~~~~~~
[1.870s] /home/lee/Downloads/Topology_Graph_test-main/src/amr_topology/src/mission_loop.cpp:479:9: error: ‘wait_for_slot_area_clear’ was not declared in this scope; did you mean ‘wait_for_blocked_target_clear’?
[1.870s]   479 |         wait_for_slot_area_clear(slot_area_for_node(target_name).value_or(""), target_name);
[1.870s]       |         ^~~~~~~~~~~~~~~~~~~~~~~~
[1.870s]       |         wait_for_blocked_target_clear
[5.587s] gmake[2]: *** [CMakeFiles/mission_loop.dir/build.make:76: CMakeFiles/mission_loop.dir/src/mission_loop.cpp.o] Error 1
[5.587s] gmake[1]: *** [CMakeFiles/Makefile2:167: CMakeFiles/mission_loop.dir/all] Error 2
[5.587s] gmake: *** [Makefile:146: all] Error 2
[5.589s] Invoked command in '/home/lee/Downloads/Topology_Graph_test-main/build/amr_topology' returned '2': CMAKE_PREFIX_PATH=${CMAKE_PREFIX_PATH}:/home/lee/smart_car_ws/install/smart_car_py_pkg:/opt/ros/humble /usr/bin/cmake --build /home/lee/Downloads/Topology_Graph_test-main/build/amr_topology -- -j16 -l16
