[0.006s] Invoking command in '/home/lee/Downloads/Topology_Graph_test-main/build/amr_topology': CMAKE_PREFIX_PATH=${CMAKE_PREFIX_PATH}:/home/lee/smart_car_ws/install/smart_car_py_pkg:/opt/ros/humble /usr/bin/cmake --build /home/lee/Downloads/Topology_Graph_test-main/build/amr_topology -- -j16 -l16
[0.018s] -- Found ament_cmake: 1.3.14 (/opt/ros/humble/share/ament_cmake/cmake)
[0.079s] -- Found ament_index_cpp: 1.4.1 (/opt/ros/humble/share/ament_index_cpp/cmake)
[0.079s] -- Found geometry_msgs: 4.9.1 (/opt/ros/humble/share/geometry_msgs/cmake)
[0.089s] -- Found rosidl_generator_c: 3.1.8 (/opt/ros/humble/share/rosidl_generator_c/cmake)
[0.090s] -- Found rosidl_adapter: 3.1.8 (/opt/ros/humble/share/rosidl_adapter/cmake)
[0.092s] -- Found rosidl_generator_cpp: 3.1.8 (/opt/ros/humble/share/rosidl_generator_cpp/cmake)
[0.096s] -- Using all available rosidl_typesupport_c: rosidl_typesupport_fastrtps_c;rosidl_typesupport_introspection_c
[0.100s] -- Using all available rosidl_typesupport_cpp: rosidl_typesupport_fastrtps_cpp;rosidl_typesupport_introspection_cpp
[0.114s] -- Found nav_msgs: 4.9.1 (/opt/ros/humble/share/nav_msgs/cmake)
[0.122s] -- Found nav2_msgs: 1.1.20 (/opt/ros/humble/share/nav2_msgs/cmake)
[0.138s] -- Found rclcpp: 16.0.19 (/opt/ros/humble/share/rclcpp/cmake)
[0.148s] -- Found rmw_implementation_cmake: 6.1.2 (/opt/ros/humble/share/rmw_implementation_cmake/cmake)
[0.149s] -- Found rmw_fastrtps_cpp: 6.2.10 (/opt/ros/humble/share/rmw_fastrtps_cpp/cmake)
[0.203s] -- Using RMW implementation 'rmw_fastrtps_cpp' as default
[0.219s] -- Found rclcpp_action: 16.0.19 (/opt/ros/humble/share/rclcpp_action/cmake)
[0.222s] -- Found sensor_msgs: 4.9.1 (/opt/ros/humble/share/sensor_msgs/cmake)
[0.229s] -- Found tf2_ros: 0.25.20 (/opt/ros/humble/share/tf2_ros/cmake)
[0.285s] -- Configuring done
[0.294s] -- Generating done
[0.297s] -- Build files have been written to: /home/lee/Downloads/Topology_Graph_test-main/build/amr_topology
[0.314s] Consolidate compiler generated dependencies of target topology_follower
[0.314s] Consolidate compiler generated dependencies of target topology_marker_node
[0.315s] Consolidate compiler generated dependencies of target mission_loop
[0.316s] Consolidate compiler generated dependencies of target rc_car_follower_node
[0.321s] [ 11%] Building CXX object CMakeFiles/topology_marker_node.dir/src/topology_marker_node.cpp.o
[0.321s] [ 33%] Built target topology_follower
[0.322s] [ 55%] Built target rc_car_follower_node
[0.323s] [ 88%] Built target mission_loop
[0.403s] /home/lee/Downloads/Topology_Graph_test-main/src/amr_topology/src/topology_marker_node.cpp:10:10: fatal error: visualization_msgs/msg/marker.hpp: No such file or directory
[0.403s]    10 | #include <visualization_msgs/msg/marker.hpp>
[0.403s]       |          ^~~~~~~~~~~~~~~~~~~~~~~~~~~~~~~~~~~
[0.403s] compilation terminated.
[0.405s] gmake[2]: *** [CMakeFiles/topology_marker_node.dir/build.make:76: CMakeFiles/topology_marker_node.dir/src/topology_marker_node.cpp.o] Error 1
[0.405s] gmake[1]: *** [CMakeFiles/Makefile2:169: CMakeFiles/topology_marker_node.dir/all] Error 2
[0.406s] gmake: *** [Makefile:146: all] Error 2
[0.407s] Invoked command in '/home/lee/Downloads/Topology_Graph_test-main/build/amr_topology' returned '2': CMAKE_PREFIX_PATH=${CMAKE_PREFIX_PATH}:/home/lee/smart_car_ws/install/smart_car_py_pkg:/opt/ros/humble /usr/bin/cmake --build /home/lee/Downloads/Topology_Graph_test-main/build/amr_topology -- -j16 -l16
