[30.008s] Invoking command in '/home/lee/Downloads/Topology_Graph_test-main/build/amr_topology': CMAKE_PREFIX_PATH=${CMAKE_PREFIX_PATH}:/home/lee/smart_car_ws/install/smart_car_py_pkg:/opt/ros/humble /usr/bin/cmake --build /home/lee/Downloads/Topology_Graph_test-main/build/amr_topology -- -j16 -l16
[30.038s] Consolidate compiler generated dependencies of target mission_loop
[30.042s] [ 28%] Built target rc_car_follower_node
[30.043s] [ 57%] Built target topology_follower
[30.045s] [ 71%] Building CXX object CMakeFiles/mission_loop.dir/src/mission_loop.cpp.o
[30.045s] [ 85%] Building CXX object CMakeFiles/mission_loop.dir/src/local_astar_pure_pursuit.cpp.o
[30.363s] /home/lee/Downloads/Topology_Graph_test-main/src/amr_topology/src/local_astar_pure_pursuit.cpp: In member function ‘amr_topology::LocalPlannerDecision amr_topology::LocalAStarPurePursuit::update(const amr_topology::Pose2D&, const amr_topology::Target2D&, const rclcpp::Time&)’:
[30.364s] /home/lee/Downloads/Topology_Graph_test-main/src/amr_topology/src/local_astar_pure_pursuit.cpp:221:17: error: jump to case label
[30.364s]   221 |     case State::Backup: {
[30.364s]       |                 ^~~~~~
[30.364s] /home/lee/Downloads/Topology_Graph_test-main/src/amr_topology/src/local_astar_pure_pursuit.cpp:200:20: note:   crosses initialization of ‘const double stop_seconds’
[30.364s]   200 |       const double stop_seconds = stop_started_by_front_emergency_ ?
[30.364s]       |                    ^~~~~~~~~~~~
[30.364s] /home/lee/Downloads/Topology_Graph_test-main/src/amr_topology/src/local_astar_pure_pursuit.cpp:251:17: error: jump to case label
[30.364s]   251 |     case State::FollowDetour: {
[30.364s]       |                 ^~~~~~~~~~~~
[30.364s] /home/lee/Downloads/Topology_Graph_test-main/src/amr_topology/src/local_astar_pure_pursuit.cpp:200:20: note:   crosses initialization of ‘const double stop_seconds’
[30.364s]   200 |       const double stop_seconds = stop_started_by_front_emergency_ ?
[30.364s]       |                    ^~~~~~~~~~~~
[30.364s] /home/lee/Downloads/Topology_Graph_test-main/src/amr_topology/src/local_astar_pure_pursuit.cpp:279:17: error: jump to case label
[30.364s]   279 |     case State::Blocked:
[30.364s]       |                 ^~~~~~~
[30.364s] /home/lee/Downloads/Topology_Graph_test-main/src/amr_topology/src/local_astar_pure_pursuit.cpp:200:20: note:   crosses initialization of ‘const double stop_seconds’
[30.364s]   200 |       const double stop_seconds = stop_started_by_front_emergency_ ?
[30.364s]       |                    ^~~~~~~~~~~~
[30.364s] /home/lee/Downloads/Topology_Graph_test-main/src/amr_topology/src/local_astar_pure_pursuit.cpp:182:10: warning: enumeration value ‘Backup’ not handled in switch [-Wswitch]
[30.364s]   182 |   switch (state_) {
[30.364s]       |          ^
[30.364s] /home/lee/Downloads/Topology_Graph_test-main/src/amr_topology/src/local_astar_pure_pursuit.cpp:182:10: warning: enumeration value ‘FollowDetour’ not handled in switch [-Wswitch]
[30.364s] /home/lee/Downloads/Topology_Graph_test-main/src/amr_topology/src/local_astar_pure_pursuit.cpp:182:10: warning: enumeration value ‘Blocked’ not handled in switch [-Wswitch]
[30.480s] gmake[2]: *** [CMakeFiles/mission_loop.dir/build.make:90: CMakeFiles/mission_loop.dir/src/local_astar_pure_pursuit.cpp.o] Error 1
[30.480s] gmake[2]: *** Waiting for unfinished jobs....
[40.358s] gmake[1]: *** [CMakeFiles/Makefile2:167: CMakeFiles/mission_loop.dir/all] Error 2
[40.359s] gmake: *** [Makefile:146: all] Error 2
[60.008s] Invoked command in '/home/lee/Downloads/Topology_Graph_test-main/build/amr_topology' returned '2': CMAKE_PREFIX_PATH=${CMAKE_PREFIX_PATH}:/home/lee/smart_car_ws/install/smart_car_py_pkg:/opt/ros/humble /usr/bin/cmake --build /home/lee/Downloads/Topology_Graph_test-main/build/amr_topology -- -j16 -l16
