[30.034s] Invoking command in '/home/lee/Downloads/Topology_Graph_test-main/build/amr_topology': CMAKE_PREFIX_PATH=${CMAKE_PREFIX_PATH}:/home/lee/smart_car_ws/install/smart_car_py_pkg:/opt/ros/humble /usr/bin/cmake --build /home/lee/Downloads/Topology_Graph_test-main/build/amr_topology -- -j16 -l16
[30.068s] Consolidate compiler generated dependencies of target mission_loop
[30.074s] [ 57%] Built target rc_car_follower_node
[30.074s] [ 57%] Built target topology_follower
[30.078s] [ 71%] Building CXX object CMakeFiles/mission_loop.dir/src/mission_loop.cpp.o
[42.387s] [ 85%] Linking CXX executable mission_loop
[43.019s] [100%] Built target mission_loop
[43.029s] Invoked command in '/home/lee/Downloads/Topology_Graph_test-main/build/amr_topology' returned '0': CMAKE_PREFIX_PATH=${CMAKE_PREFIX_PATH}:/home/lee/smart_car_ws/install/smart_car_py_pkg:/opt/ros/humble /usr/bin/cmake --build /home/lee/Downloads/Topology_Graph_test-main/build/amr_topology -- -j16 -l16
[43.035s] Invoking command in '/home/lee/Downloads/Topology_Graph_test-main/build/amr_topology': CMAKE_PREFIX_PATH=${CMAKE_PREFIX_PATH}:/home/lee/smart_car_ws/install/smart_car_py_pkg:/opt/ros/humble /usr/bin/cmake --install /home/lee/Downloads/Topology_Graph_test-main/build/amr_topology
[43.040s] -- Install configuration: ""
[43.041s] -- Up-to-date: /home/lee/Downloads/Topology_Graph_test-main/install/amr_topology/lib/amr_topology/topology_follower
[43.041s] -- Installing: /home/lee/Downloads/Topology_Graph_test-main/install/amr_topology/lib/amr_topology/mission_loop
[43.046s] -- Set runtime path of "/home/lee/Downloads/Topology_Graph_test-main/install/amr_topology/lib/amr_topology/mission_loop" to ""
[43.046s] -- Up-to-date: /home/lee/Downloads/Topology_Graph_test-main/install/amr_topology/lib/amr_topology/rc_car_follower_node
[43.047s] -- Up-to-date: /home/lee/Downloads/Topology_Graph_test-main/install/amr_topology/share/amr_topology/config
[43.047s] -- Up-to-date: /home/lee/Downloads/Topology_Graph_test-main/install/amr_topology/share/amr_topology/config/mppi_controller.yaml
[43.047s] -- Up-to-date: /home/lee/Downloads/Topology_Graph_test-main/install/amr_topology/share/amr_topology/config/topology.yaml
[43.047s] -- Up-to-date: /home/lee/Downloads/Topology_Graph_test-main/install/amr_topology/share/amr_topology/include
[43.047s] -- Up-to-date: /home/lee/Downloads/Topology_Graph_test-main/install/amr_topology/share/amr_topology/include/amr_topology
[43.047s] -- Up-to-date: /home/lee/Downloads/Topology_Graph_test-main/install/amr_topology/share/amr_topology/include/amr_topology/local_astar_pure_pursuit.hpp
[43.047s] -- Up-to-date: /home/lee/Downloads/Topology_Graph_test-main/install/amr_topology/share/amr_topology/launch
[43.047s] -- Up-to-date: /home/lee/Downloads/Topology_Graph_test-main/install/amr_topology/share/amr_topology/launch/map_server.launch.py
[43.047s] -- Up-to-date: /home/lee/Downloads/Topology_Graph_test-main/install/amr_topology/share/amr_topology/launch/mppi_controller.launch.py
[43.047s] -- Up-to-date: /home/lee/Downloads/Topology_Graph_test-main/install/amr_topology/share/amr_topology/maps
[43.047s] -- Up-to-date: /home/lee/Downloads/Topology_Graph_test-main/install/amr_topology/share/amr_topology/maps/map.pgm
[43.047s] -- Up-to-date: /home/lee/Downloads/Topology_Graph_test-main/install/amr_topology/share/amr_topology/maps/map.yaml
[43.047s] -- Up-to-date: /home/lee/Downloads/Topology_Graph_test-main/install/amr_topology/share/ament_index/resource_index/package_run_dependencies/amr_topology
[43.047s] -- Up-to-date: /home/lee/Downloads/Topology_Graph_test-main/install/amr_topology/share/ament_index/resource_index/parent_prefix_path/amr_topology
[43.047s] -- Up-to-date: /home/lee/Downloads/Topology_Graph_test-main/install/amr_topology/share/amr_topology/environment/ament_prefix_path.sh
[43.047s] -- Up-to-date: /home/lee/Downloads/Topology_Graph_test-main/install/amr_topology/share/amr_topology/environment/ament_prefix_path.dsv
[43.047s] -- Up-to-date: /home/lee/Downloads/Topology_Graph_test-main/install/amr_topology/share/amr_topology/environment/path.sh
[43.047s] -- Up-to-date: /home/lee/Downloads/Topology_Graph_test-main/install/amr_topology/share/amr_topology/environment/path.dsv
[43.047s] -- Up-to-date: /home/lee/Downloads/Topology_Graph_test-main/install/amr_topology/share/amr_topology/local_setup.bash
[43.047s] -- Up-to-date: /home/lee/Downloads/Topology_Graph_test-main/install/amr_topology/share/amr_topology/local_setup.sh
[43.047s] -- Up-to-date: /home/lee/Downloads/Topology_Graph_test-main/install/amr_topology/share/amr_topology/local_setup.zsh
[43.047s] -- Up-to-date: /home/lee/Downloads/Topology_Graph_test-main/install/amr_topology/share/amr_topology/local_setup.dsv
[43.047s] -- Installing: /home/lee/Downloads/Topology_Graph_test-main/install/amr_topology/share/amr_topology/package.dsv
[43.048s] -- Up-to-date: /home/lee/Downloads/Topology_Graph_test-main/install/amr_topology/share/ament_index/resource_index/packages/amr_topology
[43.048s] -- Up-to-date: /home/lee/Downloads/Topology_Graph_test-main/install/amr_topology/share/amr_topology/cmake/amr_topologyConfig.cmake
[43.048s] -- Up-to-date: /home/lee/Downloads/Topology_Graph_test-main/install/amr_topology/share/amr_topology/cmake/amr_topologyConfig-version.cmake
[43.048s] -- Up-to-date: /home/lee/Downloads/Topology_Graph_test-main/install/amr_topology/share/amr_topology/package.xml
[43.049s] Invoked command in '/home/lee/Downloads/Topology_Graph_test-main/build/amr_topology' returned '0': CMAKE_PREFIX_PATH=${CMAKE_PREFIX_PATH}:/home/lee/smart_car_ws/install/smart_car_py_pkg:/opt/ros/humble /usr/bin/cmake --install /home/lee/Downloads/Topology_Graph_test-main/build/amr_topology
