[0.014s] Invoking command in '/home/lee/Downloads/Topology_Graph_test-main/build/amr_topology': CMAKE_PREFIX_PATH=${CMAKE_PREFIX_PATH}:/home/lee/smart_car_ws/install/smart_car_py_pkg:/opt/ros/humble /usr/bin/cmake --build /home/lee/Downloads/Topology_Graph_test-main/build/amr_topology -- -j16 -l16
[0.044s] Consolidate compiler generated dependencies of target rc_car_follower_node
[0.051s] [ 71%] Built target topology_follower
[0.052s] [ 71%] Built target mission_loop
[0.052s] [ 85%] Building CXX object CMakeFiles/rc_car_follower_node.dir/src/rc_car_follower_node.cpp.o
[10.492s] [100%] Linking CXX executable rc_car_follower_node
[10.976s] [100%] Built target rc_car_follower_node
[10.987s] Invoked command in '/home/lee/Downloads/Topology_Graph_test-main/build/amr_topology' returned '0': CMAKE_PREFIX_PATH=${CMAKE_PREFIX_PATH}:/home/lee/smart_car_ws/install/smart_car_py_pkg:/opt/ros/humble /usr/bin/cmake --build /home/lee/Downloads/Topology_Graph_test-main/build/amr_topology -- -j16 -l16
[10.991s] Invoking command in '/home/lee/Downloads/Topology_Graph_test-main/build/amr_topology': CMAKE_PREFIX_PATH=${CMAKE_PREFIX_PATH}:/home/lee/smart_car_ws/install/smart_car_py_pkg:/opt/ros/humble /usr/bin/cmake --install /home/lee/Downloads/Topology_Graph_test-main/build/amr_topology
[10.995s] -- Install configuration: ""
[10.995s] -- Up-to-date: /home/lee/Downloads/Topology_Graph_test-main/install/amr_topology/lib/amr_topology/topology_follower
[10.995s] -- Up-to-date: /home/lee/Downloads/Topology_Graph_test-main/install/amr_topology/lib/amr_topology/mission_loop
[10.995s] -- Installing: /home/lee/Downloads/Topology_Graph_test-main/install/amr_topology/lib/amr_topology/rc_car_follower_node
[11.000s] -- Set runtime path of "/home/lee/Downloads/Topology_Graph_test-main/install/amr_topology/lib/amr_topology/rc_car_follower_node" to ""
[11.000s] -- Up-to-date: /home/lee/Downloads/Topology_Graph_test-main/install/amr_topology/share/amr_topology/config
[11.000s] -- Up-to-date: /home/lee/Downloads/Topology_Graph_test-main/install/amr_topology/share/amr_topology/config/mppi_controller.yaml
[11.000s] -- Up-to-date: /home/lee/Downloads/Topology_Graph_test-main/install/amr_topology/share/amr_topology/config/topology.yaml
[11.000s] -- Up-to-date: /home/lee/Downloads/Topology_Graph_test-main/install/amr_topology/share/amr_topology/config/amcl.yaml
[11.000s] -- Up-to-date: /home/lee/Downloads/Topology_Graph_test-main/install/amr_topology/share/amr_topology/include
[11.000s] -- Up-to-date: /home/lee/Downloads/Topology_Graph_test-main/install/amr_topology/share/amr_topology/include/amr_topology
[11.000s] -- Up-to-date: /home/lee/Downloads/Topology_Graph_test-main/install/amr_topology/share/amr_topology/include/amr_topology/local_astar_pure_pursuit.hpp
[11.000s] -- Up-to-date: /home/lee/Downloads/Topology_Graph_test-main/install/amr_topology/share/amr_topology/launch
[11.000s] -- Up-to-date: /home/lee/Downloads/Topology_Graph_test-main/install/amr_topology/share/amr_topology/launch/map_server.launch.py
[11.000s] -- Up-to-date: /home/lee/Downloads/Topology_Graph_test-main/install/amr_topology/share/amr_topology/launch/mppi_controller.launch.py
[11.000s] -- Up-to-date: /home/lee/Downloads/Topology_Graph_test-main/install/amr_topology/share/amr_topology/launch/localization_rviz.launch.py
[11.000s] -- Up-to-date: /home/lee/Downloads/Topology_Graph_test-main/install/amr_topology/share/amr_topology/maps
[11.000s] -- Up-to-date: /home/lee/Downloads/Topology_Graph_test-main/install/amr_topology/share/amr_topology/maps/map.pgm
[11.000s] -- Up-to-date: /home/lee/Downloads/Topology_Graph_test-main/install/amr_topology/share/amr_topology/maps/map.yaml
[11.000s] -- Up-to-date: /home/lee/Downloads/Topology_Graph_test-main/install/amr_topology/share/amr_topology/rviz
[11.000s] -- Up-to-date: /home/lee/Downloads/Topology_Graph_test-main/install/amr_topology/share/amr_topology/rviz/amcl_localization.rviz
[11.000s] -- Up-to-date: /home/lee/Downloads/Topology_Graph_test-main/install/amr_topology/share/ament_index/resource_index/package_run_dependencies/amr_topology
[11.000s] -- Up-to-date: /home/lee/Downloads/Topology_Graph_test-main/install/amr_topology/share/ament_index/resource_index/parent_prefix_path/amr_topology
[11.000s] -- Up-to-date: /home/lee/Downloads/Topology_Graph_test-main/install/amr_topology/share/amr_topology/environment/ament_prefix_path.sh
[11.000s] -- Up-to-date: /home/lee/Downloads/Topology_Graph_test-main/install/amr_topology/share/amr_topology/environment/ament_prefix_path.dsv
[11.000s] -- Up-to-date: /home/lee/Downloads/Topology_Graph_test-main/install/amr_topology/share/amr_topology/environment/path.sh
[11.000s] -- Up-to-date: /home/lee/Downloads/Topology_Graph_test-main/install/amr_topology/share/amr_topology/environment/path.dsv
[11.001s] -- Up-to-date: /home/lee/Downloads/Topology_Graph_test-main/install/amr_topology/share/amr_topology/local_setup.bash
[11.001s] -- Up-to-date: /home/lee/Downloads/Topology_Graph_test-main/install/amr_topology/share/amr_topology/local_setup.sh
[11.001s] -- Up-to-date: /home/lee/Downloads/Topology_Graph_test-main/install/amr_topology/share/amr_topology/local_setup.zsh
[11.001s] -- Up-to-date: /home/lee/Downloads/Topology_Graph_test-main/install/amr_topology/share/amr_topology/local_setup.dsv
[11.001s] -- Installing: /home/lee/Downloads/Topology_Graph_test-main/install/amr_topology/share/amr_topology/package.dsv
[11.001s] -- Up-to-date: /home/lee/Downloads/Topology_Graph_test-main/install/amr_topology/share/ament_index/resource_index/packages/amr_topology
[11.001s] -- Up-to-date: /home/lee/Downloads/Topology_Graph_test-main/install/amr_topology/share/amr_topology/cmake/amr_topologyConfig.cmake
[11.001s] -- Up-to-date: /home/lee/Downloads/Topology_Graph_test-main/install/amr_topology/share/amr_topology/cmake/amr_topologyConfig-version.cmake
[11.001s] -- Up-to-date: /home/lee/Downloads/Topology_Graph_test-main/install/amr_topology/share/amr_topology/package.xml
[30.020s] Invoked command in '/home/lee/Downloads/Topology_Graph_test-main/build/amr_topology' returned '0': CMAKE_PREFIX_PATH=${CMAKE_PREFIX_PATH}:/home/lee/smart_car_ws/install/smart_car_py_pkg:/opt/ros/humble /usr/bin/cmake --install /home/lee/Downloads/Topology_Graph_test-main/build/amr_topology
