[0.073s] DEBUG:colcon:Command line arguments: ['/usr/bin/colcon', 'build', '--packages-select', 'amr_topology']
[0.073s] DEBUG:colcon:Parsed command line arguments: Namespace(log_base=None, log_level=None, verb_name='build', build_base='build', install_base='install', merge_install=False, symlink_install=False, test_result_base=None, continue_on_error=False, executor='parallel', parallel_workers=16, event_handlers=None, ignore_user_meta=False, metas=['./colcon.meta'], base_paths=['.'], packages_ignore=None, packages_ignore_regex=None, paths=None, packages_up_to=None, packages_up_to_regex=None, packages_above=None, packages_above_and_dependencies=None, packages_above_depth=None, packages_select_by_dep=None, packages_skip_by_dep=None, packages_skip_up_to=None, packages_select_build_failed=False, packages_skip_build_finished=False, packages_select_test_failures=False, packages_skip_test_passed=False, packages_select=['amr_topology'], packages_skip=None, packages_select_regex=None, packages_skip_regex=None, packages_start=None, packages_end=None, allow_overriding=[], cmake_args=None, cmake_target=None, cmake_target_skip_unavailable=False, cmake_clean_cache=False, cmake_clean_first=False, cmake_force_configure=False, ament_cmake_args=None, catkin_cmake_args=None, catkin_skip_building_tests=False, verb_parser=<colcon_defaults.argument_parser.defaults.DefaultArgumentsDecorator object at 0x78d637dd8b20>, verb_extension=<colcon_core.verb.build.BuildVerb object at 0x78d637ed5f30>, main=<bound method BuildVerb.main of <colcon_core.verb.build.BuildVerb object at 0x78d637ed5f30>>)
[0.176s] Level 1:colcon.colcon_core.package_discovery:discover_packages(colcon_meta) check parameters
[0.176s] Level 1:colcon.colcon_core.package_discovery:discover_packages(recursive) check parameters
[0.176s] Level 1:colcon.colcon_core.package_discovery:discover_packages(ignore) check parameters
[0.176s] Level 1:colcon.colcon_core.package_discovery:discover_packages(path) check parameters
[0.176s] Level 1:colcon.colcon_core.package_discovery:discover_packages(colcon_meta) discover
[0.176s] Level 1:colcon.colcon_core.package_discovery:discover_packages(recursive) discover
[0.176s] INFO:colcon.colcon_core.package_discovery:Crawling recursively for packages in '/home/lee/Downloads/Topology_Graph_test-main'
[0.176s] Level 1:colcon.colcon_core.package_identification:_identify(.) by extensions ['ignore', 'ignore_ament_install']
[0.176s] Level 1:colcon.colcon_core.package_identification:_identify(.) by extension 'ignore'
[0.176s] Level 1:colcon.colcon_core.package_identification:_identify(.) by extension 'ignore_ament_install'
[0.176s] Level 1:colcon.colcon_core.package_identification:_identify(.) by extensions ['colcon_pkg']
[0.176s] Level 1:colcon.colcon_core.package_identification:_identify(.) by extension 'colcon_pkg'
[0.176s] Level 1:colcon.colcon_core.package_identification:_identify(.) by extensions ['colcon_meta']
[0.176s] Level 1:colcon.colcon_core.package_identification:_identify(.) by extension 'colcon_meta'
[0.176s] Level 1:colcon.colcon_core.package_identification:_identify(.) by extensions ['ros']
[0.176s] Level 1:colcon.colcon_core.package_identification:_identify(.) by extension 'ros'
[0.183s] Level 1:colcon.colcon_core.package_identification:_identify(.) by extensions ['cmake', 'python']
[0.183s] Level 1:colcon.colcon_core.package_identification:_identify(.) by extension 'cmake'
[0.183s] Level 1:colcon.colcon_core.package_identification:_identify(.) by extension 'python'
[0.183s] Level 1:colcon.colcon_core.package_identification:_identify(.) by extensions ['python_setup_py']
[0.183s] Level 1:colcon.colcon_core.package_identification:_identify(.) by extension 'python_setup_py'
[0.183s] Level 1:colcon.colcon_core.package_identification:_identify(build) by extensions ['ignore', 'ignore_ament_install']
[0.183s] Level 1:colcon.colcon_core.package_identification:_identify(build) by extension 'ignore'
[0.183s] Level 1:colcon.colcon_core.package_identification:_identify(build) ignored
[0.183s] Level 1:colcon.colcon_core.package_identification:_identify(charger_docking_debug) by extensions ['ignore', 'ignore_ament_install']
[0.183s] Level 1:colcon.colcon_core.package_identification:_identify(charger_docking_debug) by extension 'ignore'
[0.183s] Level 1:colcon.colcon_core.package_identification:_identify(charger_docking_debug) by extension 'ignore_ament_install'
[0.183s] Level 1:colcon.colcon_core.package_identification:_identify(charger_docking_debug) by extensions ['colcon_pkg']
[0.183s] Level 1:colcon.colcon_core.package_identification:_identify(charger_docking_debug) by extension 'colcon_pkg'
[0.183s] Level 1:colcon.colcon_core.package_identification:_identify(charger_docking_debug) by extensions ['colcon_meta']
[0.183s] Level 1:colcon.colcon_core.package_identification:_identify(charger_docking_debug) by extension 'colcon_meta'
[0.183s] Level 1:colcon.colcon_core.package_identification:_identify(charger_docking_debug) by extensions ['ros']
[0.183s] Level 1:colcon.colcon_core.package_identification:_identify(charger_docking_debug) by extension 'ros'
[0.183s] Level 1:colcon.colcon_core.package_identification:_identify(charger_docking_debug) by extensions ['cmake', 'python']
[0.183s] Level 1:colcon.colcon_core.package_identification:_identify(charger_docking_debug) by extension 'cmake'
[0.183s] Level 1:colcon.colcon_core.package_identification:_identify(charger_docking_debug) by extension 'python'
[0.183s] Level 1:colcon.colcon_core.package_identification:_identify(charger_docking_debug) by extensions ['python_setup_py']
[0.183s] Level 1:colcon.colcon_core.package_identification:_identify(charger_docking_debug) by extension 'python_setup_py'
[0.183s] Level 1:colcon.colcon_core.package_identification:_identify(install) by extensions ['ignore', 'ignore_ament_install']
[0.183s] Level 1:colcon.colcon_core.package_identification:_identify(install) by extension 'ignore'
[0.183s] Level 1:colcon.colcon_core.package_identification:_identify(install) ignored
[0.184s] Level 1:colcon.colcon_core.package_identification:_identify(log) by extensions ['ignore', 'ignore_ament_install']
[0.184s] Level 1:colcon.colcon_core.package_identification:_identify(log) by extension 'ignore'
[0.184s] Level 1:colcon.colcon_core.package_identification:_identify(log) ignored
[0.184s] Level 1:colcon.colcon_core.package_identification:_identify(rosbag) by extensions ['ignore', 'ignore_ament_install']
[0.184s] Level 1:colcon.colcon_core.package_identification:_identify(rosbag) by extension 'ignore'
[0.184s] Level 1:colcon.colcon_core.package_identification:_identify(rosbag) by extension 'ignore_ament_install'
[0.184s] Level 1:colcon.colcon_core.package_identification:_identify(rosbag) by extensions ['colcon_pkg']
[0.184s] Level 1:colcon.colcon_core.package_identification:_identify(rosbag) by extension 'colcon_pkg'
[0.184s] Level 1:colcon.colcon_core.package_identification:_identify(rosbag) by extensions ['colcon_meta']
[0.184s] Level 1:colcon.colcon_core.package_identification:_identify(rosbag) by extension 'colcon_meta'
[0.184s] Level 1:colcon.colcon_core.package_identification:_identify(rosbag) by extensions ['ros']
[0.184s] Level 1:colcon.colcon_core.package_identification:_identify(rosbag) by extension 'ros'
[0.184s] Level 1:colcon.colcon_core.package_identification:_identify(rosbag) by extensions ['cmake', 'python']
[0.184s] Level 1:colcon.colcon_core.package_identification:_identify(rosbag) by extension 'cmake'
[0.184s] Level 1:colcon.colcon_core.package_identification:_identify(rosbag) by extension 'python'
[0.184s] Level 1:colcon.colcon_core.package_identification:_identify(rosbag) by extensions ['python_setup_py']
[0.184s] Level 1:colcon.colcon_core.package_identification:_identify(rosbag) by extension 'python_setup_py'
[0.184s] Level 1:colcon.colcon_core.package_identification:_identify(rosbag/avoidance_bag_01) by extensions ['ignore', 'ignore_ament_install']
[0.184s] Level 1:colcon.colcon_core.package_identification:_identify(rosbag/avoidance_bag_01) by extension 'ignore'
[0.184s] Level 1:colcon.colcon_core.package_identification:_identify(rosbag/avoidance_bag_01) by extension 'ignore_ament_install'
[0.184s] Level 1:colcon.colcon_core.package_identification:_identify(rosbag/avoidance_bag_01) by extensions ['colcon_pkg']
[0.184s] Level 1:colcon.colcon_core.package_identification:_identify(rosbag/avoidance_bag_01) by extension 'colcon_pkg'
[0.184s] Level 1:colcon.colcon_core.package_identification:_identify(rosbag/avoidance_bag_01) by extensions ['colcon_meta']
[0.184s] Level 1:colcon.colcon_core.package_identification:_identify(rosbag/avoidance_bag_01) by extension 'colcon_meta'
[0.184s] Level 1:colcon.colcon_core.package_identification:_identify(rosbag/avoidance_bag_01) by extensions ['ros']
[0.184s] Level 1:colcon.colcon_core.package_identification:_identify(rosbag/avoidance_bag_01) by extension 'ros'
[0.184s] Level 1:colcon.colcon_core.package_identification:_identify(rosbag/avoidance_bag_01) by extensions ['cmake', 'python']
[0.184s] Level 1:colcon.colcon_core.package_identification:_identify(rosbag/avoidance_bag_01) by extension 'cmake'
[0.184s] Level 1:colcon.colcon_core.package_identification:_identify(rosbag/avoidance_bag_01) by extension 'python'
[0.184s] Level 1:colcon.colcon_core.package_identification:_identify(rosbag/avoidance_bag_01) by extensions ['python_setup_py']
[0.184s] Level 1:colcon.colcon_core.package_identification:_identify(rosbag/avoidance_bag_01) by extension 'python_setup_py'
[0.184s] Level 1:colcon.colcon_core.package_identification:_identify(rosbag/avoidance_bag_02) by extensions ['ignore', 'ignore_ament_install']
[0.184s] Level 1:colcon.colcon_core.package_identification:_identify(rosbag/avoidance_bag_02) by extension 'ignore'
[0.184s] Level 1:colcon.colcon_core.package_identification:_identify(rosbag/avoidance_bag_02) by extension 'ignore_ament_install'
[0.184s] Level 1:colcon.colcon_core.package_identification:_identify(rosbag/avoidance_bag_02) by extensions ['colcon_pkg']
[0.184s] Level 1:colcon.colcon_core.package_identification:_identify(rosbag/avoidance_bag_02) by extension 'colcon_pkg'
[0.184s] Level 1:colcon.colcon_core.package_identification:_identify(rosbag/avoidance_bag_02) by extensions ['colcon_meta']
[0.184s] Level 1:colcon.colcon_core.package_identification:_identify(rosbag/avoidance_bag_02) by extension 'colcon_meta'
[0.184s] Level 1:colcon.colcon_core.package_identification:_identify(rosbag/avoidance_bag_02) by extensions ['ros']
[0.184s] Level 1:colcon.colcon_core.package_identification:_identify(rosbag/avoidance_bag_02) by extension 'ros'
[0.184s] Level 1:colcon.colcon_core.package_identification:_identify(rosbag/avoidance_bag_02) by extensions ['cmake', 'python']
[0.184s] Level 1:colcon.colcon_core.package_identification:_identify(rosbag/avoidance_bag_02) by extension 'cmake'
[0.184s] Level 1:colcon.colcon_core.package_identification:_identify(rosbag/avoidance_bag_02) by extension 'python'
[0.184s] Level 1:colcon.colcon_core.package_identification:_identify(rosbag/avoidance_bag_02) by extensions ['python_setup_py']
[0.184s] Level 1:colcon.colcon_core.package_identification:_identify(rosbag/avoidance_bag_02) by extension 'python_setup_py'
[0.185s] Level 1:colcon.colcon_core.package_identification:_identify(rosbag/avoidance_bag_03) by extensions ['ignore', 'ignore_ament_install']
[0.185s] Level 1:colcon.colcon_core.package_identification:_identify(rosbag/avoidance_bag_03) by extension 'ignore'
[0.185s] Level 1:colcon.colcon_core.package_identification:_identify(rosbag/avoidance_bag_03) by extension 'ignore_ament_install'
[0.185s] Level 1:colcon.colcon_core.package_identification:_identify(rosbag/avoidance_bag_03) by extensions ['colcon_pkg']
[0.185s] Level 1:colcon.colcon_core.package_identification:_identify(rosbag/avoidance_bag_03) by extension 'colcon_pkg'
[0.185s] Level 1:colcon.colcon_core.package_identification:_identify(rosbag/avoidance_bag_03) by extensions ['colcon_meta']
[0.185s] Level 1:colcon.colcon_core.package_identification:_identify(rosbag/avoidance_bag_03) by extension 'colcon_meta'
[0.185s] Level 1:colcon.colcon_core.package_identification:_identify(rosbag/avoidance_bag_03) by extensions ['ros']
[0.185s] Level 1:colcon.colcon_core.package_identification:_identify(rosbag/avoidance_bag_03) by extension 'ros'
[0.185s] Level 1:colcon.colcon_core.package_identification:_identify(rosbag/avoidance_bag_03) by extensions ['cmake', 'python']
[0.185s] Level 1:colcon.colcon_core.package_identification:_identify(rosbag/avoidance_bag_03) by extension 'cmake'
[0.185s] Level 1:colcon.colcon_core.package_identification:_identify(rosbag/avoidance_bag_03) by extension 'python'
[0.185s] Level 1:colcon.colcon_core.package_identification:_identify(rosbag/avoidance_bag_03) by extensions ['python_setup_py']
[0.185s] Level 1:colcon.colcon_core.package_identification:_identify(rosbag/avoidance_bag_03) by extension 'python_setup_py'
[0.185s] Level 1:colcon.colcon_core.package_identification:_identify(rosbag/avoidance_bag_04) by extensions ['ignore', 'ignore_ament_install']
[0.185s] Level 1:colcon.colcon_core.package_identification:_identify(rosbag/avoidance_bag_04) by extension 'ignore'
[0.185s] Level 1:colcon.colcon_core.package_identification:_identify(rosbag/avoidance_bag_04) by extension 'ignore_ament_install'
[0.185s] Level 1:colcon.colcon_core.package_identification:_identify(rosbag/avoidance_bag_04) by extensions ['colcon_pkg']
[0.185s] Level 1:colcon.colcon_core.package_identification:_identify(rosbag/avoidance_bag_04) by extension 'colcon_pkg'
[0.185s] Level 1:colcon.colcon_core.package_identification:_identify(rosbag/avoidance_bag_04) by extensions ['colcon_meta']
[0.185s] Level 1:colcon.colcon_core.package_identification:_identify(rosbag/avoidance_bag_04) by extension 'colcon_meta'
[0.185s] Level 1:colcon.colcon_core.package_identification:_identify(rosbag/avoidance_bag_04) by extensions ['ros']
[0.185s] Level 1:colcon.colcon_core.package_identification:_identify(rosbag/avoidance_bag_04) by extension 'ros'
[0.185s] Level 1:colcon.colcon_core.package_identification:_identify(rosbag/avoidance_bag_04) by extensions ['cmake', 'python']
[0.185s] Level 1:colcon.colcon_core.package_identification:_identify(rosbag/avoidance_bag_04) by extension 'cmake'
[0.185s] Level 1:colcon.colcon_core.package_identification:_identify(rosbag/avoidance_bag_04) by extension 'python'
[0.185s] Level 1:colcon.colcon_core.package_identification:_identify(rosbag/avoidance_bag_04) by extensions ['python_setup_py']
[0.185s] Level 1:colcon.colcon_core.package_identification:_identify(rosbag/avoidance_bag_04) by extension 'python_setup_py'
[0.185s] Level 1:colcon.colcon_core.package_identification:_identify(rosbag/avoidance_bag_05) by extensions ['ignore', 'ignore_ament_install']
[0.185s] Level 1:colcon.colcon_core.package_identification:_identify(rosbag/avoidance_bag_05) by extension 'ignore'
[0.185s] Level 1:colcon.colcon_core.package_identification:_identify(rosbag/avoidance_bag_05) by extension 'ignore_ament_install'
[0.185s] Level 1:colcon.colcon_core.package_identification:_identify(rosbag/avoidance_bag_05) by extensions ['colcon_pkg']
[0.185s] Level 1:colcon.colcon_core.package_identification:_identify(rosbag/avoidance_bag_05) by extension 'colcon_pkg'
[0.185s] Level 1:colcon.colcon_core.package_identification:_identify(rosbag/avoidance_bag_05) by extensions ['colcon_meta']
[0.185s] Level 1:colcon.colcon_core.package_identification:_identify(rosbag/avoidance_bag_05) by extension 'colcon_meta'
[0.185s] Level 1:colcon.colcon_core.package_identification:_identify(rosbag/avoidance_bag_05) by extensions ['ros']
[0.185s] Level 1:colcon.colcon_core.package_identification:_identify(rosbag/avoidance_bag_05) by extension 'ros'
[0.185s] Level 1:colcon.colcon_core.package_identification:_identify(rosbag/avoidance_bag_05) by extensions ['cmake', 'python']
[0.185s] Level 1:colcon.colcon_core.package_identification:_identify(rosbag/avoidance_bag_05) by extension 'cmake'
[0.185s] Level 1:colcon.colcon_core.package_identification:_identify(rosbag/avoidance_bag_05) by extension 'python'
[0.185s] Level 1:colcon.colcon_core.package_identification:_identify(rosbag/avoidance_bag_05) by extensions ['python_setup_py']
[0.185s] Level 1:colcon.colcon_core.package_identification:_identify(rosbag/avoidance_bag_05) by extension 'python_setup_py'
[0.185s] Level 1:colcon.colcon_core.package_identification:_identify(rosbag/avoidance_bag_06) by extensions ['ignore', 'ignore_ament_install']
[0.185s] Level 1:colcon.colcon_core.package_identification:_identify(rosbag/avoidance_bag_06) by extension 'ignore'
[0.185s] Level 1:colcon.colcon_core.package_identification:_identify(rosbag/avoidance_bag_06) by extension 'ignore_ament_install'
[0.185s] Level 1:colcon.colcon_core.package_identification:_identify(rosbag/avoidance_bag_06) by extensions ['colcon_pkg']
[0.185s] Level 1:colcon.colcon_core.package_identification:_identify(rosbag/avoidance_bag_06) by extension 'colcon_pkg'
[0.185s] Level 1:colcon.colcon_core.package_identification:_identify(rosbag/avoidance_bag_06) by extensions ['colcon_meta']
[0.185s] Level 1:colcon.colcon_core.package_identification:_identify(rosbag/avoidance_bag_06) by extension 'colcon_meta'
[0.185s] Level 1:colcon.colcon_core.package_identification:_identify(rosbag/avoidance_bag_06) by extensions ['ros']
[0.185s] Level 1:colcon.colcon_core.package_identification:_identify(rosbag/avoidance_bag_06) by extension 'ros'
[0.185s] Level 1:colcon.colcon_core.package_identification:_identify(rosbag/avoidance_bag_06) by extensions ['cmake', 'python']
[0.185s] Level 1:colcon.colcon_core.package_identification:_identify(rosbag/avoidance_bag_06) by extension 'cmake'
[0.185s] Level 1:colcon.colcon_core.package_identification:_identify(rosbag/avoidance_bag_06) by extension 'python'
[0.185s] Level 1:colcon.colcon_core.package_identification:_identify(rosbag/avoidance_bag_06) by extensions ['python_setup_py']
[0.186s] Level 1:colcon.colcon_core.package_identification:_identify(rosbag/avoidance_bag_06) by extension 'python_setup_py'
[0.186s] Level 1:colcon.colcon_core.package_identification:_identify(rosbag/avoidance_bag_07) by extensions ['ignore', 'ignore_ament_install']
[0.186s] Level 1:colcon.colcon_core.package_identification:_identify(rosbag/avoidance_bag_07) by extension 'ignore'
[0.186s] Level 1:colcon.colcon_core.package_identification:_identify(rosbag/avoidance_bag_07) by extension 'ignore_ament_install'
[0.186s] Level 1:colcon.colcon_core.package_identification:_identify(rosbag/avoidance_bag_07) by extensions ['colcon_pkg']
[0.186s] Level 1:colcon.colcon_core.package_identification:_identify(rosbag/avoidance_bag_07) by extension 'colcon_pkg'
[0.186s] Level 1:colcon.colcon_core.package_identification:_identify(rosbag/avoidance_bag_07) by extensions ['colcon_meta']
[0.186s] Level 1:colcon.colcon_core.package_identification:_identify(rosbag/avoidance_bag_07) by extension 'colcon_meta'
[0.186s] Level 1:colcon.colcon_core.package_identification:_identify(rosbag/avoidance_bag_07) by extensions ['ros']
[0.186s] Level 1:colcon.colcon_core.package_identification:_identify(rosbag/avoidance_bag_07) by extension 'ros'
[0.186s] Level 1:colcon.colcon_core.package_identification:_identify(rosbag/avoidance_bag_07) by extensions ['cmake', 'python']
[0.186s] Level 1:colcon.colcon_core.package_identification:_identify(rosbag/avoidance_bag_07) by extension 'cmake'
[0.186s] Level 1:colcon.colcon_core.package_identification:_identify(rosbag/avoidance_bag_07) by extension 'python'
[0.186s] Level 1:colcon.colcon_core.package_identification:_identify(rosbag/avoidance_bag_07) by extensions ['python_setup_py']
[0.186s] Level 1:colcon.colcon_core.package_identification:_identify(rosbag/avoidance_bag_07) by extension 'python_setup_py'
[0.186s] Level 1:colcon.colcon_core.package_identification:_identify(rosbag/avoidance_bag_08) by extensions ['ignore', 'ignore_ament_install']
[0.186s] Level 1:colcon.colcon_core.package_identification:_identify(rosbag/avoidance_bag_08) by extension 'ignore'
[0.186s] Level 1:colcon.colcon_core.package_identification:_identify(rosbag/avoidance_bag_08) by extension 'ignore_ament_install'
[0.186s] Level 1:colcon.colcon_core.package_identification:_identify(rosbag/avoidance_bag_08) by extensions ['colcon_pkg']
[0.186s] Level 1:colcon.colcon_core.package_identification:_identify(rosbag/avoidance_bag_08) by extension 'colcon_pkg'
[0.186s] Level 1:colcon.colcon_core.package_identification:_identify(rosbag/avoidance_bag_08) by extensions ['colcon_meta']
[0.186s] Level 1:colcon.colcon_core.package_identification:_identify(rosbag/avoidance_bag_08) by extension 'colcon_meta'
[0.186s] Level 1:colcon.colcon_core.package_identification:_identify(rosbag/avoidance_bag_08) by extensions ['ros']
[0.186s] Level 1:colcon.colcon_core.package_identification:_identify(rosbag/avoidance_bag_08) by extension 'ros'
[0.186s] Level 1:colcon.colcon_core.package_identification:_identify(rosbag/avoidance_bag_08) by extensions ['cmake', 'python']
[0.186s] Level 1:colcon.colcon_core.package_identification:_identify(rosbag/avoidance_bag_08) by extension 'cmake'
[0.186s] Level 1:colcon.colcon_core.package_identification:_identify(rosbag/avoidance_bag_08) by extension 'python'
[0.186s] Level 1:colcon.colcon_core.package_identification:_identify(rosbag/avoidance_bag_08) by extensions ['python_setup_py']
[0.186s] Level 1:colcon.colcon_core.package_identification:_identify(rosbag/avoidance_bag_08) by extension 'python_setup_py'
[0.186s] Level 1:colcon.colcon_core.package_identification:_identify(rosbag/avoidance_bag_09) by extensions ['ignore', 'ignore_ament_install']
[0.186s] Level 1:colcon.colcon_core.package_identification:_identify(rosbag/avoidance_bag_09) by extension 'ignore'
[0.186s] Level 1:colcon.colcon_core.package_identification:_identify(rosbag/avoidance_bag_09) by extension 'ignore_ament_install'
[0.186s] Level 1:colcon.colcon_core.package_identification:_identify(rosbag/avoidance_bag_09) by extensions ['colcon_pkg']
[0.186s] Level 1:colcon.colcon_core.package_identification:_identify(rosbag/avoidance_bag_09) by extension 'colcon_pkg'
[0.186s] Level 1:colcon.colcon_core.package_identification:_identify(rosbag/avoidance_bag_09) by extensions ['colcon_meta']
[0.186s] Level 1:colcon.colcon_core.package_identification:_identify(rosbag/avoidance_bag_09) by extension 'colcon_meta'
[0.186s] Level 1:colcon.colcon_core.package_identification:_identify(rosbag/avoidance_bag_09) by extensions ['ros']
[0.186s] Level 1:colcon.colcon_core.package_identification:_identify(rosbag/avoidance_bag_09) by extension 'ros'
[0.186s] Level 1:colcon.colcon_core.package_identification:_identify(rosbag/avoidance_bag_09) by extensions ['cmake', 'python']
[0.186s] Level 1:colcon.colcon_core.package_identification:_identify(rosbag/avoidance_bag_09) by extension 'cmake'
[0.186s] Level 1:colcon.colcon_core.package_identification:_identify(rosbag/avoidance_bag_09) by extension 'python'
[0.186s] Level 1:colcon.colcon_core.package_identification:_identify(rosbag/avoidance_bag_09) by extensions ['python_setup_py']
[0.186s] Level 1:colcon.colcon_core.package_identification:_identify(rosbag/avoidance_bag_09) by extension 'python_setup_py'
[0.186s] Level 1:colcon.colcon_core.package_identification:_identify(rosbag/avoidance_bag_10) by extensions ['ignore', 'ignore_ament_install']
[0.186s] Level 1:colcon.colcon_core.package_identification:_identify(rosbag/avoidance_bag_10) by extension 'ignore'
[0.186s] Level 1:colcon.colcon_core.package_identification:_identify(rosbag/avoidance_bag_10) by extension 'ignore_ament_install'
[0.186s] Level 1:colcon.colcon_core.package_identification:_identify(rosbag/avoidance_bag_10) by extensions ['colcon_pkg']
[0.186s] Level 1:colcon.colcon_core.package_identification:_identify(rosbag/avoidance_bag_10) by extension 'colcon_pkg'
[0.186s] Level 1:colcon.colcon_core.package_identification:_identify(rosbag/avoidance_bag_10) by extensions ['colcon_meta']
[0.186s] Level 1:colcon.colcon_core.package_identification:_identify(rosbag/avoidance_bag_10) by extension 'colcon_meta'
[0.186s] Level 1:colcon.colcon_core.package_identification:_identify(rosbag/avoidance_bag_10) by extensions ['ros']
[0.186s] Level 1:colcon.colcon_core.package_identification:_identify(rosbag/avoidance_bag_10) by extension 'ros'
[0.186s] Level 1:colcon.colcon_core.package_identification:_identify(rosbag/avoidance_bag_10) by extensions ['cmake', 'python']
[0.186s] Level 1:colcon.colcon_core.package_identification:_identify(rosbag/avoidance_bag_10) by extension 'cmake'
[0.186s] Level 1:colcon.colcon_core.package_identification:_identify(rosbag/avoidance_bag_10) by extension 'python'
[0.186s] Level 1:colcon.colcon_core.package_identification:_identify(rosbag/avoidance_bag_10) by extensions ['python_setup_py']
[0.187s] Level 1:colcon.colcon_core.package_identification:_identify(rosbag/avoidance_bag_10) by extension 'python_setup_py'
[0.187s] Level 1:colcon.colcon_core.package_identification:_identify(rosbag/avoidance_bag_11) by extensions ['ignore', 'ignore_ament_install']
[0.187s] Level 1:colcon.colcon_core.package_identification:_identify(rosbag/avoidance_bag_11) by extension 'ignore'
[0.187s] Level 1:colcon.colcon_core.package_identification:_identify(rosbag/avoidance_bag_11) by extension 'ignore_ament_install'
[0.187s] Level 1:colcon.colcon_core.package_identification:_identify(rosbag/avoidance_bag_11) by extensions ['colcon_pkg']
[0.187s] Level 1:colcon.colcon_core.package_identification:_identify(rosbag/avoidance_bag_11) by extension 'colcon_pkg'
[0.187s] Level 1:colcon.colcon_core.package_identification:_identify(rosbag/avoidance_bag_11) by extensions ['colcon_meta']
[0.187s] Level 1:colcon.colcon_core.package_identification:_identify(rosbag/avoidance_bag_11) by extension 'colcon_meta'
[0.187s] Level 1:colcon.colcon_core.package_identification:_identify(rosbag/avoidance_bag_11) by extensions ['ros']
[0.187s] Level 1:colcon.colcon_core.package_identification:_identify(rosbag/avoidance_bag_11) by extension 'ros'
[0.187s] Level 1:colcon.colcon_core.package_identification:_identify(rosbag/avoidance_bag_11) by extensions ['cmake', 'python']
[0.187s] Level 1:colcon.colcon_core.package_identification:_identify(rosbag/avoidance_bag_11) by extension 'cmake'
[0.187s] Level 1:colcon.colcon_core.package_identification:_identify(rosbag/avoidance_bag_11) by extension 'python'
[0.187s] Level 1:colcon.colcon_core.package_identification:_identify(rosbag/avoidance_bag_11) by extensions ['python_setup_py']
[0.187s] Level 1:colcon.colcon_core.package_identification:_identify(rosbag/avoidance_bag_11) by extension 'python_setup_py'
[0.187s] Level 1:colcon.colcon_core.package_identification:_identify(rosbag/avoidance_bag_12) by extensions ['ignore', 'ignore_ament_install']
[0.187s] Level 1:colcon.colcon_core.package_identification:_identify(rosbag/avoidance_bag_12) by extension 'ignore'
[0.187s] Level 1:colcon.colcon_core.package_identification:_identify(rosbag/avoidance_bag_12) by extension 'ignore_ament_install'
[0.187s] Level 1:colcon.colcon_core.package_identification:_identify(rosbag/avoidance_bag_12) by extensions ['colcon_pkg']
[0.187s] Level 1:colcon.colcon_core.package_identification:_identify(rosbag/avoidance_bag_12) by extension 'colcon_pkg'
[0.187s] Level 1:colcon.colcon_core.package_identification:_identify(rosbag/avoidance_bag_12) by extensions ['colcon_meta']
[0.187s] Level 1:colcon.colcon_core.package_identification:_identify(rosbag/avoidance_bag_12) by extension 'colcon_meta'
[0.187s] Level 1:colcon.colcon_core.package_identification:_identify(rosbag/avoidance_bag_12) by extensions ['ros']
[0.187s] Level 1:colcon.colcon_core.package_identification:_identify(rosbag/avoidance_bag_12) by extension 'ros'
[0.187s] Level 1:colcon.colcon_core.package_identification:_identify(rosbag/avoidance_bag_12) by extensions ['cmake', 'python']
[0.187s] Level 1:colcon.colcon_core.package_identification:_identify(rosbag/avoidance_bag_12) by extension 'cmake'
[0.187s] Level 1:colcon.colcon_core.package_identification:_identify(rosbag/avoidance_bag_12) by extension 'python'
[0.187s] Level 1:colcon.colcon_core.package_identification:_identify(rosbag/avoidance_bag_12) by extensions ['python_setup_py']
[0.187s] Level 1:colcon.colcon_core.package_identification:_identify(rosbag/avoidance_bag_12) by extension 'python_setup_py'
[0.187s] Level 1:colcon.colcon_core.package_identification:_identify(rosbag/avoidance_bag_13) by extensions ['ignore', 'ignore_ament_install']
[0.187s] Level 1:colcon.colcon_core.package_identification:_identify(rosbag/avoidance_bag_13) by extension 'ignore'
[0.187s] Level 1:colcon.colcon_core.package_identification:_identify(rosbag/avoidance_bag_13) by extension 'ignore_ament_install'
[0.187s] Level 1:colcon.colcon_core.package_identification:_identify(rosbag/avoidance_bag_13) by extensions ['colcon_pkg']
[0.187s] Level 1:colcon.colcon_core.package_identification:_identify(rosbag/avoidance_bag_13) by extension 'colcon_pkg'
[0.187s] Level 1:colcon.colcon_core.package_identification:_identify(rosbag/avoidance_bag_13) by extensions ['colcon_meta']
[0.187s] Level 1:colcon.colcon_core.package_identification:_identify(rosbag/avoidance_bag_13) by extension 'colcon_meta'
[0.187s] Level 1:colcon.colcon_core.package_identification:_identify(rosbag/avoidance_bag_13) by extensions ['ros']
[0.187s] Level 1:colcon.colcon_core.package_identification:_identify(rosbag/avoidance_bag_13) by extension 'ros'
[0.187s] Level 1:colcon.colcon_core.package_identification:_identify(rosbag/avoidance_bag_13) by extensions ['cmake', 'python']
[0.187s] Level 1:colcon.colcon_core.package_identification:_identify(rosbag/avoidance_bag_13) by extension 'cmake'
[0.187s] Level 1:colcon.colcon_core.package_identification:_identify(rosbag/avoidance_bag_13) by extension 'python'
[0.187s] Level 1:colcon.colcon_core.package_identification:_identify(rosbag/avoidance_bag_13) by extensions ['python_setup_py']
[0.187s] Level 1:colcon.colcon_core.package_identification:_identify(rosbag/avoidance_bag_13) by extension 'python_setup_py'
[0.187s] Level 1:colcon.colcon_core.package_identification:_identify(rosbag/avoidance_bag_14) by extensions ['ignore', 'ignore_ament_install']
[0.187s] Level 1:colcon.colcon_core.package_identification:_identify(rosbag/avoidance_bag_14) by extension 'ignore'
[0.187s] Level 1:colcon.colcon_core.package_identification:_identify(rosbag/avoidance_bag_14) by extension 'ignore_ament_install'
[0.187s] Level 1:colcon.colcon_core.package_identification:_identify(rosbag/avoidance_bag_14) by extensions ['colcon_pkg']
[0.187s] Level 1:colcon.colcon_core.package_identification:_identify(rosbag/avoidance_bag_14) by extension 'colcon_pkg'
[0.187s] Level 1:colcon.colcon_core.package_identification:_identify(rosbag/avoidance_bag_14) by extensions ['colcon_meta']
[0.187s] Level 1:colcon.colcon_core.package_identification:_identify(rosbag/avoidance_bag_14) by extension 'colcon_meta'
[0.187s] Level 1:colcon.colcon_core.package_identification:_identify(rosbag/avoidance_bag_14) by extensions ['ros']
[0.187s] Level 1:colcon.colcon_core.package_identification:_identify(rosbag/avoidance_bag_14) by extension 'ros'
[0.187s] Level 1:colcon.colcon_core.package_identification:_identify(rosbag/avoidance_bag_14) by extensions ['cmake', 'python']
[0.187s] Level 1:colcon.colcon_core.package_identification:_identify(rosbag/avoidance_bag_14) by extension 'cmake'
[0.187s] Level 1:colcon.colcon_core.package_identification:_identify(rosbag/avoidance_bag_14) by extension 'python'
[0.188s] Level 1:colcon.colcon_core.package_identification:_identify(rosbag/avoidance_bag_14) by extensions ['python_setup_py']
[0.188s] Level 1:colcon.colcon_core.package_identification:_identify(rosbag/avoidance_bag_14) by extension 'python_setup_py'
[0.188s] Level 1:colcon.colcon_core.package_identification:_identify(rosbag/avoidance_bag_15) by extensions ['ignore', 'ignore_ament_install']
[0.188s] Level 1:colcon.colcon_core.package_identification:_identify(rosbag/avoidance_bag_15) by extension 'ignore'
[0.188s] Level 1:colcon.colcon_core.package_identification:_identify(rosbag/avoidance_bag_15) by extension 'ignore_ament_install'
[0.188s] Level 1:colcon.colcon_core.package_identification:_identify(rosbag/avoidance_bag_15) by extensions ['colcon_pkg']
[0.188s] Level 1:colcon.colcon_core.package_identification:_identify(rosbag/avoidance_bag_15) by extension 'colcon_pkg'
[0.188s] Level 1:colcon.colcon_core.package_identification:_identify(rosbag/avoidance_bag_15) by extensions ['colcon_meta']
[0.188s] Level 1:colcon.colcon_core.package_identification:_identify(rosbag/avoidance_bag_15) by extension 'colcon_meta'
[0.188s] Level 1:colcon.colcon_core.package_identification:_identify(rosbag/avoidance_bag_15) by extensions ['ros']
[0.188s] Level 1:colcon.colcon_core.package_identification:_identify(rosbag/avoidance_bag_15) by extension 'ros'
[0.188s] Level 1:colcon.colcon_core.package_identification:_identify(rosbag/avoidance_bag_15) by extensions ['cmake', 'python']
[0.188s] Level 1:colcon.colcon_core.package_identification:_identify(rosbag/avoidance_bag_15) by extension 'cmake'
[0.188s] Level 1:colcon.colcon_core.package_identification:_identify(rosbag/avoidance_bag_15) by extension 'python'
[0.188s] Level 1:colcon.colcon_core.package_identification:_identify(rosbag/avoidance_bag_15) by extensions ['python_setup_py']
[0.188s] Level 1:colcon.colcon_core.package_identification:_identify(rosbag/avoidance_bag_15) by extension 'python_setup_py'
[0.188s] Level 1:colcon.colcon_core.package_identification:_identify(rosbag/avoidance_bag_16) by extensions ['ignore', 'ignore_ament_install']
[0.188s] Level 1:colcon.colcon_core.package_identification:_identify(rosbag/avoidance_bag_16) by extension 'ignore'
[0.188s] Level 1:colcon.colcon_core.package_identification:_identify(rosbag/avoidance_bag_16) by extension 'ignore_ament_install'
[0.188s] Level 1:colcon.colcon_core.package_identification:_identify(rosbag/avoidance_bag_16) by extensions ['colcon_pkg']
[0.188s] Level 1:colcon.colcon_core.package_identification:_identify(rosbag/avoidance_bag_16) by extension 'colcon_pkg'
[0.188s] Level 1:colcon.colcon_core.package_identification:_identify(rosbag/avoidance_bag_16) by extensions ['colcon_meta']
[0.188s] Level 1:colcon.colcon_core.package_identification:_identify(rosbag/avoidance_bag_16) by extension 'colcon_meta'
[0.188s] Level 1:colcon.colcon_core.package_identification:_identify(rosbag/avoidance_bag_16) by extensions ['ros']
[0.188s] Level 1:colcon.colcon_core.package_identification:_identify(rosbag/avoidance_bag_16) by extension 'ros'
[0.188s] Level 1:colcon.colcon_core.package_identification:_identify(rosbag/avoidance_bag_16) by extensions ['cmake', 'python']
[0.188s] Level 1:colcon.colcon_core.package_identification:_identify(rosbag/avoidance_bag_16) by extension 'cmake'
[0.188s] Level 1:colcon.colcon_core.package_identification:_identify(rosbag/avoidance_bag_16) by extension 'python'
[0.188s] Level 1:colcon.colcon_core.package_identification:_identify(rosbag/avoidance_bag_16) by extensions ['python_setup_py']
[0.188s] Level 1:colcon.colcon_core.package_identification:_identify(rosbag/avoidance_bag_16) by extension 'python_setup_py'
[0.188s] Level 1:colcon.colcon_core.package_identification:_identify(rosbag/avoidance_bag_17) by extensions ['ignore', 'ignore_ament_install']
[0.188s] Level 1:colcon.colcon_core.package_identification:_identify(rosbag/avoidance_bag_17) by extension 'ignore'
[0.188s] Level 1:colcon.colcon_core.package_identification:_identify(rosbag/avoidance_bag_17) by extension 'ignore_ament_install'
[0.188s] Level 1:colcon.colcon_core.package_identification:_identify(rosbag/avoidance_bag_17) by extensions ['colcon_pkg']
[0.188s] Level 1:colcon.colcon_core.package_identification:_identify(rosbag/avoidance_bag_17) by extension 'colcon_pkg'
[0.188s] Level 1:colcon.colcon_core.package_identification:_identify(rosbag/avoidance_bag_17) by extensions ['colcon_meta']
[0.188s] Level 1:colcon.colcon_core.package_identification:_identify(rosbag/avoidance_bag_17) by extension 'colcon_meta'
[0.188s] Level 1:colcon.colcon_core.package_identification:_identify(rosbag/avoidance_bag_17) by extensions ['ros']
[0.188s] Level 1:colcon.colcon_core.package_identification:_identify(rosbag/avoidance_bag_17) by extension 'ros'
[0.188s] Level 1:colcon.colcon_core.package_identification:_identify(rosbag/avoidance_bag_17) by extensions ['cmake', 'python']
[0.188s] Level 1:colcon.colcon_core.package_identification:_identify(rosbag/avoidance_bag_17) by extension 'cmake'
[0.188s] Level 1:colcon.colcon_core.package_identification:_identify(rosbag/avoidance_bag_17) by extension 'python'
[0.188s] Level 1:colcon.colcon_core.package_identification:_identify(rosbag/avoidance_bag_17) by extensions ['python_setup_py']
[0.188s] Level 1:colcon.colcon_core.package_identification:_identify(rosbag/avoidance_bag_17) by extension 'python_setup_py'
[0.188s] Level 1:colcon.colcon_core.package_identification:_identify(rosbag/avoidance_bag_18) by extensions ['ignore', 'ignore_ament_install']
[0.188s] Level 1:colcon.colcon_core.package_identification:_identify(rosbag/avoidance_bag_18) by extension 'ignore'
[0.188s] Level 1:colcon.colcon_core.package_identification:_identify(rosbag/avoidance_bag_18) by extension 'ignore_ament_install'
[0.189s] Level 1:colcon.colcon_core.package_identification:_identify(rosbag/avoidance_bag_18) by extensions ['colcon_pkg']
[0.189s] Level 1:colcon.colcon_core.package_identification:_identify(rosbag/avoidance_bag_18) by extension 'colcon_pkg'
[0.189s] Level 1:colcon.colcon_core.package_identification:_identify(rosbag/avoidance_bag_18) by extensions ['colcon_meta']
[0.189s] Level 1:colcon.colcon_core.package_identification:_identify(rosbag/avoidance_bag_18) by extension 'colcon_meta'
[0.189s] Level 1:colcon.colcon_core.package_identification:_identify(rosbag/avoidance_bag_18) by extensions ['ros']
[0.189s] Level 1:colcon.colcon_core.package_identification:_identify(rosbag/avoidance_bag_18) by extension 'ros'
[0.189s] Level 1:colcon.colcon_core.package_identification:_identify(rosbag/avoidance_bag_18) by extensions ['cmake', 'python']
[0.189s] Level 1:colcon.colcon_core.package_identification:_identify(rosbag/avoidance_bag_18) by extension 'cmake'
[0.189s] Level 1:colcon.colcon_core.package_identification:_identify(rosbag/avoidance_bag_18) by extension 'python'
[0.189s] Level 1:colcon.colcon_core.package_identification:_identify(rosbag/avoidance_bag_18) by extensions ['python_setup_py']
[0.189s] Level 1:colcon.colcon_core.package_identification:_identify(rosbag/avoidance_bag_18) by extension 'python_setup_py'
[0.189s] Level 1:colcon.colcon_core.package_identification:_identify(rosbag/avoidance_bag_19) by extensions ['ignore', 'ignore_ament_install']
[0.189s] Level 1:colcon.colcon_core.package_identification:_identify(rosbag/avoidance_bag_19) by extension 'ignore'
[0.189s] Level 1:colcon.colcon_core.package_identification:_identify(rosbag/avoidance_bag_19) by extension 'ignore_ament_install'
[0.189s] Level 1:colcon.colcon_core.package_identification:_identify(rosbag/avoidance_bag_19) by extensions ['colcon_pkg']
[0.189s] Level 1:colcon.colcon_core.package_identification:_identify(rosbag/avoidance_bag_19) by extension 'colcon_pkg'
[0.189s] Level 1:colcon.colcon_core.package_identification:_identify(rosbag/avoidance_bag_19) by extensions ['colcon_meta']
[0.189s] Level 1:colcon.colcon_core.package_identification:_identify(rosbag/avoidance_bag_19) by extension 'colcon_meta'
[0.189s] Level 1:colcon.colcon_core.package_identification:_identify(rosbag/avoidance_bag_19) by extensions ['ros']
[0.189s] Level 1:colcon.colcon_core.package_identification:_identify(rosbag/avoidance_bag_19) by extension 'ros'
[0.189s] Level 1:colcon.colcon_core.package_identification:_identify(rosbag/avoidance_bag_19) by extensions ['cmake', 'python']
[0.189s] Level 1:colcon.colcon_core.package_identification:_identify(rosbag/avoidance_bag_19) by extension 'cmake'
[0.189s] Level 1:colcon.colcon_core.package_identification:_identify(rosbag/avoidance_bag_19) by extension 'python'
[0.189s] Level 1:colcon.colcon_core.package_identification:_identify(rosbag/avoidance_bag_19) by extensions ['python_setup_py']
[0.189s] Level 1:colcon.colcon_core.package_identification:_identify(rosbag/avoidance_bag_19) by extension 'python_setup_py'
[0.189s] Level 1:colcon.colcon_core.package_identification:_identify(rosbag/avoidance_bag_20) by extensions ['ignore', 'ignore_ament_install']
[0.189s] Level 1:colcon.colcon_core.package_identification:_identify(rosbag/avoidance_bag_20) by extension 'ignore'
[0.189s] Level 1:colcon.colcon_core.package_identification:_identify(rosbag/avoidance_bag_20) by extension 'ignore_ament_install'
[0.189s] Level 1:colcon.colcon_core.package_identification:_identify(rosbag/avoidance_bag_20) by extensions ['colcon_pkg']
[0.189s] Level 1:colcon.colcon_core.package_identification:_identify(rosbag/avoidance_bag_20) by extension 'colcon_pkg'
[0.189s] Level 1:colcon.colcon_core.package_identification:_identify(rosbag/avoidance_bag_20) by extensions ['colcon_meta']
[0.189s] Level 1:colcon.colcon_core.package_identification:_identify(rosbag/avoidance_bag_20) by extension 'colcon_meta'
[0.189s] Level 1:colcon.colcon_core.package_identification:_identify(rosbag/avoidance_bag_20) by extensions ['ros']
[0.189s] Level 1:colcon.colcon_core.package_identification:_identify(rosbag/avoidance_bag_20) by extension 'ros'
[0.189s] Level 1:colcon.colcon_core.package_identification:_identify(rosbag/avoidance_bag_20) by extensions ['cmake', 'python']
[0.189s] Level 1:colcon.colcon_core.package_identification:_identify(rosbag/avoidance_bag_20) by extension 'cmake'
[0.189s] Level 1:colcon.colcon_core.package_identification:_identify(rosbag/avoidance_bag_20) by extension 'python'
[0.189s] Level 1:colcon.colcon_core.package_identification:_identify(rosbag/avoidance_bag_20) by extensions ['python_setup_py']
[0.189s] Level 1:colcon.colcon_core.package_identification:_identify(rosbag/avoidance_bag_20) by extension 'python_setup_py'
[0.190s] Level 1:colcon.colcon_core.package_identification:_identify(rosbag/avoidance_bag_22) by extensions ['ignore', 'ignore_ament_install']
[0.190s] Level 1:colcon.colcon_core.package_identification:_identify(rosbag/avoidance_bag_22) by extension 'ignore'
[0.190s] Level 1:colcon.colcon_core.package_identification:_identify(rosbag/avoidance_bag_22) by extension 'ignore_ament_install'
[0.190s] Level 1:colcon.colcon_core.package_identification:_identify(rosbag/avoidance_bag_22) by extensions ['colcon_pkg']
[0.190s] Level 1:colcon.colcon_core.package_identification:_identify(rosbag/avoidance_bag_22) by extension 'colcon_pkg'
[0.190s] Level 1:colcon.colcon_core.package_identification:_identify(rosbag/avoidance_bag_22) by extensions ['colcon_meta']
[0.190s] Level 1:colcon.colcon_core.package_identification:_identify(rosbag/avoidance_bag_22) by extension 'colcon_meta'
[0.190s] Level 1:colcon.colcon_core.package_identification:_identify(rosbag/avoidance_bag_22) by extensions ['ros']
[0.190s] Level 1:colcon.colcon_core.package_identification:_identify(rosbag/avoidance_bag_22) by extension 'ros'
[0.190s] Level 1:colcon.colcon_core.package_identification:_identify(rosbag/avoidance_bag_22) by extensions ['cmake', 'python']
[0.190s] Level 1:colcon.colcon_core.package_identification:_identify(rosbag/avoidance_bag_22) by extension 'cmake'
[0.190s] Level 1:colcon.colcon_core.package_identification:_identify(rosbag/avoidance_bag_22) by extension 'python'
[0.190s] Level 1:colcon.colcon_core.package_identification:_identify(rosbag/avoidance_bag_22) by extensions ['python_setup_py']
[0.190s] Level 1:colcon.colcon_core.package_identification:_identify(rosbag/avoidance_bag_22) by extension 'python_setup_py'
[0.190s] Level 1:colcon.colcon_core.package_identification:_identify(rosbag/avoidance_bag_23) by extensions ['ignore', 'ignore_ament_install']
[0.190s] Level 1:colcon.colcon_core.package_identification:_identify(rosbag/avoidance_bag_23) by extension 'ignore'
[0.190s] Level 1:colcon.colcon_core.package_identification:_identify(rosbag/avoidance_bag_23) by extension 'ignore_ament_install'
[0.190s] Level 1:colcon.colcon_core.package_identification:_identify(rosbag/avoidance_bag_23) by extensions ['colcon_pkg']
[0.190s] Level 1:colcon.colcon_core.package_identification:_identify(rosbag/avoidance_bag_23) by extension 'colcon_pkg'
[0.190s] Level 1:colcon.colcon_core.package_identification:_identify(rosbag/avoidance_bag_23) by extensions ['colcon_meta']
[0.190s] Level 1:colcon.colcon_core.package_identification:_identify(rosbag/avoidance_bag_23) by extension 'colcon_meta'
[0.190s] Level 1:colcon.colcon_core.package_identification:_identify(rosbag/avoidance_bag_23) by extensions ['ros']
[0.190s] Level 1:colcon.colcon_core.package_identification:_identify(rosbag/avoidance_bag_23) by extension 'ros'
[0.190s] Level 1:colcon.colcon_core.package_identification:_identify(rosbag/avoidance_bag_23) by extensions ['cmake', 'python']
[0.190s] Level 1:colcon.colcon_core.package_identification:_identify(rosbag/avoidance_bag_23) by extension 'cmake'
[0.190s] Level 1:colcon.colcon_core.package_identification:_identify(rosbag/avoidance_bag_23) by extension 'python'
[0.190s] Level 1:colcon.colcon_core.package_identification:_identify(rosbag/avoidance_bag_23) by extensions ['python_setup_py']
[0.190s] Level 1:colcon.colcon_core.package_identification:_identify(rosbag/avoidance_bag_23) by extension 'python_setup_py'
[0.190s] Level 1:colcon.colcon_core.package_identification:_identify(rosbag/avoidance_bag_24) by extensions ['ignore', 'ignore_ament_install']
[0.190s] Level 1:colcon.colcon_core.package_identification:_identify(rosbag/avoidance_bag_24) by extension 'ignore'
[0.190s] Level 1:colcon.colcon_core.package_identification:_identify(rosbag/avoidance_bag_24) by extension 'ignore_ament_install'
[0.190s] Level 1:colcon.colcon_core.package_identification:_identify(rosbag/avoidance_bag_24) by extensions ['colcon_pkg']
[0.190s] Level 1:colcon.colcon_core.package_identification:_identify(rosbag/avoidance_bag_24) by extension 'colcon_pkg'
[0.190s] Level 1:colcon.colcon_core.package_identification:_identify(rosbag/avoidance_bag_24) by extensions ['colcon_meta']
[0.190s] Level 1:colcon.colcon_core.package_identification:_identify(rosbag/avoidance_bag_24) by extension 'colcon_meta'
[0.190s] Level 1:colcon.colcon_core.package_identification:_identify(rosbag/avoidance_bag_24) by extensions ['ros']
[0.190s] Level 1:colcon.colcon_core.package_identification:_identify(rosbag/avoidance_bag_24) by extension 'ros'
[0.191s] Level 1:colcon.colcon_core.package_identification:_identify(rosbag/avoidance_bag_24) by extensions ['cmake', 'python']
[0.191s] Level 1:colcon.colcon_core.package_identification:_identify(rosbag/avoidance_bag_24) by extension 'cmake'
[0.191s] Level 1:colcon.colcon_core.package_identification:_identify(rosbag/avoidance_bag_24) by extension 'python'
[0.191s] Level 1:colcon.colcon_core.package_identification:_identify(rosbag/avoidance_bag_24) by extensions ['python_setup_py']
[0.191s] Level 1:colcon.colcon_core.package_identification:_identify(rosbag/avoidance_bag_24) by extension 'python_setup_py'
[0.191s] Level 1:colcon.colcon_core.package_identification:_identify(rosbag/avoidance_bag_25) by extensions ['ignore', 'ignore_ament_install']
[0.191s] Level 1:colcon.colcon_core.package_identification:_identify(rosbag/avoidance_bag_25) by extension 'ignore'
[0.191s] Level 1:colcon.colcon_core.package_identification:_identify(rosbag/avoidance_bag_25) by extension 'ignore_ament_install'
[0.191s] Level 1:colcon.colcon_core.package_identification:_identify(rosbag/avoidance_bag_25) by extensions ['colcon_pkg']
[0.191s] Level 1:colcon.colcon_core.package_identification:_identify(rosbag/avoidance_bag_25) by extension 'colcon_pkg'
[0.191s] Level 1:colcon.colcon_core.package_identification:_identify(rosbag/avoidance_bag_25) by extensions ['colcon_meta']
[0.191s] Level 1:colcon.colcon_core.package_identification:_identify(rosbag/avoidance_bag_25) by extension 'colcon_meta'
[0.191s] Level 1:colcon.colcon_core.package_identification:_identify(rosbag/avoidance_bag_25) by extensions ['ros']
[0.191s] Level 1:colcon.colcon_core.package_identification:_identify(rosbag/avoidance_bag_25) by extension 'ros'
[0.191s] Level 1:colcon.colcon_core.package_identification:_identify(rosbag/avoidance_bag_25) by extensions ['cmake', 'python']
[0.191s] Level 1:colcon.colcon_core.package_identification:_identify(rosbag/avoidance_bag_25) by extension 'cmake'
[0.191s] Level 1:colcon.colcon_core.package_identification:_identify(rosbag/avoidance_bag_25) by extension 'python'
[0.191s] Level 1:colcon.colcon_core.package_identification:_identify(rosbag/avoidance_bag_25) by extensions ['python_setup_py']
[0.191s] Level 1:colcon.colcon_core.package_identification:_identify(rosbag/avoidance_bag_25) by extension 'python_setup_py'
[0.191s] Level 1:colcon.colcon_core.package_identification:_identify(rosbag/avoidance_bag_26) by extensions ['ignore', 'ignore_ament_install']
[0.191s] Level 1:colcon.colcon_core.package_identification:_identify(rosbag/avoidance_bag_26) by extension 'ignore'
[0.191s] Level 1:colcon.colcon_core.package_identification:_identify(rosbag/avoidance_bag_26) by extension 'ignore_ament_install'
[0.191s] Level 1:colcon.colcon_core.package_identification:_identify(rosbag/avoidance_bag_26) by extensions ['colcon_pkg']
[0.191s] Level 1:colcon.colcon_core.package_identification:_identify(rosbag/avoidance_bag_26) by extension 'colcon_pkg'
[0.191s] Level 1:colcon.colcon_core.package_identification:_identify(rosbag/avoidance_bag_26) by extensions ['colcon_meta']
[0.191s] Level 1:colcon.colcon_core.package_identification:_identify(rosbag/avoidance_bag_26) by extension 'colcon_meta'
[0.191s] Level 1:colcon.colcon_core.package_identification:_identify(rosbag/avoidance_bag_26) by extensions ['ros']
[0.191s] Level 1:colcon.colcon_core.package_identification:_identify(rosbag/avoidance_bag_26) by extension 'ros'
[0.191s] Level 1:colcon.colcon_core.package_identification:_identify(rosbag/avoidance_bag_26) by extensions ['cmake', 'python']
[0.191s] Level 1:colcon.colcon_core.package_identification:_identify(rosbag/avoidance_bag_26) by extension 'cmake'
[0.191s] Level 1:colcon.colcon_core.package_identification:_identify(rosbag/avoidance_bag_26) by extension 'python'
[0.191s] Level 1:colcon.colcon_core.package_identification:_identify(rosbag/avoidance_bag_26) by extensions ['python_setup_py']
[0.191s] Level 1:colcon.colcon_core.package_identification:_identify(rosbag/avoidance_bag_26) by extension 'python_setup_py'
[0.191s] Level 1:colcon.colcon_core.package_identification:_identify(rosbag/avoidance_bag_27) by extensions ['ignore', 'ignore_ament_install']
[0.191s] Level 1:colcon.colcon_core.package_identification:_identify(rosbag/avoidance_bag_27) by extension 'ignore'
[0.191s] Level 1:colcon.colcon_core.package_identification:_identify(rosbag/avoidance_bag_27) by extension 'ignore_ament_install'
[0.192s] Level 1:colcon.colcon_core.package_identification:_identify(rosbag/avoidance_bag_27) by extensions ['colcon_pkg']
[0.192s] Level 1:colcon.colcon_core.package_identification:_identify(rosbag/avoidance_bag_27) by extension 'colcon_pkg'
[0.192s] Level 1:colcon.colcon_core.package_identification:_identify(rosbag/avoidance_bag_27) by extensions ['colcon_meta']
[0.192s] Level 1:colcon.colcon_core.package_identification:_identify(rosbag/avoidance_bag_27) by extension 'colcon_meta'
[0.192s] Level 1:colcon.colcon_core.package_identification:_identify(rosbag/avoidance_bag_27) by extensions ['ros']
[0.192s] Level 1:colcon.colcon_core.package_identification:_identify(rosbag/avoidance_bag_27) by extension 'ros'
[0.192s] Level 1:colcon.colcon_core.package_identification:_identify(rosbag/avoidance_bag_27) by extensions ['cmake', 'python']
[0.192s] Level 1:colcon.colcon_core.package_identification:_identify(rosbag/avoidance_bag_27) by extension 'cmake'
[0.192s] Level 1:colcon.colcon_core.package_identification:_identify(rosbag/avoidance_bag_27) by extension 'python'
[0.192s] Level 1:colcon.colcon_core.package_identification:_identify(rosbag/avoidance_bag_27) by extensions ['python_setup_py']
[0.192s] Level 1:colcon.colcon_core.package_identification:_identify(rosbag/avoidance_bag_27) by extension 'python_setup_py'
[0.192s] Level 1:colcon.colcon_core.package_identification:_identify(rosbag/avoidance_bag_28) by extensions ['ignore', 'ignore_ament_install']
[0.192s] Level 1:colcon.colcon_core.package_identification:_identify(rosbag/avoidance_bag_28) by extension 'ignore'
[0.192s] Level 1:colcon.colcon_core.package_identification:_identify(rosbag/avoidance_bag_28) by extension 'ignore_ament_install'
[0.192s] Level 1:colcon.colcon_core.package_identification:_identify(rosbag/avoidance_bag_28) by extensions ['colcon_pkg']
[0.192s] Level 1:colcon.colcon_core.package_identification:_identify(rosbag/avoidance_bag_28) by extension 'colcon_pkg'
[0.192s] Level 1:colcon.colcon_core.package_identification:_identify(rosbag/avoidance_bag_28) by extensions ['colcon_meta']
[0.192s] Level 1:colcon.colcon_core.package_identification:_identify(rosbag/avoidance_bag_28) by extension 'colcon_meta'
[0.192s] Level 1:colcon.colcon_core.package_identification:_identify(rosbag/avoidance_bag_28) by extensions ['ros']
[0.192s] Level 1:colcon.colcon_core.package_identification:_identify(rosbag/avoidance_bag_28) by extension 'ros'
[0.192s] Level 1:colcon.colcon_core.package_identification:_identify(rosbag/avoidance_bag_28) by extensions ['cmake', 'python']
[0.192s] Level 1:colcon.colcon_core.package_identification:_identify(rosbag/avoidance_bag_28) by extension 'cmake'
[0.192s] Level 1:colcon.colcon_core.package_identification:_identify(rosbag/avoidance_bag_28) by extension 'python'
[0.192s] Level 1:colcon.colcon_core.package_identification:_identify(rosbag/avoidance_bag_28) by extensions ['python_setup_py']
[0.192s] Level 1:colcon.colcon_core.package_identification:_identify(rosbag/avoidance_bag_28) by extension 'python_setup_py'
[0.192s] Level 1:colcon.colcon_core.package_identification:_identify(rosbag/avoidance_bag_29) by extensions ['ignore', 'ignore_ament_install']
[0.192s] Level 1:colcon.colcon_core.package_identification:_identify(rosbag/avoidance_bag_29) by extension 'ignore'
[0.192s] Level 1:colcon.colcon_core.package_identification:_identify(rosbag/avoidance_bag_29) by extension 'ignore_ament_install'
[0.192s] Level 1:colcon.colcon_core.package_identification:_identify(rosbag/avoidance_bag_29) by extensions ['colcon_pkg']
[0.192s] Level 1:colcon.colcon_core.package_identification:_identify(rosbag/avoidance_bag_29) by extension 'colcon_pkg'
[0.192s] Level 1:colcon.colcon_core.package_identification:_identify(rosbag/avoidance_bag_29) by extensions ['colcon_meta']
[0.192s] Level 1:colcon.colcon_core.package_identification:_identify(rosbag/avoidance_bag_29) by extension 'colcon_meta'
[0.192s] Level 1:colcon.colcon_core.package_identification:_identify(rosbag/avoidance_bag_29) by extensions ['ros']
[0.192s] Level 1:colcon.colcon_core.package_identification:_identify(rosbag/avoidance_bag_29) by extension 'ros'
[0.192s] Level 1:colcon.colcon_core.package_identification:_identify(rosbag/avoidance_bag_29) by extensions ['cmake', 'python']
[0.192s] Level 1:colcon.colcon_core.package_identification:_identify(rosbag/avoidance_bag_29) by extension 'cmake'
[0.192s] Level 1:colcon.colcon_core.package_identification:_identify(rosbag/avoidance_bag_29) by extension 'python'
[0.192s] Level 1:colcon.colcon_core.package_identification:_identify(rosbag/avoidance_bag_29) by extensions ['python_setup_py']
[0.192s] Level 1:colcon.colcon_core.package_identification:_identify(rosbag/avoidance_bag_29) by extension 'python_setup_py'
[0.192s] Level 1:colcon.colcon_core.package_identification:_identify(rosbag/avoidance_bag_30) by extensions ['ignore', 'ignore_ament_install']
[0.192s] Level 1:colcon.colcon_core.package_identification:_identify(rosbag/avoidance_bag_30) by extension 'ignore'
[0.192s] Level 1:colcon.colcon_core.package_identification:_identify(rosbag/avoidance_bag_30) by extension 'ignore_ament_install'
[0.192s] Level 1:colcon.colcon_core.package_identification:_identify(rosbag/avoidance_bag_30) by extensions ['colcon_pkg']
[0.192s] Level 1:colcon.colcon_core.package_identification:_identify(rosbag/avoidance_bag_30) by extension 'colcon_pkg'
[0.193s] Level 1:colcon.colcon_core.package_identification:_identify(rosbag/avoidance_bag_30) by extensions ['colcon_meta']
[0.193s] Level 1:colcon.colcon_core.package_identification:_identify(rosbag/avoidance_bag_30) by extension 'colcon_meta'
[0.193s] Level 1:colcon.colcon_core.package_identification:_identify(rosbag/avoidance_bag_30) by extensions ['ros']
[0.193s] Level 1:colcon.colcon_core.package_identification:_identify(rosbag/avoidance_bag_30) by extension 'ros'
[0.193s] Level 1:colcon.colcon_core.package_identification:_identify(rosbag/avoidance_bag_30) by extensions ['cmake', 'python']
[0.193s] Level 1:colcon.colcon_core.package_identification:_identify(rosbag/avoidance_bag_30) by extension 'cmake'
[0.193s] Level 1:colcon.colcon_core.package_identification:_identify(rosbag/avoidance_bag_30) by extension 'python'
[0.193s] Level 1:colcon.colcon_core.package_identification:_identify(rosbag/avoidance_bag_30) by extensions ['python_setup_py']
[0.193s] Level 1:colcon.colcon_core.package_identification:_identify(rosbag/avoidance_bag_30) by extension 'python_setup_py'
[0.193s] Level 1:colcon.colcon_core.package_identification:_identify(rosbag/avoidance_bag_31) by extensions ['ignore', 'ignore_ament_install']
[0.193s] Level 1:colcon.colcon_core.package_identification:_identify(rosbag/avoidance_bag_31) by extension 'ignore'
[0.193s] Level 1:colcon.colcon_core.package_identification:_identify(rosbag/avoidance_bag_31) by extension 'ignore_ament_install'
[0.193s] Level 1:colcon.colcon_core.package_identification:_identify(rosbag/avoidance_bag_31) by extensions ['colcon_pkg']
[0.193s] Level 1:colcon.colcon_core.package_identification:_identify(rosbag/avoidance_bag_31) by extension 'colcon_pkg'
[0.193s] Level 1:colcon.colcon_core.package_identification:_identify(rosbag/avoidance_bag_31) by extensions ['colcon_meta']
[0.193s] Level 1:colcon.colcon_core.package_identification:_identify(rosbag/avoidance_bag_31) by extension 'colcon_meta'
[0.193s] Level 1:colcon.colcon_core.package_identification:_identify(rosbag/avoidance_bag_31) by extensions ['ros']
[0.193s] Level 1:colcon.colcon_core.package_identification:_identify(rosbag/avoidance_bag_31) by extension 'ros'
[0.193s] Level 1:colcon.colcon_core.package_identification:_identify(rosbag/avoidance_bag_31) by extensions ['cmake', 'python']
[0.193s] Level 1:colcon.colcon_core.package_identification:_identify(rosbag/avoidance_bag_31) by extension 'cmake'
[0.193s] Level 1:colcon.colcon_core.package_identification:_identify(rosbag/avoidance_bag_31) by extension 'python'
[0.193s] Level 1:colcon.colcon_core.package_identification:_identify(rosbag/avoidance_bag_31) by extensions ['python_setup_py']
[0.193s] Level 1:colcon.colcon_core.package_identification:_identify(rosbag/avoidance_bag_31) by extension 'python_setup_py'
[0.193s] Level 1:colcon.colcon_core.package_identification:_identify(rosbag/avoidance_bag_33) by extensions ['ignore', 'ignore_ament_install']
[0.193s] Level 1:colcon.colcon_core.package_identification:_identify(rosbag/avoidance_bag_33) by extension 'ignore'
[0.193s] Level 1:colcon.colcon_core.package_identification:_identify(rosbag/avoidance_bag_33) by extension 'ignore_ament_install'
[0.193s] Level 1:colcon.colcon_core.package_identification:_identify(rosbag/avoidance_bag_33) by extensions ['colcon_pkg']
[0.193s] Level 1:colcon.colcon_core.package_identification:_identify(rosbag/avoidance_bag_33) by extension 'colcon_pkg'
[0.193s] Level 1:colcon.colcon_core.package_identification:_identify(rosbag/avoidance_bag_33) by extensions ['colcon_meta']
[0.193s] Level 1:colcon.colcon_core.package_identification:_identify(rosbag/avoidance_bag_33) by extension 'colcon_meta'
[0.193s] Level 1:colcon.colcon_core.package_identification:_identify(rosbag/avoidance_bag_33) by extensions ['ros']
[0.193s] Level 1:colcon.colcon_core.package_identification:_identify(rosbag/avoidance_bag_33) by extension 'ros'
[0.193s] Level 1:colcon.colcon_core.package_identification:_identify(rosbag/avoidance_bag_33) by extensions ['cmake', 'python']
[0.193s] Level 1:colcon.colcon_core.package_identification:_identify(rosbag/avoidance_bag_33) by extension 'cmake'
[0.193s] Level 1:colcon.colcon_core.package_identification:_identify(rosbag/avoidance_bag_33) by extension 'python'
[0.193s] Level 1:colcon.colcon_core.package_identification:_identify(rosbag/avoidance_bag_33) by extensions ['python_setup_py']
[0.193s] Level 1:colcon.colcon_core.package_identification:_identify(rosbag/avoidance_bag_33) by extension 'python_setup_py'
[0.193s] Level 1:colcon.colcon_core.package_identification:_identify(rosbag/avoidance_bag_34) by extensions ['ignore', 'ignore_ament_install']
[0.193s] Level 1:colcon.colcon_core.package_identification:_identify(rosbag/avoidance_bag_34) by extension 'ignore'
[0.193s] Level 1:colcon.colcon_core.package_identification:_identify(rosbag/avoidance_bag_34) by extension 'ignore_ament_install'
[0.193s] Level 1:colcon.colcon_core.package_identification:_identify(rosbag/avoidance_bag_34) by extensions ['colcon_pkg']
[0.193s] Level 1:colcon.colcon_core.package_identification:_identify(rosbag/avoidance_bag_34) by extension 'colcon_pkg'
[0.194s] Level 1:colcon.colcon_core.package_identification:_identify(rosbag/avoidance_bag_34) by extensions ['colcon_meta']
[0.194s] Level 1:colcon.colcon_core.package_identification:_identify(rosbag/avoidance_bag_34) by extension 'colcon_meta'
[0.194s] Level 1:colcon.colcon_core.package_identification:_identify(rosbag/avoidance_bag_34) by extensions ['ros']
[0.194s] Level 1:colcon.colcon_core.package_identification:_identify(rosbag/avoidance_bag_34) by extension 'ros'
[0.194s] Level 1:colcon.colcon_core.package_identification:_identify(rosbag/avoidance_bag_34) by extensions ['cmake', 'python']
[0.194s] Level 1:colcon.colcon_core.package_identification:_identify(rosbag/avoidance_bag_34) by extension 'cmake'
[0.194s] Level 1:colcon.colcon_core.package_identification:_identify(rosbag/avoidance_bag_34) by extension 'python'
[0.194s] Level 1:colcon.colcon_core.package_identification:_identify(rosbag/avoidance_bag_34) by extensions ['python_setup_py']
[0.194s] Level 1:colcon.colcon_core.package_identification:_identify(rosbag/avoidance_bag_34) by extension 'python_setup_py'
[0.194s] Level 1:colcon.colcon_core.package_identification:_identify(rosbag/avoidance_bag_35) by extensions ['ignore', 'ignore_ament_install']
[0.194s] Level 1:colcon.colcon_core.package_identification:_identify(rosbag/avoidance_bag_35) by extension 'ignore'
[0.194s] Level 1:colcon.colcon_core.package_identification:_identify(rosbag/avoidance_bag_35) by extension 'ignore_ament_install'
[0.194s] Level 1:colcon.colcon_core.package_identification:_identify(rosbag/avoidance_bag_35) by extensions ['colcon_pkg']
[0.194s] Level 1:colcon.colcon_core.package_identification:_identify(rosbag/avoidance_bag_35) by extension 'colcon_pkg'
[0.194s] Level 1:colcon.colcon_core.package_identification:_identify(rosbag/avoidance_bag_35) by extensions ['colcon_meta']
[0.194s] Level 1:colcon.colcon_core.package_identification:_identify(rosbag/avoidance_bag_35) by extension 'colcon_meta'
[0.194s] Level 1:colcon.colcon_core.package_identification:_identify(rosbag/avoidance_bag_35) by extensions ['ros']
[0.194s] Level 1:colcon.colcon_core.package_identification:_identify(rosbag/avoidance_bag_35) by extension 'ros'
[0.194s] Level 1:colcon.colcon_core.package_identification:_identify(rosbag/avoidance_bag_35) by extensions ['cmake', 'python']
[0.194s] Level 1:colcon.colcon_core.package_identification:_identify(rosbag/avoidance_bag_35) by extension 'cmake'
[0.194s] Level 1:colcon.colcon_core.package_identification:_identify(rosbag/avoidance_bag_35) by extension 'python'
[0.194s] Level 1:colcon.colcon_core.package_identification:_identify(rosbag/avoidance_bag_35) by extensions ['python_setup_py']
[0.194s] Level 1:colcon.colcon_core.package_identification:_identify(rosbag/avoidance_bag_35) by extension 'python_setup_py'
[0.194s] Level 1:colcon.colcon_core.package_identification:_identify(rosbag/avoidance_bag_97) by extensions ['ignore', 'ignore_ament_install']
[0.194s] Level 1:colcon.colcon_core.package_identification:_identify(rosbag/avoidance_bag_97) by extension 'ignore'
[0.194s] Level 1:colcon.colcon_core.package_identification:_identify(rosbag/avoidance_bag_97) by extension 'ignore_ament_install'
[0.194s] Level 1:colcon.colcon_core.package_identification:_identify(rosbag/avoidance_bag_97) by extensions ['colcon_pkg']
[0.194s] Level 1:colcon.colcon_core.package_identification:_identify(rosbag/avoidance_bag_97) by extension 'colcon_pkg'
[0.194s] Level 1:colcon.colcon_core.package_identification:_identify(rosbag/avoidance_bag_97) by extensions ['colcon_meta']
[0.194s] Level 1:colcon.colcon_core.package_identification:_identify(rosbag/avoidance_bag_97) by extension 'colcon_meta'
[0.194s] Level 1:colcon.colcon_core.package_identification:_identify(rosbag/avoidance_bag_97) by extensions ['ros']
[0.194s] Level 1:colcon.colcon_core.package_identification:_identify(rosbag/avoidance_bag_97) by extension 'ros'
[0.194s] Level 1:colcon.colcon_core.package_identification:_identify(rosbag/avoidance_bag_97) by extensions ['cmake', 'python']
[0.194s] Level 1:colcon.colcon_core.package_identification:_identify(rosbag/avoidance_bag_97) by extension 'cmake'
[0.194s] Level 1:colcon.colcon_core.package_identification:_identify(rosbag/avoidance_bag_97) by extension 'python'
[0.194s] Level 1:colcon.colcon_core.package_identification:_identify(rosbag/avoidance_bag_97) by extensions ['python_setup_py']
[0.194s] Level 1:colcon.colcon_core.package_identification:_identify(rosbag/avoidance_bag_97) by extension 'python_setup_py'
[0.194s] Level 1:colcon.colcon_core.package_identification:_identify(src) by extensions ['ignore', 'ignore_ament_install']
[0.194s] Level 1:colcon.colcon_core.package_identification:_identify(src) by extension 'ignore'
[0.194s] Level 1:colcon.colcon_core.package_identification:_identify(src) by extension 'ignore_ament_install'
[0.194s] Level 1:colcon.colcon_core.package_identification:_identify(src) by extensions ['colcon_pkg']
[0.194s] Level 1:colcon.colcon_core.package_identification:_identify(src) by extension 'colcon_pkg'
[0.194s] Level 1:colcon.colcon_core.package_identification:_identify(src) by extensions ['colcon_meta']
[0.194s] Level 1:colcon.colcon_core.package_identification:_identify(src) by extension 'colcon_meta'
[0.194s] Level 1:colcon.colcon_core.package_identification:_identify(src) by extensions ['ros']
[0.194s] Level 1:colcon.colcon_core.package_identification:_identify(src) by extension 'ros'
[0.195s] Level 1:colcon.colcon_core.package_identification:_identify(src) by extensions ['cmake', 'python']
[0.195s] Level 1:colcon.colcon_core.package_identification:_identify(src) by extension 'cmake'
[0.195s] Level 1:colcon.colcon_core.package_identification:_identify(src) by extension 'python'
[0.195s] Level 1:colcon.colcon_core.package_identification:_identify(src) by extensions ['python_setup_py']
[0.195s] Level 1:colcon.colcon_core.package_identification:_identify(src) by extension 'python_setup_py'
[0.195s] Level 1:colcon.colcon_core.package_identification:_identify(src/amr_topology) by extensions ['ignore', 'ignore_ament_install']
[0.195s] Level 1:colcon.colcon_core.package_identification:_identify(src/amr_topology) by extension 'ignore'
[0.195s] Level 1:colcon.colcon_core.package_identification:_identify(src/amr_topology) by extension 'ignore_ament_install'
[0.195s] Level 1:colcon.colcon_core.package_identification:_identify(src/amr_topology) by extensions ['colcon_pkg']
[0.195s] Level 1:colcon.colcon_core.package_identification:_identify(src/amr_topology) by extension 'colcon_pkg'
[0.195s] Level 1:colcon.colcon_core.package_identification:_identify(src/amr_topology) by extensions ['colcon_meta']
[0.195s] Level 1:colcon.colcon_core.package_identification:_identify(src/amr_topology) by extension 'colcon_meta'
[0.195s] Level 1:colcon.colcon_core.package_identification:_identify(src/amr_topology) by extensions ['ros']
[0.195s] Level 1:colcon.colcon_core.package_identification:_identify(src/amr_topology) by extension 'ros'
[0.197s] DEBUG:colcon.colcon_core.package_identification:Package 'src/amr_topology' with type 'ros.ament_cmake' and name 'amr_topology'
[0.197s] Level 1:colcon.colcon_core.package_discovery:discover_packages(recursive) using defaults
[0.197s] Level 1:colcon.colcon_core.package_discovery:discover_packages(ignore) discover
[0.197s] Level 1:colcon.colcon_core.package_discovery:discover_packages(ignore) using defaults
[0.197s] Level 1:colcon.colcon_core.package_discovery:discover_packages(path) discover
[0.197s] Level 1:colcon.colcon_core.package_discovery:discover_packages(path) using defaults
[0.219s] Level 1:colcon.colcon_core.package_discovery:discover_packages(prefix_path) check parameters
[0.219s] Level 1:colcon.colcon_core.package_discovery:discover_packages(prefix_path) discover
[0.219s] DEBUG:colcon.colcon_installed_package_information.package_discovery:Found 1 installed packages in /home/lee/Downloads/Topology_Graph_test-main/install
[0.220s] DEBUG:colcon.colcon_installed_package_information.package_discovery:Found 2 installed packages in /home/lee/smart_car_ws/install
[0.221s] DEBUG:colcon.colcon_installed_package_information.package_discovery:Found 391 installed packages in /opt/ros/humble
[0.222s] Level 1:colcon.colcon_core.package_discovery:discover_packages(prefix_path) using defaults
[0.247s] Level 5:colcon.colcon_core.verb:set package 'amr_topology' build argument 'cmake_args' from command line to 'None'
[0.248s] Level 5:colcon.colcon_core.verb:set package 'amr_topology' build argument 'cmake_target' from command line to 'None'
[0.248s] Level 5:colcon.colcon_core.verb:set package 'amr_topology' build argument 'cmake_target_skip_unavailable' from command line to 'False'
[0.248s] Level 5:colcon.colcon_core.verb:set package 'amr_topology' build argument 'cmake_clean_cache' from command line to 'False'
[0.248s] Level 5:colcon.colcon_core.verb:set package 'amr_topology' build argument 'cmake_clean_first' from command line to 'False'
[0.248s] Level 5:colcon.colcon_core.verb:set package 'amr_topology' build argument 'cmake_force_configure' from command line to 'False'
[0.248s] Level 5:colcon.colcon_core.verb:set package 'amr_topology' build argument 'ament_cmake_args' from command line to 'None'
[0.248s] Level 5:colcon.colcon_core.verb:set package 'amr_topology' build argument 'catkin_cmake_args' from command line to 'None'
[0.248s] Level 5:colcon.colcon_core.verb:set package 'amr_topology' build argument 'catkin_skip_building_tests' from command line to 'False'
[0.248s] DEBUG:colcon.colcon_core.verb:Building package 'amr_topology' with the following arguments: {'ament_cmake_args': None, 'build_base': '/home/lee/Downloads/Topology_Graph_test-main/build/amr_topology', 'catkin_cmake_args': None, 'catkin_skip_building_tests': False, 'cmake_args': None, 'cmake_clean_cache': False, 'cmake_clean_first': False, 'cmake_force_configure': False, 'cmake_target': None, 'cmake_target_skip_unavailable': False, 'install_base': '/home/lee/Downloads/Topology_Graph_test-main/install/amr_topology', 'merge_install': False, 'path': '/home/lee/Downloads/Topology_Graph_test-main/src/amr_topology', 'symlink_install': False, 'test_result_base': None}
[0.248s] INFO:colcon.colcon_core.executor:Executing jobs using 'parallel' executor
[0.249s] DEBUG:colcon.colcon_parallel_executor.executor.parallel:run_until_complete
[0.249s] INFO:colcon.colcon_ros.task.ament_cmake.build:Building ROS package in '/home/lee/Downloads/Topology_Graph_test-main/src/amr_topology' with build type 'ament_cmake'
[0.249s] INFO:colcon.colcon_cmake.task.cmake.build:Building CMake package in '/home/lee/Downloads/Topology_Graph_test-main/src/amr_topology'
[0.250s] INFO:colcon.colcon_core.plugin_system:Skipping extension 'colcon_core.shell.bat': Not used on non-Windows systems
[0.250s] INFO:colcon.colcon_core.shell:Skip shell extension 'powershell' for command environment: Not usable outside of PowerShell
[0.250s] DEBUG:colcon.colcon_core.shell:Skip shell extension 'dsv' for command environment
[0.259s] DEBUG:colcon.colcon_core.event_handler.log_command:Invoking command in '/home/lee/Downloads/Topology_Graph_test-main/build/amr_topology': CMAKE_PREFIX_PATH=${CMAKE_PREFIX_PATH}:/home/lee/smart_car_ws/install/smart_car_py_pkg:/opt/ros/humble /usr/bin/cmake --build /home/lee/Downloads/Topology_Graph_test-main/build/amr_topology -- -j16 -l16
[11.659s] DEBUG:colcon.colcon_core.event_handler.log_command:Invoked command in '/home/lee/Downloads/Topology_Graph_test-main/build/amr_topology' returned '0': CMAKE_PREFIX_PATH=${CMAKE_PREFIX_PATH}:/home/lee/smart_car_ws/install/smart_car_py_pkg:/opt/ros/humble /usr/bin/cmake --build /home/lee/Downloads/Topology_Graph_test-main/build/amr_topology -- -j16 -l16
[11.665s] DEBUG:colcon.colcon_core.event_handler.log_command:Invoking command in '/home/lee/Downloads/Topology_Graph_test-main/build/amr_topology': CMAKE_PREFIX_PATH=${CMAKE_PREFIX_PATH}:/home/lee/smart_car_ws/install/smart_car_py_pkg:/opt/ros/humble /usr/bin/cmake --install /home/lee/Downloads/Topology_Graph_test-main/build/amr_topology
[11.676s] Level 1:colcon.colcon_core.environment:create_environment_scripts_only(amr_topology)
[11.676s] DEBUG:colcon.colcon_core.event_handler.log_command:Invoked command in '/home/lee/Downloads/Topology_Graph_test-main/build/amr_topology' returned '0': CMAKE_PREFIX_PATH=${CMAKE_PREFIX_PATH}:/home/lee/smart_car_ws/install/smart_car_py_pkg:/opt/ros/humble /usr/bin/cmake --install /home/lee/Downloads/Topology_Graph_test-main/build/amr_topology
[11.679s] Level 1:colcon.colcon_core.environment:checking '/home/lee/Downloads/Topology_Graph_test-main/install/amr_topology' for CMake module files
[11.679s] Level 1:colcon.colcon_core.environment:checking '/home/lee/Downloads/Topology_Graph_test-main/install/amr_topology' for CMake config files
[11.680s] Level 1:colcon.colcon_core.shell:create_environment_hook('amr_topology', 'cmake_prefix_path')
[11.680s] INFO:colcon.colcon_core.shell:Creating environment hook '/home/lee/Downloads/Topology_Graph_test-main/install/amr_topology/share/amr_topology/hook/cmake_prefix_path.ps1'
[11.681s] INFO:colcon.colcon_core.shell:Creating environment descriptor '/home/lee/Downloads/Topology_Graph_test-main/install/amr_topology/share/amr_topology/hook/cmake_prefix_path.dsv'
[11.681s] INFO:colcon.colcon_core.shell:Creating environment hook '/home/lee/Downloads/Topology_Graph_test-main/install/amr_topology/share/amr_topology/hook/cmake_prefix_path.sh'
[11.682s] Level 1:colcon.colcon_core.environment:checking '/home/lee/Downloads/Topology_Graph_test-main/install/amr_topology/lib'
[11.682s] Level 1:colcon.colcon_core.environment:checking '/home/lee/Downloads/Topology_Graph_test-main/install/amr_topology/bin'
[11.682s] Level 1:colcon.colcon_core.environment:checking '/home/lee/Downloads/Topology_Graph_test-main/install/amr_topology/lib/pkgconfig/amr_topology.pc'
[11.682s] Level 1:colcon.colcon_core.environment:checking '/home/lee/Downloads/Topology_Graph_test-main/install/amr_topology/lib/python3.10/site-packages'
[11.682s] Level 1:colcon.colcon_core.environment:checking '/home/lee/Downloads/Topology_Graph_test-main/install/amr_topology/bin'
[11.682s] INFO:colcon.colcon_core.shell:Creating package script '/home/lee/Downloads/Topology_Graph_test-main/install/amr_topology/share/amr_topology/package.ps1'
[11.683s] INFO:colcon.colcon_core.shell:Creating package descriptor '/home/lee/Downloads/Topology_Graph_test-main/install/amr_topology/share/amr_topology/package.dsv'
[11.683s] INFO:colcon.colcon_core.shell:Creating package script '/home/lee/Downloads/Topology_Graph_test-main/install/amr_topology/share/amr_topology/package.sh'
[11.684s] INFO:colcon.colcon_core.shell:Creating package script '/home/lee/Downloads/Topology_Graph_test-main/install/amr_topology/share/amr_topology/package.bash'
[11.684s] INFO:colcon.colcon_core.shell:Creating package script '/home/lee/Downloads/Topology_Graph_test-main/install/amr_topology/share/amr_topology/package.zsh'
[11.684s] Level 1:colcon.colcon_core.environment:create_file_with_runtime_dependencies(/home/lee/Downloads/Topology_Graph_test-main/install/amr_topology/share/colcon-core/packages/amr_topology)
[11.685s] Level 1:colcon.colcon_core.environment:create_environment_scripts_only(amr_topology)
[11.685s] Level 1:colcon.colcon_core.environment:checking '/home/lee/Downloads/Topology_Graph_test-main/install/amr_topology' for CMake module files
[11.685s] Level 1:colcon.colcon_core.environment:checking '/home/lee/Downloads/Topology_Graph_test-main/install/amr_topology' for CMake config files
[11.685s] Level 1:colcon.colcon_core.shell:create_environment_hook('amr_topology', 'cmake_prefix_path')
[11.685s] INFO:colcon.colcon_core.shell:Creating environment hook '/home/lee/Downloads/Topology_Graph_test-main/install/amr_topology/share/amr_topology/hook/cmake_prefix_path.ps1'
[11.685s] INFO:colcon.colcon_core.shell:Creating environment descriptor '/home/lee/Downloads/Topology_Graph_test-main/install/amr_topology/share/amr_topology/hook/cmake_prefix_path.dsv'
[11.685s] INFO:colcon.colcon_core.shell:Creating environment hook '/home/lee/Downloads/Topology_Graph_test-main/install/amr_topology/share/amr_topology/hook/cmake_prefix_path.sh'
[11.686s] Level 1:colcon.colcon_core.environment:checking '/home/lee/Downloads/Topology_Graph_test-main/install/amr_topology/lib'
[11.686s] Level 1:colcon.colcon_core.environment:checking '/home/lee/Downloads/Topology_Graph_test-main/install/amr_topology/bin'
[11.686s] Level 1:colcon.colcon_core.environment:checking '/home/lee/Downloads/Topology_Graph_test-main/install/amr_topology/lib/pkgconfig/amr_topology.pc'
[11.686s] Level 1:colcon.colcon_core.environment:checking '/home/lee/Downloads/Topology_Graph_test-main/install/amr_topology/lib/python3.10/site-packages'
[11.686s] Level 1:colcon.colcon_core.environment:checking '/home/lee/Downloads/Topology_Graph_test-main/install/amr_topology/bin'
[11.686s] INFO:colcon.colcon_core.shell:Creating package script '/home/lee/Downloads/Topology_Graph_test-main/install/amr_topology/share/amr_topology/package.ps1'
[11.686s] INFO:colcon.colcon_core.shell:Creating package descriptor '/home/lee/Downloads/Topology_Graph_test-main/install/amr_topology/share/amr_topology/package.dsv'
[11.687s] INFO:colcon.colcon_core.shell:Creating package script '/home/lee/Downloads/Topology_Graph_test-main/install/amr_topology/share/amr_topology/package.sh'
[11.687s] INFO:colcon.colcon_core.shell:Creating package script '/home/lee/Downloads/Topology_Graph_test-main/install/amr_topology/share/amr_topology/package.bash'
[11.687s] INFO:colcon.colcon_core.shell:Creating package script '/home/lee/Downloads/Topology_Graph_test-main/install/amr_topology/share/amr_topology/package.zsh'
[11.687s] Level 1:colcon.colcon_core.environment:create_file_with_runtime_dependencies(/home/lee/Downloads/Topology_Graph_test-main/install/amr_topology/share/colcon-core/packages/amr_topology)
[11.687s] DEBUG:colcon.colcon_parallel_executor.executor.parallel:closing loop
[11.688s] DEBUG:colcon.colcon_parallel_executor.executor.parallel:loop closed
[11.688s] DEBUG:colcon.colcon_parallel_executor.executor.parallel:run_until_complete finished with '0'
[11.688s] DEBUG:colcon.colcon_core.event_reactor:joining thread
[11.691s] INFO:colcon.colcon_core.plugin_system:Skipping extension 'colcon_notification.desktop_notification.terminal_notifier': Not used on non-Darwin systems
[11.691s] INFO:colcon.colcon_core.plugin_system:Skipping extension 'colcon_notification.desktop_notification.win32': Not used on non-Windows systems
[11.691s] INFO:colcon.colcon_notification.desktop_notification:Sending desktop notification using 'notify2'
[11.691s] DEBUG:colcon.colcon_notification.desktop_notification.notify2:Failed to initialize notify2: org.freedesktop.DBus.Error.AccessDenied: Failed to connect to socket /run/user/1000/bus: Operation not permitted
[11.691s] DEBUG:colcon.colcon_core.event_reactor:joined thread
[11.691s] INFO:colcon.colcon_core.shell:Creating prefix script '/home/lee/Downloads/Topology_Graph_test-main/install/local_setup.ps1'
[11.692s] INFO:colcon.colcon_core.shell:Creating prefix util module '/home/lee/Downloads/Topology_Graph_test-main/install/_local_setup_util_ps1.py'
[11.692s] INFO:colcon.colcon_core.shell:Creating prefix chain script '/home/lee/Downloads/Topology_Graph_test-main/install/setup.ps1'
[11.693s] INFO:colcon.colcon_core.shell:Creating prefix script '/home/lee/Downloads/Topology_Graph_test-main/install/local_setup.sh'
[11.693s] INFO:colcon.colcon_core.shell:Creating prefix util module '/home/lee/Downloads/Topology_Graph_test-main/install/_local_setup_util_sh.py'
[11.693s] INFO:colcon.colcon_core.shell:Creating prefix chain script '/home/lee/Downloads/Topology_Graph_test-main/install/setup.sh'
[11.694s] INFO:colcon.colcon_core.shell:Creating prefix script '/home/lee/Downloads/Topology_Graph_test-main/install/local_setup.bash'
[11.694s] INFO:colcon.colcon_core.shell:Creating prefix chain script '/home/lee/Downloads/Topology_Graph_test-main/install/setup.bash'
[11.695s] INFO:colcon.colcon_core.shell:Creating prefix script '/home/lee/Downloads/Topology_Graph_test-main/install/local_setup.zsh'
[11.695s] INFO:colcon.colcon_core.shell:Creating prefix chain script '/home/lee/Downloads/Topology_Graph_test-main/install/setup.zsh'
