[0.061s] DEBUG:colcon:Command line arguments: ['/usr/bin/colcon', 'build', '--packages-select', 'amr_topology']
[0.061s] DEBUG:colcon:Parsed command line arguments: Namespace(log_base=None, log_level=None, verb_name='build', build_base='build', install_base='install', merge_install=False, symlink_install=False, test_result_base=None, continue_on_error=False, executor='parallel', parallel_workers=16, event_handlers=None, ignore_user_meta=False, metas=['./colcon.meta'], base_paths=['.'], packages_ignore=None, packages_ignore_regex=None, paths=None, packages_up_to=None, packages_up_to_regex=None, packages_above=None, packages_above_and_dependencies=None, packages_above_depth=None, packages_select_by_dep=None, packages_skip_by_dep=None, packages_skip_up_to=None, packages_select_build_failed=False, packages_skip_build_finished=False, packages_select_test_failures=False, packages_skip_test_passed=False, packages_select=['amr_topology'], packages_skip=None, packages_select_regex=None, packages_skip_regex=None, packages_start=None, packages_end=None, allow_overriding=[], cmake_args=None, cmake_target=None, cmake_target_skip_unavailable=False, cmake_clean_cache=False, cmake_clean_first=False, cmake_force_configure=False, ament_cmake_args=None, catkin_cmake_args=None, catkin_skip_building_tests=False, verb_parser=<colcon_defaults.argument_parser.defaults.DefaultArgumentsDecorator object at 0x75fc87868b50>, verb_extension=<colcon_core.verb.build.BuildVerb object at 0x75fc8796df60>, main=<bound method BuildVerb.main of <colcon_core.verb.build.BuildVerb object at 0x75fc8796df60>>)
[0.153s] Level 1:colcon.colcon_core.package_discovery:discover_packages(colcon_meta) check parameters
[0.153s] Level 1:colcon.colcon_core.package_discovery:discover_packages(recursive) check parameters
[0.153s] Level 1:colcon.colcon_core.package_discovery:discover_packages(ignore) check parameters
[0.153s] Level 1:colcon.colcon_core.package_discovery:discover_packages(path) check parameters
[0.153s] Level 1:colcon.colcon_core.package_discovery:discover_packages(colcon_meta) discover
[0.153s] Level 1:colcon.colcon_core.package_discovery:discover_packages(recursive) discover
[0.153s] INFO:colcon.colcon_core.package_discovery:Crawling recursively for packages in '/home/lee/Downloads/Topology_Graph_test-main'
[0.153s] Level 1:colcon.colcon_core.package_identification:_identify(.) by extensions ['ignore', 'ignore_ament_install']
[0.153s] Level 1:colcon.colcon_core.package_identification:_identify(.) by extension 'ignore'
[0.153s] Level 1:colcon.colcon_core.package_identification:_identify(.) by extension 'ignore_ament_install'
[0.153s] Level 1:colcon.colcon_core.package_identification:_identify(.) by extensions ['colcon_pkg']
[0.153s] Level 1:colcon.colcon_core.package_identification:_identify(.) by extension 'colcon_pkg'
[0.153s] Level 1:colcon.colcon_core.package_identification:_identify(.) by extensions ['colcon_meta']
[0.153s] Level 1:colcon.colcon_core.package_identification:_identify(.) by extension 'colcon_meta'
[0.153s] Level 1:colcon.colcon_core.package_identification:_identify(.) by extensions ['ros']
[0.153s] Level 1:colcon.colcon_core.package_identification:_identify(.) by extension 'ros'
[0.161s] Level 1:colcon.colcon_core.package_identification:_identify(.) by extensions ['cmake', 'python']
[0.161s] Level 1:colcon.colcon_core.package_identification:_identify(.) by extension 'cmake'
[0.161s] Level 1:colcon.colcon_core.package_identification:_identify(.) by extension 'python'
[0.161s] Level 1:colcon.colcon_core.package_identification:_identify(.) by extensions ['python_setup_py']
[0.161s] Level 1:colcon.colcon_core.package_identification:_identify(.) by extension 'python_setup_py'
[0.161s] Level 1:colcon.colcon_core.package_identification:_identify(build) by extensions ['ignore', 'ignore_ament_install']
[0.161s] Level 1:colcon.colcon_core.package_identification:_identify(build) by extension 'ignore'
[0.161s] Level 1:colcon.colcon_core.package_identification:_identify(build) ignored
[0.161s] Level 1:colcon.colcon_core.package_identification:_identify(charger_docking_debug) by extensions ['ignore', 'ignore_ament_install']
[0.161s] Level 1:colcon.colcon_core.package_identification:_identify(charger_docking_debug) by extension 'ignore'
[0.161s] Level 1:colcon.colcon_core.package_identification:_identify(charger_docking_debug) by extension 'ignore_ament_install'
[0.161s] Level 1:colcon.colcon_core.package_identification:_identify(charger_docking_debug) by extensions ['colcon_pkg']
[0.161s] Level 1:colcon.colcon_core.package_identification:_identify(charger_docking_debug) by extension 'colcon_pkg'
[0.161s] Level 1:colcon.colcon_core.package_identification:_identify(charger_docking_debug) by extensions ['colcon_meta']
[0.161s] Level 1:colcon.colcon_core.package_identification:_identify(charger_docking_debug) by extension 'colcon_meta'
[0.161s] Level 1:colcon.colcon_core.package_identification:_identify(charger_docking_debug) by extensions ['ros']
[0.161s] Level 1:colcon.colcon_core.package_identification:_identify(charger_docking_debug) by extension 'ros'
[0.161s] Level 1:colcon.colcon_core.package_identification:_identify(charger_docking_debug) by extensions ['cmake', 'python']
[0.162s] Level 1:colcon.colcon_core.package_identification:_identify(charger_docking_debug) by extension 'cmake'
[0.162s] Level 1:colcon.colcon_core.package_identification:_identify(charger_docking_debug) by extension 'python'
[0.162s] Level 1:colcon.colcon_core.package_identification:_identify(charger_docking_debug) by extensions ['python_setup_py']
[0.162s] Level 1:colcon.colcon_core.package_identification:_identify(charger_docking_debug) by extension 'python_setup_py'
[0.162s] Level 1:colcon.colcon_core.package_identification:_identify(install) by extensions ['ignore', 'ignore_ament_install']
[0.162s] Level 1:colcon.colcon_core.package_identification:_identify(install) by extension 'ignore'
[0.162s] Level 1:colcon.colcon_core.package_identification:_identify(install) ignored
[0.162s] Level 1:colcon.colcon_core.package_identification:_identify(log) by extensions ['ignore', 'ignore_ament_install']
[0.162s] Level 1:colcon.colcon_core.package_identification:_identify(log) by extension 'ignore'
[0.162s] Level 1:colcon.colcon_core.package_identification:_identify(log) ignored
[0.162s] Level 1:colcon.colcon_core.package_identification:_identify(rosbag) by extensions ['ignore', 'ignore_ament_install']
[0.162s] Level 1:colcon.colcon_core.package_identification:_identify(rosbag) by extension 'ignore'
[0.162s] Level 1:colcon.colcon_core.package_identification:_identify(rosbag) by extension 'ignore_ament_install'
[0.162s] Level 1:colcon.colcon_core.package_identification:_identify(rosbag) by extensions ['colcon_pkg']
[0.162s] Level 1:colcon.colcon_core.package_identification:_identify(rosbag) by extension 'colcon_pkg'
[0.162s] Level 1:colcon.colcon_core.package_identification:_identify(rosbag) by extensions ['colcon_meta']
[0.162s] Level 1:colcon.colcon_core.package_identification:_identify(rosbag) by extension 'colcon_meta'
[0.162s] Level 1:colcon.colcon_core.package_identification:_identify(rosbag) by extensions ['ros']
[0.162s] Level 1:colcon.colcon_core.package_identification:_identify(rosbag) by extension 'ros'
[0.162s] Level 1:colcon.colcon_core.package_identification:_identify(rosbag) by extensions ['cmake', 'python']
[0.162s] Level 1:colcon.colcon_core.package_identification:_identify(rosbag) by extension 'cmake'
[0.162s] Level 1:colcon.colcon_core.package_identification:_identify(rosbag) by extension 'python'
[0.162s] Level 1:colcon.colcon_core.package_identification:_identify(rosbag) by extensions ['python_setup_py']
[0.162s] Level 1:colcon.colcon_core.package_identification:_identify(rosbag) by extension 'python_setup_py'
[0.162s] Level 1:colcon.colcon_core.package_identification:_identify(rosbag/avoidance_bag_40) by extensions ['ignore', 'ignore_ament_install']
[0.162s] Level 1:colcon.colcon_core.package_identification:_identify(rosbag/avoidance_bag_40) by extension 'ignore'
[0.162s] Level 1:colcon.colcon_core.package_identification:_identify(rosbag/avoidance_bag_40) by extension 'ignore_ament_install'
[0.162s] Level 1:colcon.colcon_core.package_identification:_identify(rosbag/avoidance_bag_40) by extensions ['colcon_pkg']
[0.162s] Level 1:colcon.colcon_core.package_identification:_identify(rosbag/avoidance_bag_40) by extension 'colcon_pkg'
[0.163s] Level 1:colcon.colcon_core.package_identification:_identify(rosbag/avoidance_bag_40) by extensions ['colcon_meta']
[0.163s] Level 1:colcon.colcon_core.package_identification:_identify(rosbag/avoidance_bag_40) by extension 'colcon_meta'
[0.163s] Level 1:colcon.colcon_core.package_identification:_identify(rosbag/avoidance_bag_40) by extensions ['ros']
[0.163s] Level 1:colcon.colcon_core.package_identification:_identify(rosbag/avoidance_bag_40) by extension 'ros'
[0.163s] Level 1:colcon.colcon_core.package_identification:_identify(rosbag/avoidance_bag_40) by extensions ['cmake', 'python']
[0.163s] Level 1:colcon.colcon_core.package_identification:_identify(rosbag/avoidance_bag_40) by extension 'cmake'
[0.163s] Level 1:colcon.colcon_core.package_identification:_identify(rosbag/avoidance_bag_40) by extension 'python'
[0.163s] Level 1:colcon.colcon_core.package_identification:_identify(rosbag/avoidance_bag_40) by extensions ['python_setup_py']
[0.163s] Level 1:colcon.colcon_core.package_identification:_identify(rosbag/avoidance_bag_40) by extension 'python_setup_py'
[0.163s] Level 1:colcon.colcon_core.package_identification:_identify(rosbag/avoidance_bag_41) by extensions ['ignore', 'ignore_ament_install']
[0.163s] Level 1:colcon.colcon_core.package_identification:_identify(rosbag/avoidance_bag_41) by extension 'ignore'
[0.163s] Level 1:colcon.colcon_core.package_identification:_identify(rosbag/avoidance_bag_41) by extension 'ignore_ament_install'
[0.163s] Level 1:colcon.colcon_core.package_identification:_identify(rosbag/avoidance_bag_41) by extensions ['colcon_pkg']
[0.163s] Level 1:colcon.colcon_core.package_identification:_identify(rosbag/avoidance_bag_41) by extension 'colcon_pkg'
[0.163s] Level 1:colcon.colcon_core.package_identification:_identify(rosbag/avoidance_bag_41) by extensions ['colcon_meta']
[0.163s] Level 1:colcon.colcon_core.package_identification:_identify(rosbag/avoidance_bag_41) by extension 'colcon_meta'
[0.163s] Level 1:colcon.colcon_core.package_identification:_identify(rosbag/avoidance_bag_41) by extensions ['ros']
[0.163s] Level 1:colcon.colcon_core.package_identification:_identify(rosbag/avoidance_bag_41) by extension 'ros'
[0.163s] Level 1:colcon.colcon_core.package_identification:_identify(rosbag/avoidance_bag_41) by extensions ['cmake', 'python']
[0.163s] Level 1:colcon.colcon_core.package_identification:_identify(rosbag/avoidance_bag_41) by extension 'cmake'
[0.163s] Level 1:colcon.colcon_core.package_identification:_identify(rosbag/avoidance_bag_41) by extension 'python'
[0.163s] Level 1:colcon.colcon_core.package_identification:_identify(rosbag/avoidance_bag_41) by extensions ['python_setup_py']
[0.163s] Level 1:colcon.colcon_core.package_identification:_identify(rosbag/avoidance_bag_41) by extension 'python_setup_py'
[0.163s] Level 1:colcon.colcon_core.package_identification:_identify(rosbag/avoidance_bag_42) by extensions ['ignore', 'ignore_ament_install']
[0.163s] Level 1:colcon.colcon_core.package_identification:_identify(rosbag/avoidance_bag_42) by extension 'ignore'
[0.163s] Level 1:colcon.colcon_core.package_identification:_identify(rosbag/avoidance_bag_42) by extension 'ignore_ament_install'
[0.163s] Level 1:colcon.colcon_core.package_identification:_identify(rosbag/avoidance_bag_42) by extensions ['colcon_pkg']
[0.163s] Level 1:colcon.colcon_core.package_identification:_identify(rosbag/avoidance_bag_42) by extension 'colcon_pkg'
[0.163s] Level 1:colcon.colcon_core.package_identification:_identify(rosbag/avoidance_bag_42) by extensions ['colcon_meta']
[0.163s] Level 1:colcon.colcon_core.package_identification:_identify(rosbag/avoidance_bag_42) by extension 'colcon_meta'
[0.163s] Level 1:colcon.colcon_core.package_identification:_identify(rosbag/avoidance_bag_42) by extensions ['ros']
[0.163s] Level 1:colcon.colcon_core.package_identification:_identify(rosbag/avoidance_bag_42) by extension 'ros'
[0.163s] Level 1:colcon.colcon_core.package_identification:_identify(rosbag/avoidance_bag_42) by extensions ['cmake', 'python']
[0.163s] Level 1:colcon.colcon_core.package_identification:_identify(rosbag/avoidance_bag_42) by extension 'cmake'
[0.163s] Level 1:colcon.colcon_core.package_identification:_identify(rosbag/avoidance_bag_42) by extension 'python'
[0.163s] Level 1:colcon.colcon_core.package_identification:_identify(rosbag/avoidance_bag_42) by extensions ['python_setup_py']
[0.163s] Level 1:colcon.colcon_core.package_identification:_identify(rosbag/avoidance_bag_42) by extension 'python_setup_py'
[0.163s] Level 1:colcon.colcon_core.package_identification:_identify(rosbag/avoidance_bag_43) by extensions ['ignore', 'ignore_ament_install']
[0.163s] Level 1:colcon.colcon_core.package_identification:_identify(rosbag/avoidance_bag_43) by extension 'ignore'
[0.163s] Level 1:colcon.colcon_core.package_identification:_identify(rosbag/avoidance_bag_43) by extension 'ignore_ament_install'
[0.163s] Level 1:colcon.colcon_core.package_identification:_identify(rosbag/avoidance_bag_43) by extensions ['colcon_pkg']
[0.163s] Level 1:colcon.colcon_core.package_identification:_identify(rosbag/avoidance_bag_43) by extension 'colcon_pkg'
[0.163s] Level 1:colcon.colcon_core.package_identification:_identify(rosbag/avoidance_bag_43) by extensions ['colcon_meta']
[0.163s] Level 1:colcon.colcon_core.package_identification:_identify(rosbag/avoidance_bag_43) by extension 'colcon_meta'
[0.164s] Level 1:colcon.colcon_core.package_identification:_identify(rosbag/avoidance_bag_43) by extensions ['ros']
[0.164s] Level 1:colcon.colcon_core.package_identification:_identify(rosbag/avoidance_bag_43) by extension 'ros'
[0.164s] Level 1:colcon.colcon_core.package_identification:_identify(rosbag/avoidance_bag_43) by extensions ['cmake', 'python']
[0.164s] Level 1:colcon.colcon_core.package_identification:_identify(rosbag/avoidance_bag_43) by extension 'cmake'
[0.164s] Level 1:colcon.colcon_core.package_identification:_identify(rosbag/avoidance_bag_43) by extension 'python'
[0.164s] Level 1:colcon.colcon_core.package_identification:_identify(rosbag/avoidance_bag_43) by extensions ['python_setup_py']
[0.164s] Level 1:colcon.colcon_core.package_identification:_identify(rosbag/avoidance_bag_43) by extension 'python_setup_py'
[0.164s] Level 1:colcon.colcon_core.package_identification:_identify(rosbag/avoidance_bag_44) by extensions ['ignore', 'ignore_ament_install']
[0.164s] Level 1:colcon.colcon_core.package_identification:_identify(rosbag/avoidance_bag_44) by extension 'ignore'
[0.164s] Level 1:colcon.colcon_core.package_identification:_identify(rosbag/avoidance_bag_44) by extension 'ignore_ament_install'
[0.164s] Level 1:colcon.colcon_core.package_identification:_identify(rosbag/avoidance_bag_44) by extensions ['colcon_pkg']
[0.164s] Level 1:colcon.colcon_core.package_identification:_identify(rosbag/avoidance_bag_44) by extension 'colcon_pkg'
[0.164s] Level 1:colcon.colcon_core.package_identification:_identify(rosbag/avoidance_bag_44) by extensions ['colcon_meta']
[0.164s] Level 1:colcon.colcon_core.package_identification:_identify(rosbag/avoidance_bag_44) by extension 'colcon_meta'
[0.164s] Level 1:colcon.colcon_core.package_identification:_identify(rosbag/avoidance_bag_44) by extensions ['ros']
[0.164s] Level 1:colcon.colcon_core.package_identification:_identify(rosbag/avoidance_bag_44) by extension 'ros'
[0.164s] Level 1:colcon.colcon_core.package_identification:_identify(rosbag/avoidance_bag_44) by extensions ['cmake', 'python']
[0.164s] Level 1:colcon.colcon_core.package_identification:_identify(rosbag/avoidance_bag_44) by extension 'cmake'
[0.164s] Level 1:colcon.colcon_core.package_identification:_identify(rosbag/avoidance_bag_44) by extension 'python'
[0.164s] Level 1:colcon.colcon_core.package_identification:_identify(rosbag/avoidance_bag_44) by extensions ['python_setup_py']
[0.164s] Level 1:colcon.colcon_core.package_identification:_identify(rosbag/avoidance_bag_44) by extension 'python_setup_py'
[0.164s] Level 1:colcon.colcon_core.package_identification:_identify(rosbag/avoidance_bag_47) by extensions ['ignore', 'ignore_ament_install']
[0.164s] Level 1:colcon.colcon_core.package_identification:_identify(rosbag/avoidance_bag_47) by extension 'ignore'
[0.164s] Level 1:colcon.colcon_core.package_identification:_identify(rosbag/avoidance_bag_47) by extension 'ignore_ament_install'
[0.164s] Level 1:colcon.colcon_core.package_identification:_identify(rosbag/avoidance_bag_47) by extensions ['colcon_pkg']
[0.164s] Level 1:colcon.colcon_core.package_identification:_identify(rosbag/avoidance_bag_47) by extension 'colcon_pkg'
[0.164s] Level 1:colcon.colcon_core.package_identification:_identify(rosbag/avoidance_bag_47) by extensions ['colcon_meta']
[0.164s] Level 1:colcon.colcon_core.package_identification:_identify(rosbag/avoidance_bag_47) by extension 'colcon_meta'
[0.164s] Level 1:colcon.colcon_core.package_identification:_identify(rosbag/avoidance_bag_47) by extensions ['ros']
[0.164s] Level 1:colcon.colcon_core.package_identification:_identify(rosbag/avoidance_bag_47) by extension 'ros'
[0.164s] Level 1:colcon.colcon_core.package_identification:_identify(rosbag/avoidance_bag_47) by extensions ['cmake', 'python']
[0.164s] Level 1:colcon.colcon_core.package_identification:_identify(rosbag/avoidance_bag_47) by extension 'cmake'
[0.164s] Level 1:colcon.colcon_core.package_identification:_identify(rosbag/avoidance_bag_47) by extension 'python'
[0.164s] Level 1:colcon.colcon_core.package_identification:_identify(rosbag/avoidance_bag_47) by extensions ['python_setup_py']
[0.164s] Level 1:colcon.colcon_core.package_identification:_identify(rosbag/avoidance_bag_47) by extension 'python_setup_py'
[0.164s] Level 1:colcon.colcon_core.package_identification:_identify(rosbag/avoidance_bag_48) by extensions ['ignore', 'ignore_ament_install']
[0.164s] Level 1:colcon.colcon_core.package_identification:_identify(rosbag/avoidance_bag_48) by extension 'ignore'
[0.164s] Level 1:colcon.colcon_core.package_identification:_identify(rosbag/avoidance_bag_48) by extension 'ignore_ament_install'
[0.164s] Level 1:colcon.colcon_core.package_identification:_identify(rosbag/avoidance_bag_48) by extensions ['colcon_pkg']
[0.164s] Level 1:colcon.colcon_core.package_identification:_identify(rosbag/avoidance_bag_48) by extension 'colcon_pkg'
[0.164s] Level 1:colcon.colcon_core.package_identification:_identify(rosbag/avoidance_bag_48) by extensions ['colcon_meta']
[0.164s] Level 1:colcon.colcon_core.package_identification:_identify(rosbag/avoidance_bag_48) by extension 'colcon_meta'
[0.164s] Level 1:colcon.colcon_core.package_identification:_identify(rosbag/avoidance_bag_48) by extensions ['ros']
[0.164s] Level 1:colcon.colcon_core.package_identification:_identify(rosbag/avoidance_bag_48) by extension 'ros'
[0.164s] Level 1:colcon.colcon_core.package_identification:_identify(rosbag/avoidance_bag_48) by extensions ['cmake', 'python']
[0.164s] Level 1:colcon.colcon_core.package_identification:_identify(rosbag/avoidance_bag_48) by extension 'cmake'
[0.165s] Level 1:colcon.colcon_core.package_identification:_identify(rosbag/avoidance_bag_48) by extension 'python'
[0.165s] Level 1:colcon.colcon_core.package_identification:_identify(rosbag/avoidance_bag_48) by extensions ['python_setup_py']
[0.165s] Level 1:colcon.colcon_core.package_identification:_identify(rosbag/avoidance_bag_48) by extension 'python_setup_py'
[0.165s] Level 1:colcon.colcon_core.package_identification:_identify(rosbag/avoidance_bag_49) by extensions ['ignore', 'ignore_ament_install']
[0.165s] Level 1:colcon.colcon_core.package_identification:_identify(rosbag/avoidance_bag_49) by extension 'ignore'
[0.165s] Level 1:colcon.colcon_core.package_identification:_identify(rosbag/avoidance_bag_49) by extension 'ignore_ament_install'
[0.165s] Level 1:colcon.colcon_core.package_identification:_identify(rosbag/avoidance_bag_49) by extensions ['colcon_pkg']
[0.165s] Level 1:colcon.colcon_core.package_identification:_identify(rosbag/avoidance_bag_49) by extension 'colcon_pkg'
[0.165s] Level 1:colcon.colcon_core.package_identification:_identify(rosbag/avoidance_bag_49) by extensions ['colcon_meta']
[0.165s] Level 1:colcon.colcon_core.package_identification:_identify(rosbag/avoidance_bag_49) by extension 'colcon_meta'
[0.165s] Level 1:colcon.colcon_core.package_identification:_identify(rosbag/avoidance_bag_49) by extensions ['ros']
[0.165s] Level 1:colcon.colcon_core.package_identification:_identify(rosbag/avoidance_bag_49) by extension 'ros'
[0.165s] Level 1:colcon.colcon_core.package_identification:_identify(rosbag/avoidance_bag_49) by extensions ['cmake', 'python']
[0.165s] Level 1:colcon.colcon_core.package_identification:_identify(rosbag/avoidance_bag_49) by extension 'cmake'
[0.165s] Level 1:colcon.colcon_core.package_identification:_identify(rosbag/avoidance_bag_49) by extension 'python'
[0.165s] Level 1:colcon.colcon_core.package_identification:_identify(rosbag/avoidance_bag_49) by extensions ['python_setup_py']
[0.165s] Level 1:colcon.colcon_core.package_identification:_identify(rosbag/avoidance_bag_49) by extension 'python_setup_py'
[0.165s] Level 1:colcon.colcon_core.package_identification:_identify(rosbag/avoidance_bag_50) by extensions ['ignore', 'ignore_ament_install']
[0.165s] Level 1:colcon.colcon_core.package_identification:_identify(rosbag/avoidance_bag_50) by extension 'ignore'
[0.165s] Level 1:colcon.colcon_core.package_identification:_identify(rosbag/avoidance_bag_50) by extension 'ignore_ament_install'
[0.165s] Level 1:colcon.colcon_core.package_identification:_identify(rosbag/avoidance_bag_50) by extensions ['colcon_pkg']
[0.165s] Level 1:colcon.colcon_core.package_identification:_identify(rosbag/avoidance_bag_50) by extension 'colcon_pkg'
[0.165s] Level 1:colcon.colcon_core.package_identification:_identify(rosbag/avoidance_bag_50) by extensions ['colcon_meta']
[0.165s] Level 1:colcon.colcon_core.package_identification:_identify(rosbag/avoidance_bag_50) by extension 'colcon_meta'
[0.165s] Level 1:colcon.colcon_core.package_identification:_identify(rosbag/avoidance_bag_50) by extensions ['ros']
[0.165s] Level 1:colcon.colcon_core.package_identification:_identify(rosbag/avoidance_bag_50) by extension 'ros'
[0.165s] Level 1:colcon.colcon_core.package_identification:_identify(rosbag/avoidance_bag_50) by extensions ['cmake', 'python']
[0.165s] Level 1:colcon.colcon_core.package_identification:_identify(rosbag/avoidance_bag_50) by extension 'cmake'
[0.165s] Level 1:colcon.colcon_core.package_identification:_identify(rosbag/avoidance_bag_50) by extension 'python'
[0.165s] Level 1:colcon.colcon_core.package_identification:_identify(rosbag/avoidance_bag_50) by extensions ['python_setup_py']
[0.165s] Level 1:colcon.colcon_core.package_identification:_identify(rosbag/avoidance_bag_50) by extension 'python_setup_py'
[0.165s] Level 1:colcon.colcon_core.package_identification:_identify(rosbag/avoidance_bag_51) by extensions ['ignore', 'ignore_ament_install']
[0.165s] Level 1:colcon.colcon_core.package_identification:_identify(rosbag/avoidance_bag_51) by extension 'ignore'
[0.165s] Level 1:colcon.colcon_core.package_identification:_identify(rosbag/avoidance_bag_51) by extension 'ignore_ament_install'
[0.165s] Level 1:colcon.colcon_core.package_identification:_identify(rosbag/avoidance_bag_51) by extensions ['colcon_pkg']
[0.165s] Level 1:colcon.colcon_core.package_identification:_identify(rosbag/avoidance_bag_51) by extension 'colcon_pkg'
[0.165s] Level 1:colcon.colcon_core.package_identification:_identify(rosbag/avoidance_bag_51) by extensions ['colcon_meta']
[0.165s] Level 1:colcon.colcon_core.package_identification:_identify(rosbag/avoidance_bag_51) by extension 'colcon_meta'
[0.165s] Level 1:colcon.colcon_core.package_identification:_identify(rosbag/avoidance_bag_51) by extensions ['ros']
[0.165s] Level 1:colcon.colcon_core.package_identification:_identify(rosbag/avoidance_bag_51) by extension 'ros'
[0.165s] Level 1:colcon.colcon_core.package_identification:_identify(rosbag/avoidance_bag_51) by extensions ['cmake', 'python']
[0.165s] Level 1:colcon.colcon_core.package_identification:_identify(rosbag/avoidance_bag_51) by extension 'cmake'
[0.165s] Level 1:colcon.colcon_core.package_identification:_identify(rosbag/avoidance_bag_51) by extension 'python'
[0.165s] Level 1:colcon.colcon_core.package_identification:_identify(rosbag/avoidance_bag_51) by extensions ['python_setup_py']
[0.165s] Level 1:colcon.colcon_core.package_identification:_identify(rosbag/avoidance_bag_51) by extension 'python_setup_py'
[0.165s] Level 1:colcon.colcon_core.package_identification:_identify(rosbag/avoidance_bag_52) by extensions ['ignore', 'ignore_ament_install']
[0.165s] Level 1:colcon.colcon_core.package_identification:_identify(rosbag/avoidance_bag_52) by extension 'ignore'
[0.165s] Level 1:colcon.colcon_core.package_identification:_identify(rosbag/avoidance_bag_52) by extension 'ignore_ament_install'
[0.165s] Level 1:colcon.colcon_core.package_identification:_identify(rosbag/avoidance_bag_52) by extensions ['colcon_pkg']
[0.165s] Level 1:colcon.colcon_core.package_identification:_identify(rosbag/avoidance_bag_52) by extension 'colcon_pkg'
[0.165s] Level 1:colcon.colcon_core.package_identification:_identify(rosbag/avoidance_bag_52) by extensions ['colcon_meta']
[0.165s] Level 1:colcon.colcon_core.package_identification:_identify(rosbag/avoidance_bag_52) by extension 'colcon_meta'
[0.165s] Level 1:colcon.colcon_core.package_identification:_identify(rosbag/avoidance_bag_52) by extensions ['ros']
[0.166s] Level 1:colcon.colcon_core.package_identification:_identify(rosbag/avoidance_bag_52) by extension 'ros'
[0.166s] Level 1:colcon.colcon_core.package_identification:_identify(rosbag/avoidance_bag_52) by extensions ['cmake', 'python']
[0.166s] Level 1:colcon.colcon_core.package_identification:_identify(rosbag/avoidance_bag_52) by extension 'cmake'
[0.166s] Level 1:colcon.colcon_core.package_identification:_identify(rosbag/avoidance_bag_52) by extension 'python'
[0.166s] Level 1:colcon.colcon_core.package_identification:_identify(rosbag/avoidance_bag_52) by extensions ['python_setup_py']
[0.166s] Level 1:colcon.colcon_core.package_identification:_identify(rosbag/avoidance_bag_52) by extension 'python_setup_py'
[0.166s] Level 1:colcon.colcon_core.package_identification:_identify(rosbag/avoidance_bag_53) by extensions ['ignore', 'ignore_ament_install']
[0.166s] Level 1:colcon.colcon_core.package_identification:_identify(rosbag/avoidance_bag_53) by extension 'ignore'
[0.166s] Level 1:colcon.colcon_core.package_identification:_identify(rosbag/avoidance_bag_53) by extension 'ignore_ament_install'
[0.166s] Level 1:colcon.colcon_core.package_identification:_identify(rosbag/avoidance_bag_53) by extensions ['colcon_pkg']
[0.166s] Level 1:colcon.colcon_core.package_identification:_identify(rosbag/avoidance_bag_53) by extension 'colcon_pkg'
[0.166s] Level 1:colcon.colcon_core.package_identification:_identify(rosbag/avoidance_bag_53) by extensions ['colcon_meta']
[0.166s] Level 1:colcon.colcon_core.package_identification:_identify(rosbag/avoidance_bag_53) by extension 'colcon_meta'
[0.166s] Level 1:colcon.colcon_core.package_identification:_identify(rosbag/avoidance_bag_53) by extensions ['ros']
[0.166s] Level 1:colcon.colcon_core.package_identification:_identify(rosbag/avoidance_bag_53) by extension 'ros'
[0.166s] Level 1:colcon.colcon_core.package_identification:_identify(rosbag/avoidance_bag_53) by extensions ['cmake', 'python']
[0.166s] Level 1:colcon.colcon_core.package_identification:_identify(rosbag/avoidance_bag_53) by extension 'cmake'
[0.166s] Level 1:colcon.colcon_core.package_identification:_identify(rosbag/avoidance_bag_53) by extension 'python'
[0.166s] Level 1:colcon.colcon_core.package_identification:_identify(rosbag/avoidance_bag_53) by extensions ['python_setup_py']
[0.166s] Level 1:colcon.colcon_core.package_identification:_identify(rosbag/avoidance_bag_53) by extension 'python_setup_py'
[0.166s] Level 1:colcon.colcon_core.package_identification:_identify(rosbag/avoidance_bag_54) by extensions ['ignore', 'ignore_ament_install']
[0.166s] Level 1:colcon.colcon_core.package_identification:_identify(rosbag/avoidance_bag_54) by extension 'ignore'
[0.166s] Level 1:colcon.colcon_core.package_identification:_identify(rosbag/avoidance_bag_54) by extension 'ignore_ament_install'
[0.166s] Level 1:colcon.colcon_core.package_identification:_identify(rosbag/avoidance_bag_54) by extensions ['colcon_pkg']
[0.166s] Level 1:colcon.colcon_core.package_identification:_identify(rosbag/avoidance_bag_54) by extension 'colcon_pkg'
[0.166s] Level 1:colcon.colcon_core.package_identification:_identify(rosbag/avoidance_bag_54) by extensions ['colcon_meta']
[0.166s] Level 1:colcon.colcon_core.package_identification:_identify(rosbag/avoidance_bag_54) by extension 'colcon_meta'
[0.166s] Level 1:colcon.colcon_core.package_identification:_identify(rosbag/avoidance_bag_54) by extensions ['ros']
[0.166s] Level 1:colcon.colcon_core.package_identification:_identify(rosbag/avoidance_bag_54) by extension 'ros'
[0.166s] Level 1:colcon.colcon_core.package_identification:_identify(rosbag/avoidance_bag_54) by extensions ['cmake', 'python']
[0.166s] Level 1:colcon.colcon_core.package_identification:_identify(rosbag/avoidance_bag_54) by extension 'cmake'
[0.166s] Level 1:colcon.colcon_core.package_identification:_identify(rosbag/avoidance_bag_54) by extension 'python'
[0.166s] Level 1:colcon.colcon_core.package_identification:_identify(rosbag/avoidance_bag_54) by extensions ['python_setup_py']
[0.166s] Level 1:colcon.colcon_core.package_identification:_identify(rosbag/avoidance_bag_54) by extension 'python_setup_py'
[0.166s] Level 1:colcon.colcon_core.package_identification:_identify(rosbag/avoidance_bag_55) by extensions ['ignore', 'ignore_ament_install']
[0.166s] Level 1:colcon.colcon_core.package_identification:_identify(rosbag/avoidance_bag_55) by extension 'ignore'
[0.166s] Level 1:colcon.colcon_core.package_identification:_identify(rosbag/avoidance_bag_55) by extension 'ignore_ament_install'
[0.166s] Level 1:colcon.colcon_core.package_identification:_identify(rosbag/avoidance_bag_55) by extensions ['colcon_pkg']
[0.166s] Level 1:colcon.colcon_core.package_identification:_identify(rosbag/avoidance_bag_55) by extension 'colcon_pkg'
[0.166s] Level 1:colcon.colcon_core.package_identification:_identify(rosbag/avoidance_bag_55) by extensions ['colcon_meta']
[0.166s] Level 1:colcon.colcon_core.package_identification:_identify(rosbag/avoidance_bag_55) by extension 'colcon_meta'
[0.166s] Level 1:colcon.colcon_core.package_identification:_identify(rosbag/avoidance_bag_55) by extensions ['ros']
[0.166s] Level 1:colcon.colcon_core.package_identification:_identify(rosbag/avoidance_bag_55) by extension 'ros'
[0.166s] Level 1:colcon.colcon_core.package_identification:_identify(rosbag/avoidance_bag_55) by extensions ['cmake', 'python']
[0.166s] Level 1:colcon.colcon_core.package_identification:_identify(rosbag/avoidance_bag_55) by extension 'cmake'
[0.166s] Level 1:colcon.colcon_core.package_identification:_identify(rosbag/avoidance_bag_55) by extension 'python'
[0.166s] Level 1:colcon.colcon_core.package_identification:_identify(rosbag/avoidance_bag_55) by extensions ['python_setup_py']
[0.166s] Level 1:colcon.colcon_core.package_identification:_identify(rosbag/avoidance_bag_55) by extension 'python_setup_py'
[0.166s] Level 1:colcon.colcon_core.package_identification:_identify(rosbag/avoidance_bag_56) by extensions ['ignore', 'ignore_ament_install']
[0.166s] Level 1:colcon.colcon_core.package_identification:_identify(rosbag/avoidance_bag_56) by extension 'ignore'
[0.166s] Level 1:colcon.colcon_core.package_identification:_identify(rosbag/avoidance_bag_56) by extension 'ignore_ament_install'
[0.166s] Level 1:colcon.colcon_core.package_identification:_identify(rosbag/avoidance_bag_56) by extensions ['colcon_pkg']
[0.166s] Level 1:colcon.colcon_core.package_identification:_identify(rosbag/avoidance_bag_56) by extension 'colcon_pkg'
[0.166s] Level 1:colcon.colcon_core.package_identification:_identify(rosbag/avoidance_bag_56) by extensions ['colcon_meta']
[0.166s] Level 1:colcon.colcon_core.package_identification:_identify(rosbag/avoidance_bag_56) by extension 'colcon_meta'
[0.167s] Level 1:colcon.colcon_core.package_identification:_identify(rosbag/avoidance_bag_56) by extensions ['ros']
[0.167s] Level 1:colcon.colcon_core.package_identification:_identify(rosbag/avoidance_bag_56) by extension 'ros'
[0.167s] Level 1:colcon.colcon_core.package_identification:_identify(rosbag/avoidance_bag_56) by extensions ['cmake', 'python']
[0.167s] Level 1:colcon.colcon_core.package_identification:_identify(rosbag/avoidance_bag_56) by extension 'cmake'
[0.167s] Level 1:colcon.colcon_core.package_identification:_identify(rosbag/avoidance_bag_56) by extension 'python'
[0.167s] Level 1:colcon.colcon_core.package_identification:_identify(rosbag/avoidance_bag_56) by extensions ['python_setup_py']
[0.167s] Level 1:colcon.colcon_core.package_identification:_identify(rosbag/avoidance_bag_56) by extension 'python_setup_py'
[0.167s] Level 1:colcon.colcon_core.package_identification:_identify(rosbag/avoidance_bag_57) by extensions ['ignore', 'ignore_ament_install']
[0.167s] Level 1:colcon.colcon_core.package_identification:_identify(rosbag/avoidance_bag_57) by extension 'ignore'
[0.167s] Level 1:colcon.colcon_core.package_identification:_identify(rosbag/avoidance_bag_57) by extension 'ignore_ament_install'
[0.167s] Level 1:colcon.colcon_core.package_identification:_identify(rosbag/avoidance_bag_57) by extensions ['colcon_pkg']
[0.167s] Level 1:colcon.colcon_core.package_identification:_identify(rosbag/avoidance_bag_57) by extension 'colcon_pkg'
[0.167s] Level 1:colcon.colcon_core.package_identification:_identify(rosbag/avoidance_bag_57) by extensions ['colcon_meta']
[0.167s] Level 1:colcon.colcon_core.package_identification:_identify(rosbag/avoidance_bag_57) by extension 'colcon_meta'
[0.167s] Level 1:colcon.colcon_core.package_identification:_identify(rosbag/avoidance_bag_57) by extensions ['ros']
[0.167s] Level 1:colcon.colcon_core.package_identification:_identify(rosbag/avoidance_bag_57) by extension 'ros'
[0.167s] Level 1:colcon.colcon_core.package_identification:_identify(rosbag/avoidance_bag_57) by extensions ['cmake', 'python']
[0.167s] Level 1:colcon.colcon_core.package_identification:_identify(rosbag/avoidance_bag_57) by extension 'cmake'
[0.167s] Level 1:colcon.colcon_core.package_identification:_identify(rosbag/avoidance_bag_57) by extension 'python'
[0.167s] Level 1:colcon.colcon_core.package_identification:_identify(rosbag/avoidance_bag_57) by extensions ['python_setup_py']
[0.167s] Level 1:colcon.colcon_core.package_identification:_identify(rosbag/avoidance_bag_57) by extension 'python_setup_py'
[0.167s] Level 1:colcon.colcon_core.package_identification:_identify(rosbag/avoidance_bag_58) by extensions ['ignore', 'ignore_ament_install']
[0.167s] Level 1:colcon.colcon_core.package_identification:_identify(rosbag/avoidance_bag_58) by extension 'ignore'
[0.167s] Level 1:colcon.colcon_core.package_identification:_identify(rosbag/avoidance_bag_58) by extension 'ignore_ament_install'
[0.167s] Level 1:colcon.colcon_core.package_identification:_identify(rosbag/avoidance_bag_58) by extensions ['colcon_pkg']
[0.167s] Level 1:colcon.colcon_core.package_identification:_identify(rosbag/avoidance_bag_58) by extension 'colcon_pkg'
[0.167s] Level 1:colcon.colcon_core.package_identification:_identify(rosbag/avoidance_bag_58) by extensions ['colcon_meta']
[0.167s] Level 1:colcon.colcon_core.package_identification:_identify(rosbag/avoidance_bag_58) by extension 'colcon_meta'
[0.167s] Level 1:colcon.colcon_core.package_identification:_identify(rosbag/avoidance_bag_58) by extensions ['ros']
[0.167s] Level 1:colcon.colcon_core.package_identification:_identify(rosbag/avoidance_bag_58) by extension 'ros'
[0.167s] Level 1:colcon.colcon_core.package_identification:_identify(rosbag/avoidance_bag_58) by extensions ['cmake', 'python']
[0.167s] Level 1:colcon.colcon_core.package_identification:_identify(rosbag/avoidance_bag_58) by extension 'cmake'
[0.167s] Level 1:colcon.colcon_core.package_identification:_identify(rosbag/avoidance_bag_58) by extension 'python'
[0.167s] Level 1:colcon.colcon_core.package_identification:_identify(rosbag/avoidance_bag_58) by extensions ['python_setup_py']
[0.167s] Level 1:colcon.colcon_core.package_identification:_identify(rosbag/avoidance_bag_58) by extension 'python_setup_py'
[0.167s] Level 1:colcon.colcon_core.package_identification:_identify(rosbag/avoidance_bag_59) by extensions ['ignore', 'ignore_ament_install']
[0.167s] Level 1:colcon.colcon_core.package_identification:_identify(rosbag/avoidance_bag_59) by extension 'ignore'
[0.167s] Level 1:colcon.colcon_core.package_identification:_identify(rosbag/avoidance_bag_59) by extension 'ignore_ament_install'
[0.167s] Level 1:colcon.colcon_core.package_identification:_identify(rosbag/avoidance_bag_59) by extensions ['colcon_pkg']
[0.167s] Level 1:colcon.colcon_core.package_identification:_identify(rosbag/avoidance_bag_59) by extension 'colcon_pkg'
[0.167s] Level 1:colcon.colcon_core.package_identification:_identify(rosbag/avoidance_bag_59) by extensions ['colcon_meta']
[0.167s] Level 1:colcon.colcon_core.package_identification:_identify(rosbag/avoidance_bag_59) by extension 'colcon_meta'
[0.167s] Level 1:colcon.colcon_core.package_identification:_identify(rosbag/avoidance_bag_59) by extensions ['ros']
[0.167s] Level 1:colcon.colcon_core.package_identification:_identify(rosbag/avoidance_bag_59) by extension 'ros'
[0.167s] Level 1:colcon.colcon_core.package_identification:_identify(rosbag/avoidance_bag_59) by extensions ['cmake', 'python']
[0.167s] Level 1:colcon.colcon_core.package_identification:_identify(rosbag/avoidance_bag_59) by extension 'cmake'
[0.167s] Level 1:colcon.colcon_core.package_identification:_identify(rosbag/avoidance_bag_59) by extension 'python'
[0.167s] Level 1:colcon.colcon_core.package_identification:_identify(rosbag/avoidance_bag_59) by extensions ['python_setup_py']
[0.167s] Level 1:colcon.colcon_core.package_identification:_identify(rosbag/avoidance_bag_59) by extension 'python_setup_py'
[0.167s] Level 1:colcon.colcon_core.package_identification:_identify(rosbag/avoidance_bag_60) by extensions ['ignore', 'ignore_ament_install']
[0.167s] Level 1:colcon.colcon_core.package_identification:_identify(rosbag/avoidance_bag_60) by extension 'ignore'
[0.167s] Level 1:colcon.colcon_core.package_identification:_identify(rosbag/avoidance_bag_60) by extension 'ignore_ament_install'
[0.167s] Level 1:colcon.colcon_core.package_identification:_identify(rosbag/avoidance_bag_60) by extensions ['colcon_pkg']
[0.167s] Level 1:colcon.colcon_core.package_identification:_identify(rosbag/avoidance_bag_60) by extension 'colcon_pkg'
[0.168s] Level 1:colcon.colcon_core.package_identification:_identify(rosbag/avoidance_bag_60) by extensions ['colcon_meta']
[0.168s] Level 1:colcon.colcon_core.package_identification:_identify(rosbag/avoidance_bag_60) by extension 'colcon_meta'
[0.168s] Level 1:colcon.colcon_core.package_identification:_identify(rosbag/avoidance_bag_60) by extensions ['ros']
[0.168s] Level 1:colcon.colcon_core.package_identification:_identify(rosbag/avoidance_bag_60) by extension 'ros'
[0.168s] Level 1:colcon.colcon_core.package_identification:_identify(rosbag/avoidance_bag_60) by extensions ['cmake', 'python']
[0.168s] Level 1:colcon.colcon_core.package_identification:_identify(rosbag/avoidance_bag_60) by extension 'cmake'
[0.168s] Level 1:colcon.colcon_core.package_identification:_identify(rosbag/avoidance_bag_60) by extension 'python'
[0.168s] Level 1:colcon.colcon_core.package_identification:_identify(rosbag/avoidance_bag_60) by extensions ['python_setup_py']
[0.168s] Level 1:colcon.colcon_core.package_identification:_identify(rosbag/avoidance_bag_60) by extension 'python_setup_py'
[0.168s] Level 1:colcon.colcon_core.package_identification:_identify(rosbag/avoidance_bag_61) by extensions ['ignore', 'ignore_ament_install']
[0.168s] Level 1:colcon.colcon_core.package_identification:_identify(rosbag/avoidance_bag_61) by extension 'ignore'
[0.168s] Level 1:colcon.colcon_core.package_identification:_identify(rosbag/avoidance_bag_61) by extension 'ignore_ament_install'
[0.168s] Level 1:colcon.colcon_core.package_identification:_identify(rosbag/avoidance_bag_61) by extensions ['colcon_pkg']
[0.168s] Level 1:colcon.colcon_core.package_identification:_identify(rosbag/avoidance_bag_61) by extension 'colcon_pkg'
[0.168s] Level 1:colcon.colcon_core.package_identification:_identify(rosbag/avoidance_bag_61) by extensions ['colcon_meta']
[0.168s] Level 1:colcon.colcon_core.package_identification:_identify(rosbag/avoidance_bag_61) by extension 'colcon_meta'
[0.168s] Level 1:colcon.colcon_core.package_identification:_identify(rosbag/avoidance_bag_61) by extensions ['ros']
[0.168s] Level 1:colcon.colcon_core.package_identification:_identify(rosbag/avoidance_bag_61) by extension 'ros'
[0.168s] Level 1:colcon.colcon_core.package_identification:_identify(rosbag/avoidance_bag_61) by extensions ['cmake', 'python']
[0.168s] Level 1:colcon.colcon_core.package_identification:_identify(rosbag/avoidance_bag_61) by extension 'cmake'
[0.168s] Level 1:colcon.colcon_core.package_identification:_identify(rosbag/avoidance_bag_61) by extension 'python'
[0.168s] Level 1:colcon.colcon_core.package_identification:_identify(rosbag/avoidance_bag_61) by extensions ['python_setup_py']
[0.168s] Level 1:colcon.colcon_core.package_identification:_identify(rosbag/avoidance_bag_61) by extension 'python_setup_py'
[0.168s] Level 1:colcon.colcon_core.package_identification:_identify(rosbag/avoidance_bag_62) by extensions ['ignore', 'ignore_ament_install']
[0.168s] Level 1:colcon.colcon_core.package_identification:_identify(rosbag/avoidance_bag_62) by extension 'ignore'
[0.168s] Level 1:colcon.colcon_core.package_identification:_identify(rosbag/avoidance_bag_62) by extension 'ignore_ament_install'
[0.168s] Level 1:colcon.colcon_core.package_identification:_identify(rosbag/avoidance_bag_62) by extensions ['colcon_pkg']
[0.168s] Level 1:colcon.colcon_core.package_identification:_identify(rosbag/avoidance_bag_62) by extension 'colcon_pkg'
[0.168s] Level 1:colcon.colcon_core.package_identification:_identify(rosbag/avoidance_bag_62) by extensions ['colcon_meta']
[0.168s] Level 1:colcon.colcon_core.package_identification:_identify(rosbag/avoidance_bag_62) by extension 'colcon_meta'
[0.168s] Level 1:colcon.colcon_core.package_identification:_identify(rosbag/avoidance_bag_62) by extensions ['ros']
[0.168s] Level 1:colcon.colcon_core.package_identification:_identify(rosbag/avoidance_bag_62) by extension 'ros'
[0.168s] Level 1:colcon.colcon_core.package_identification:_identify(rosbag/avoidance_bag_62) by extensions ['cmake', 'python']
[0.168s] Level 1:colcon.colcon_core.package_identification:_identify(rosbag/avoidance_bag_62) by extension 'cmake'
[0.168s] Level 1:colcon.colcon_core.package_identification:_identify(rosbag/avoidance_bag_62) by extension 'python'
[0.168s] Level 1:colcon.colcon_core.package_identification:_identify(rosbag/avoidance_bag_62) by extensions ['python_setup_py']
[0.168s] Level 1:colcon.colcon_core.package_identification:_identify(rosbag/avoidance_bag_62) by extension 'python_setup_py'
[0.168s] Level 1:colcon.colcon_core.package_identification:_identify(rosbag/avoidance_bag_97) by extensions ['ignore', 'ignore_ament_install']
[0.168s] Level 1:colcon.colcon_core.package_identification:_identify(rosbag/avoidance_bag_97) by extension 'ignore'
[0.168s] Level 1:colcon.colcon_core.package_identification:_identify(rosbag/avoidance_bag_97) by extension 'ignore_ament_install'
[0.168s] Level 1:colcon.colcon_core.package_identification:_identify(rosbag/avoidance_bag_97) by extensions ['colcon_pkg']
[0.168s] Level 1:colcon.colcon_core.package_identification:_identify(rosbag/avoidance_bag_97) by extension 'colcon_pkg'
[0.168s] Level 1:colcon.colcon_core.package_identification:_identify(rosbag/avoidance_bag_97) by extensions ['colcon_meta']
[0.168s] Level 1:colcon.colcon_core.package_identification:_identify(rosbag/avoidance_bag_97) by extension 'colcon_meta'
[0.168s] Level 1:colcon.colcon_core.package_identification:_identify(rosbag/avoidance_bag_97) by extensions ['ros']
[0.168s] Level 1:colcon.colcon_core.package_identification:_identify(rosbag/avoidance_bag_97) by extension 'ros'
[0.168s] Level 1:colcon.colcon_core.package_identification:_identify(rosbag/avoidance_bag_97) by extensions ['cmake', 'python']
[0.168s] Level 1:colcon.colcon_core.package_identification:_identify(rosbag/avoidance_bag_97) by extension 'cmake'
[0.168s] Level 1:colcon.colcon_core.package_identification:_identify(rosbag/avoidance_bag_97) by extension 'python'
[0.168s] Level 1:colcon.colcon_core.package_identification:_identify(rosbag/avoidance_bag_97) by extensions ['python_setup_py']
[0.168s] Level 1:colcon.colcon_core.package_identification:_identify(rosbag/avoidance_bag_97) by extension 'python_setup_py'
[0.168s] Level 1:colcon.colcon_core.package_identification:_identify(rosbag/rc_follow_test_01) by extensions ['ignore', 'ignore_ament_install']
[0.168s] Level 1:colcon.colcon_core.package_identification:_identify(rosbag/rc_follow_test_01) by extension 'ignore'
[0.168s] Level 1:colcon.colcon_core.package_identification:_identify(rosbag/rc_follow_test_01) by extension 'ignore_ament_install'
[0.168s] Level 1:colcon.colcon_core.package_identification:_identify(rosbag/rc_follow_test_01) by extensions ['colcon_pkg']
[0.169s] Level 1:colcon.colcon_core.package_identification:_identify(rosbag/rc_follow_test_01) by extension 'colcon_pkg'
[0.169s] Level 1:colcon.colcon_core.package_identification:_identify(rosbag/rc_follow_test_01) by extensions ['colcon_meta']
[0.169s] Level 1:colcon.colcon_core.package_identification:_identify(rosbag/rc_follow_test_01) by extension 'colcon_meta'
[0.169s] Level 1:colcon.colcon_core.package_identification:_identify(rosbag/rc_follow_test_01) by extensions ['ros']
[0.169s] Level 1:colcon.colcon_core.package_identification:_identify(rosbag/rc_follow_test_01) by extension 'ros'
[0.169s] Level 1:colcon.colcon_core.package_identification:_identify(rosbag/rc_follow_test_01) by extensions ['cmake', 'python']
[0.169s] Level 1:colcon.colcon_core.package_identification:_identify(rosbag/rc_follow_test_01) by extension 'cmake'
[0.169s] Level 1:colcon.colcon_core.package_identification:_identify(rosbag/rc_follow_test_01) by extension 'python'
[0.169s] Level 1:colcon.colcon_core.package_identification:_identify(rosbag/rc_follow_test_01) by extensions ['python_setup_py']
[0.169s] Level 1:colcon.colcon_core.package_identification:_identify(rosbag/rc_follow_test_01) by extension 'python_setup_py'
[0.169s] Level 1:colcon.colcon_core.package_identification:_identify(rosbag/rc_follow_test_02) by extensions ['ignore', 'ignore_ament_install']
[0.169s] Level 1:colcon.colcon_core.package_identification:_identify(rosbag/rc_follow_test_02) by extension 'ignore'
[0.169s] Level 1:colcon.colcon_core.package_identification:_identify(rosbag/rc_follow_test_02) by extension 'ignore_ament_install'
[0.169s] Level 1:colcon.colcon_core.package_identification:_identify(rosbag/rc_follow_test_02) by extensions ['colcon_pkg']
[0.169s] Level 1:colcon.colcon_core.package_identification:_identify(rosbag/rc_follow_test_02) by extension 'colcon_pkg'
[0.169s] Level 1:colcon.colcon_core.package_identification:_identify(rosbag/rc_follow_test_02) by extensions ['colcon_meta']
[0.169s] Level 1:colcon.colcon_core.package_identification:_identify(rosbag/rc_follow_test_02) by extension 'colcon_meta'
[0.169s] Level 1:colcon.colcon_core.package_identification:_identify(rosbag/rc_follow_test_02) by extensions ['ros']
[0.169s] Level 1:colcon.colcon_core.package_identification:_identify(rosbag/rc_follow_test_02) by extension 'ros'
[0.169s] Level 1:colcon.colcon_core.package_identification:_identify(rosbag/rc_follow_test_02) by extensions ['cmake', 'python']
[0.169s] Level 1:colcon.colcon_core.package_identification:_identify(rosbag/rc_follow_test_02) by extension 'cmake'
[0.169s] Level 1:colcon.colcon_core.package_identification:_identify(rosbag/rc_follow_test_02) by extension 'python'
[0.169s] Level 1:colcon.colcon_core.package_identification:_identify(rosbag/rc_follow_test_02) by extensions ['python_setup_py']
[0.169s] Level 1:colcon.colcon_core.package_identification:_identify(rosbag/rc_follow_test_02) by extension 'python_setup_py'
[0.169s] Level 1:colcon.colcon_core.package_identification:_identify(rosbag/rc_follow_test_03) by extensions ['ignore', 'ignore_ament_install']
[0.169s] Level 1:colcon.colcon_core.package_identification:_identify(rosbag/rc_follow_test_03) by extension 'ignore'
[0.169s] Level 1:colcon.colcon_core.package_identification:_identify(rosbag/rc_follow_test_03) by extension 'ignore_ament_install'
[0.169s] Level 1:colcon.colcon_core.package_identification:_identify(rosbag/rc_follow_test_03) by extensions ['colcon_pkg']
[0.169s] Level 1:colcon.colcon_core.package_identification:_identify(rosbag/rc_follow_test_03) by extension 'colcon_pkg'
[0.169s] Level 1:colcon.colcon_core.package_identification:_identify(rosbag/rc_follow_test_03) by extensions ['colcon_meta']
[0.169s] Level 1:colcon.colcon_core.package_identification:_identify(rosbag/rc_follow_test_03) by extension 'colcon_meta'
[0.169s] Level 1:colcon.colcon_core.package_identification:_identify(rosbag/rc_follow_test_03) by extensions ['ros']
[0.169s] Level 1:colcon.colcon_core.package_identification:_identify(rosbag/rc_follow_test_03) by extension 'ros'
[0.169s] Level 1:colcon.colcon_core.package_identification:_identify(rosbag/rc_follow_test_03) by extensions ['cmake', 'python']
[0.169s] Level 1:colcon.colcon_core.package_identification:_identify(rosbag/rc_follow_test_03) by extension 'cmake'
[0.169s] Level 1:colcon.colcon_core.package_identification:_identify(rosbag/rc_follow_test_03) by extension 'python'
[0.169s] Level 1:colcon.colcon_core.package_identification:_identify(rosbag/rc_follow_test_03) by extensions ['python_setup_py']
[0.169s] Level 1:colcon.colcon_core.package_identification:_identify(rosbag/rc_follow_test_03) by extension 'python_setup_py'
[0.169s] Level 1:colcon.colcon_core.package_identification:_identify(rosbag/rc_follow_test_04) by extensions ['ignore', 'ignore_ament_install']
[0.169s] Level 1:colcon.colcon_core.package_identification:_identify(rosbag/rc_follow_test_04) by extension 'ignore'
[0.169s] Level 1:colcon.colcon_core.package_identification:_identify(rosbag/rc_follow_test_04) by extension 'ignore_ament_install'
[0.169s] Level 1:colcon.colcon_core.package_identification:_identify(rosbag/rc_follow_test_04) by extensions ['colcon_pkg']
[0.169s] Level 1:colcon.colcon_core.package_identification:_identify(rosbag/rc_follow_test_04) by extension 'colcon_pkg'
[0.169s] Level 1:colcon.colcon_core.package_identification:_identify(rosbag/rc_follow_test_04) by extensions ['colcon_meta']
[0.169s] Level 1:colcon.colcon_core.package_identification:_identify(rosbag/rc_follow_test_04) by extension 'colcon_meta'
[0.169s] Level 1:colcon.colcon_core.package_identification:_identify(rosbag/rc_follow_test_04) by extensions ['ros']
[0.169s] Level 1:colcon.colcon_core.package_identification:_identify(rosbag/rc_follow_test_04) by extension 'ros'
[0.169s] Level 1:colcon.colcon_core.package_identification:_identify(rosbag/rc_follow_test_04) by extensions ['cmake', 'python']
[0.169s] Level 1:colcon.colcon_core.package_identification:_identify(rosbag/rc_follow_test_04) by extension 'cmake'
[0.169s] Level 1:colcon.colcon_core.package_identification:_identify(rosbag/rc_follow_test_04) by extension 'python'
[0.169s] Level 1:colcon.colcon_core.package_identification:_identify(rosbag/rc_follow_test_04) by extensions ['python_setup_py']
[0.169s] Level 1:colcon.colcon_core.package_identification:_identify(rosbag/rc_follow_test_04) by extension 'python_setup_py'
[0.169s] Level 1:colcon.colcon_core.package_identification:_identify(rosbag/rc_follow_test_05) by extensions ['ignore', 'ignore_ament_install']
[0.169s] Level 1:colcon.colcon_core.package_identification:_identify(rosbag/rc_follow_test_05) by extension 'ignore'
[0.169s] Level 1:colcon.colcon_core.package_identification:_identify(rosbag/rc_follow_test_05) by extension 'ignore_ament_install'
[0.169s] Level 1:colcon.colcon_core.package_identification:_identify(rosbag/rc_follow_test_05) by extensions ['colcon_pkg']
[0.170s] Level 1:colcon.colcon_core.package_identification:_identify(rosbag/rc_follow_test_05) by extension 'colcon_pkg'
[0.170s] Level 1:colcon.colcon_core.package_identification:_identify(rosbag/rc_follow_test_05) by extensions ['colcon_meta']
[0.170s] Level 1:colcon.colcon_core.package_identification:_identify(rosbag/rc_follow_test_05) by extension 'colcon_meta'
[0.170s] Level 1:colcon.colcon_core.package_identification:_identify(rosbag/rc_follow_test_05) by extensions ['ros']
[0.170s] Level 1:colcon.colcon_core.package_identification:_identify(rosbag/rc_follow_test_05) by extension 'ros'
[0.170s] Level 1:colcon.colcon_core.package_identification:_identify(rosbag/rc_follow_test_05) by extensions ['cmake', 'python']
[0.170s] Level 1:colcon.colcon_core.package_identification:_identify(rosbag/rc_follow_test_05) by extension 'cmake'
[0.170s] Level 1:colcon.colcon_core.package_identification:_identify(rosbag/rc_follow_test_05) by extension 'python'
[0.170s] Level 1:colcon.colcon_core.package_identification:_identify(rosbag/rc_follow_test_05) by extensions ['python_setup_py']
[0.170s] Level 1:colcon.colcon_core.package_identification:_identify(rosbag/rc_follow_test_05) by extension 'python_setup_py'
[0.170s] Level 1:colcon.colcon_core.package_identification:_identify(rosbag/rc_follow_test_06) by extensions ['ignore', 'ignore_ament_install']
[0.170s] Level 1:colcon.colcon_core.package_identification:_identify(rosbag/rc_follow_test_06) by extension 'ignore'
[0.170s] Level 1:colcon.colcon_core.package_identification:_identify(rosbag/rc_follow_test_06) by extension 'ignore_ament_install'
[0.170s] Level 1:colcon.colcon_core.package_identification:_identify(rosbag/rc_follow_test_06) by extensions ['colcon_pkg']
[0.170s] Level 1:colcon.colcon_core.package_identification:_identify(rosbag/rc_follow_test_06) by extension 'colcon_pkg'
[0.170s] Level 1:colcon.colcon_core.package_identification:_identify(rosbag/rc_follow_test_06) by extensions ['colcon_meta']
[0.170s] Level 1:colcon.colcon_core.package_identification:_identify(rosbag/rc_follow_test_06) by extension 'colcon_meta'
[0.170s] Level 1:colcon.colcon_core.package_identification:_identify(rosbag/rc_follow_test_06) by extensions ['ros']
[0.170s] Level 1:colcon.colcon_core.package_identification:_identify(rosbag/rc_follow_test_06) by extension 'ros'
[0.170s] Level 1:colcon.colcon_core.package_identification:_identify(rosbag/rc_follow_test_06) by extensions ['cmake', 'python']
[0.170s] Level 1:colcon.colcon_core.package_identification:_identify(rosbag/rc_follow_test_06) by extension 'cmake'
[0.170s] Level 1:colcon.colcon_core.package_identification:_identify(rosbag/rc_follow_test_06) by extension 'python'
[0.170s] Level 1:colcon.colcon_core.package_identification:_identify(rosbag/rc_follow_test_06) by extensions ['python_setup_py']
[0.170s] Level 1:colcon.colcon_core.package_identification:_identify(rosbag/rc_follow_test_06) by extension 'python_setup_py'
[0.170s] Level 1:colcon.colcon_core.package_identification:_identify(rosbag/rc_follow_test_07) by extensions ['ignore', 'ignore_ament_install']
[0.170s] Level 1:colcon.colcon_core.package_identification:_identify(rosbag/rc_follow_test_07) by extension 'ignore'
[0.170s] Level 1:colcon.colcon_core.package_identification:_identify(rosbag/rc_follow_test_07) by extension 'ignore_ament_install'
[0.170s] Level 1:colcon.colcon_core.package_identification:_identify(rosbag/rc_follow_test_07) by extensions ['colcon_pkg']
[0.170s] Level 1:colcon.colcon_core.package_identification:_identify(rosbag/rc_follow_test_07) by extension 'colcon_pkg'
[0.170s] Level 1:colcon.colcon_core.package_identification:_identify(rosbag/rc_follow_test_07) by extensions ['colcon_meta']
[0.170s] Level 1:colcon.colcon_core.package_identification:_identify(rosbag/rc_follow_test_07) by extension 'colcon_meta'
[0.170s] Level 1:colcon.colcon_core.package_identification:_identify(rosbag/rc_follow_test_07) by extensions ['ros']
[0.170s] Level 1:colcon.colcon_core.package_identification:_identify(rosbag/rc_follow_test_07) by extension 'ros'
[0.170s] Level 1:colcon.colcon_core.package_identification:_identify(rosbag/rc_follow_test_07) by extensions ['cmake', 'python']
[0.170s] Level 1:colcon.colcon_core.package_identification:_identify(rosbag/rc_follow_test_07) by extension 'cmake'
[0.170s] Level 1:colcon.colcon_core.package_identification:_identify(rosbag/rc_follow_test_07) by extension 'python'
[0.170s] Level 1:colcon.colcon_core.package_identification:_identify(rosbag/rc_follow_test_07) by extensions ['python_setup_py']
[0.170s] Level 1:colcon.colcon_core.package_identification:_identify(rosbag/rc_follow_test_07) by extension 'python_setup_py'
[0.170s] Level 1:colcon.colcon_core.package_identification:_identify(rosbag/rc_follow_test_08) by extensions ['ignore', 'ignore_ament_install']
[0.170s] Level 1:colcon.colcon_core.package_identification:_identify(rosbag/rc_follow_test_08) by extension 'ignore'
[0.170s] Level 1:colcon.colcon_core.package_identification:_identify(rosbag/rc_follow_test_08) by extension 'ignore_ament_install'
[0.170s] Level 1:colcon.colcon_core.package_identification:_identify(rosbag/rc_follow_test_08) by extensions ['colcon_pkg']
[0.170s] Level 1:colcon.colcon_core.package_identification:_identify(rosbag/rc_follow_test_08) by extension 'colcon_pkg'
[0.170s] Level 1:colcon.colcon_core.package_identification:_identify(rosbag/rc_follow_test_08) by extensions ['colcon_meta']
[0.170s] Level 1:colcon.colcon_core.package_identification:_identify(rosbag/rc_follow_test_08) by extension 'colcon_meta'
[0.170s] Level 1:colcon.colcon_core.package_identification:_identify(rosbag/rc_follow_test_08) by extensions ['ros']
[0.170s] Level 1:colcon.colcon_core.package_identification:_identify(rosbag/rc_follow_test_08) by extension 'ros'
[0.170s] Level 1:colcon.colcon_core.package_identification:_identify(rosbag/rc_follow_test_08) by extensions ['cmake', 'python']
[0.170s] Level 1:colcon.colcon_core.package_identification:_identify(rosbag/rc_follow_test_08) by extension 'cmake'
[0.170s] Level 1:colcon.colcon_core.package_identification:_identify(rosbag/rc_follow_test_08) by extension 'python'
[0.170s] Level 1:colcon.colcon_core.package_identification:_identify(rosbag/rc_follow_test_08) by extensions ['python_setup_py']
[0.170s] Level 1:colcon.colcon_core.package_identification:_identify(rosbag/rc_follow_test_08) by extension 'python_setup_py'
[0.170s] Level 1:colcon.colcon_core.package_identification:_identify(rosbag/rc_follow_test_09) by extensions ['ignore', 'ignore_ament_install']
[0.170s] Level 1:colcon.colcon_core.package_identification:_identify(rosbag/rc_follow_test_09) by extension 'ignore'
[0.170s] Level 1:colcon.colcon_core.package_identification:_identify(rosbag/rc_follow_test_09) by extension 'ignore_ament_install'
[0.170s] Level 1:colcon.colcon_core.package_identification:_identify(rosbag/rc_follow_test_09) by extensions ['colcon_pkg']
[0.171s] Level 1:colcon.colcon_core.package_identification:_identify(rosbag/rc_follow_test_09) by extension 'colcon_pkg'
[0.171s] Level 1:colcon.colcon_core.package_identification:_identify(rosbag/rc_follow_test_09) by extensions ['colcon_meta']
[0.171s] Level 1:colcon.colcon_core.package_identification:_identify(rosbag/rc_follow_test_09) by extension 'colcon_meta'
[0.171s] Level 1:colcon.colcon_core.package_identification:_identify(rosbag/rc_follow_test_09) by extensions ['ros']
[0.171s] Level 1:colcon.colcon_core.package_identification:_identify(rosbag/rc_follow_test_09) by extension 'ros'
[0.171s] Level 1:colcon.colcon_core.package_identification:_identify(rosbag/rc_follow_test_09) by extensions ['cmake', 'python']
[0.171s] Level 1:colcon.colcon_core.package_identification:_identify(rosbag/rc_follow_test_09) by extension 'cmake'
[0.171s] Level 1:colcon.colcon_core.package_identification:_identify(rosbag/rc_follow_test_09) by extension 'python'
[0.171s] Level 1:colcon.colcon_core.package_identification:_identify(rosbag/rc_follow_test_09) by extensions ['python_setup_py']
[0.171s] Level 1:colcon.colcon_core.package_identification:_identify(rosbag/rc_follow_test_09) by extension 'python_setup_py'
[0.171s] Level 1:colcon.colcon_core.package_identification:_identify(rosbag/rc_follow_test_10) by extensions ['ignore', 'ignore_ament_install']
[0.171s] Level 1:colcon.colcon_core.package_identification:_identify(rosbag/rc_follow_test_10) by extension 'ignore'
[0.171s] Level 1:colcon.colcon_core.package_identification:_identify(rosbag/rc_follow_test_10) by extension 'ignore_ament_install'
[0.171s] Level 1:colcon.colcon_core.package_identification:_identify(rosbag/rc_follow_test_10) by extensions ['colcon_pkg']
[0.171s] Level 1:colcon.colcon_core.package_identification:_identify(rosbag/rc_follow_test_10) by extension 'colcon_pkg'
[0.171s] Level 1:colcon.colcon_core.package_identification:_identify(rosbag/rc_follow_test_10) by extensions ['colcon_meta']
[0.171s] Level 1:colcon.colcon_core.package_identification:_identify(rosbag/rc_follow_test_10) by extension 'colcon_meta'
[0.171s] Level 1:colcon.colcon_core.package_identification:_identify(rosbag/rc_follow_test_10) by extensions ['ros']
[0.171s] Level 1:colcon.colcon_core.package_identification:_identify(rosbag/rc_follow_test_10) by extension 'ros'
[0.171s] Level 1:colcon.colcon_core.package_identification:_identify(rosbag/rc_follow_test_10) by extensions ['cmake', 'python']
[0.171s] Level 1:colcon.colcon_core.package_identification:_identify(rosbag/rc_follow_test_10) by extension 'cmake'
[0.171s] Level 1:colcon.colcon_core.package_identification:_identify(rosbag/rc_follow_test_10) by extension 'python'
[0.171s] Level 1:colcon.colcon_core.package_identification:_identify(rosbag/rc_follow_test_10) by extensions ['python_setup_py']
[0.171s] Level 1:colcon.colcon_core.package_identification:_identify(rosbag/rc_follow_test_10) by extension 'python_setup_py'
[0.171s] Level 1:colcon.colcon_core.package_identification:_identify(src) by extensions ['ignore', 'ignore_ament_install']
[0.171s] Level 1:colcon.colcon_core.package_identification:_identify(src) by extension 'ignore'
[0.171s] Level 1:colcon.colcon_core.package_identification:_identify(src) by extension 'ignore_ament_install'
[0.171s] Level 1:colcon.colcon_core.package_identification:_identify(src) by extensions ['colcon_pkg']
[0.171s] Level 1:colcon.colcon_core.package_identification:_identify(src) by extension 'colcon_pkg'
[0.171s] Level 1:colcon.colcon_core.package_identification:_identify(src) by extensions ['colcon_meta']
[0.171s] Level 1:colcon.colcon_core.package_identification:_identify(src) by extension 'colcon_meta'
[0.171s] Level 1:colcon.colcon_core.package_identification:_identify(src) by extensions ['ros']
[0.171s] Level 1:colcon.colcon_core.package_identification:_identify(src) by extension 'ros'
[0.171s] Level 1:colcon.colcon_core.package_identification:_identify(src) by extensions ['cmake', 'python']
[0.171s] Level 1:colcon.colcon_core.package_identification:_identify(src) by extension 'cmake'
[0.171s] Level 1:colcon.colcon_core.package_identification:_identify(src) by extension 'python'
[0.171s] Level 1:colcon.colcon_core.package_identification:_identify(src) by extensions ['python_setup_py']
[0.171s] Level 1:colcon.colcon_core.package_identification:_identify(src) by extension 'python_setup_py'
[0.171s] Level 1:colcon.colcon_core.package_identification:_identify(src/amr_topology) by extensions ['ignore', 'ignore_ament_install']
[0.171s] Level 1:colcon.colcon_core.package_identification:_identify(src/amr_topology) by extension 'ignore'
[0.171s] Level 1:colcon.colcon_core.package_identification:_identify(src/amr_topology) by extension 'ignore_ament_install'
[0.171s] Level 1:colcon.colcon_core.package_identification:_identify(src/amr_topology) by extensions ['colcon_pkg']
[0.171s] Level 1:colcon.colcon_core.package_identification:_identify(src/amr_topology) by extension 'colcon_pkg'
[0.171s] Level 1:colcon.colcon_core.package_identification:_identify(src/amr_topology) by extensions ['colcon_meta']
[0.171s] Level 1:colcon.colcon_core.package_identification:_identify(src/amr_topology) by extension 'colcon_meta'
[0.171s] Level 1:colcon.colcon_core.package_identification:_identify(src/amr_topology) by extensions ['ros']
[0.171s] Level 1:colcon.colcon_core.package_identification:_identify(src/amr_topology) by extension 'ros'
[0.173s] DEBUG:colcon.colcon_core.package_identification:Package 'src/amr_topology' with type 'ros.ament_cmake' and name 'amr_topology'
[0.173s] Level 1:colcon.colcon_core.package_discovery:discover_packages(recursive) using defaults
[0.174s] Level 1:colcon.colcon_core.package_discovery:discover_packages(ignore) discover
[0.174s] Level 1:colcon.colcon_core.package_discovery:discover_packages(ignore) using defaults
[0.174s] Level 1:colcon.colcon_core.package_discovery:discover_packages(path) discover
[0.174s] Level 1:colcon.colcon_core.package_discovery:discover_packages(path) using defaults
[0.197s] Level 1:colcon.colcon_core.package_discovery:discover_packages(prefix_path) check parameters
[0.197s] Level 1:colcon.colcon_core.package_discovery:discover_packages(prefix_path) discover
[0.198s] DEBUG:colcon.colcon_installed_package_information.package_discovery:Found 1 installed packages in /home/lee/Downloads/Topology_Graph_test-main/install
[0.198s] DEBUG:colcon.colcon_installed_package_information.package_discovery:Found 1 installed packages in /home/lee/Downloads/Topology_Graph_test-main_Gazebo/install
[0.198s] DEBUG:colcon.colcon_installed_package_information.package_discovery:Found 2 installed packages in /home/lee/smart_car_ws/install
[0.199s] DEBUG:colcon.colcon_installed_package_information.package_discovery:Found 391 installed packages in /opt/ros/humble
[0.200s] Level 1:colcon.colcon_core.package_discovery:discover_packages(prefix_path) using defaults
[0.225s] Level 5:colcon.colcon_core.verb:set package 'amr_topology' build argument 'cmake_args' from command line to 'None'
[0.225s] Level 5:colcon.colcon_core.verb:set package 'amr_topology' build argument 'cmake_target' from command line to 'None'
[0.225s] Level 5:colcon.colcon_core.verb:set package 'amr_topology' build argument 'cmake_target_skip_unavailable' from command line to 'False'
[0.225s] Level 5:colcon.colcon_core.verb:set package 'amr_topology' build argument 'cmake_clean_cache' from command line to 'False'
[0.225s] Level 5:colcon.colcon_core.verb:set package 'amr_topology' build argument 'cmake_clean_first' from command line to 'False'
[0.225s] Level 5:colcon.colcon_core.verb:set package 'amr_topology' build argument 'cmake_force_configure' from command line to 'False'
[0.225s] Level 5:colcon.colcon_core.verb:set package 'amr_topology' build argument 'ament_cmake_args' from command line to 'None'
[0.226s] Level 5:colcon.colcon_core.verb:set package 'amr_topology' build argument 'catkin_cmake_args' from command line to 'None'
[0.226s] Level 5:colcon.colcon_core.verb:set package 'amr_topology' build argument 'catkin_skip_building_tests' from command line to 'False'
[0.226s] DEBUG:colcon.colcon_core.verb:Building package 'amr_topology' with the following arguments: {'ament_cmake_args': None, 'build_base': '/home/lee/Downloads/Topology_Graph_test-main/build/amr_topology', 'catkin_cmake_args': None, 'catkin_skip_building_tests': False, 'cmake_args': None, 'cmake_clean_cache': False, 'cmake_clean_first': False, 'cmake_force_configure': False, 'cmake_target': None, 'cmake_target_skip_unavailable': False, 'install_base': '/home/lee/Downloads/Topology_Graph_test-main/install/amr_topology', 'merge_install': False, 'path': '/home/lee/Downloads/Topology_Graph_test-main/src/amr_topology', 'symlink_install': False, 'test_result_base': None}
[0.226s] INFO:colcon.colcon_core.executor:Executing jobs using 'parallel' executor
[0.226s] DEBUG:colcon.colcon_parallel_executor.executor.parallel:run_until_complete
[0.227s] INFO:colcon.colcon_ros.task.ament_cmake.build:Building ROS package in '/home/lee/Downloads/Topology_Graph_test-main/src/amr_topology' with build type 'ament_cmake'
[0.227s] INFO:colcon.colcon_cmake.task.cmake.build:Building CMake package in '/home/lee/Downloads/Topology_Graph_test-main/src/amr_topology'
[0.228s] INFO:colcon.colcon_core.plugin_system:Skipping extension 'colcon_core.shell.bat': Not used on non-Windows systems
[0.228s] INFO:colcon.colcon_core.shell:Skip shell extension 'powershell' for command environment: Not usable outside of PowerShell
[0.228s] DEBUG:colcon.colcon_core.shell:Skip shell extension 'dsv' for command environment
[0.234s] DEBUG:colcon.colcon_core.event_handler.log_command:Invoking command in '/home/lee/Downloads/Topology_Graph_test-main/build/amr_topology': CMAKE_PREFIX_PATH=${CMAKE_PREFIX_PATH}:/home/lee/smart_car_ws/install/smart_car_py_pkg:/opt/ros/humble /usr/bin/cmake --build /home/lee/Downloads/Topology_Graph_test-main/build/amr_topology -- -j16 -l16
[11.902s] DEBUG:colcon.colcon_core.event_handler.log_command:Invoked command in '/home/lee/Downloads/Topology_Graph_test-main/build/amr_topology' returned '0': CMAKE_PREFIX_PATH=${CMAKE_PREFIX_PATH}:/home/lee/smart_car_ws/install/smart_car_py_pkg:/opt/ros/humble /usr/bin/cmake --build /home/lee/Downloads/Topology_Graph_test-main/build/amr_topology -- -j16 -l16
[11.909s] DEBUG:colcon.colcon_core.event_handler.log_command:Invoking command in '/home/lee/Downloads/Topology_Graph_test-main/build/amr_topology': CMAKE_PREFIX_PATH=${CMAKE_PREFIX_PATH}:/home/lee/smart_car_ws/install/smart_car_py_pkg:/opt/ros/humble /usr/bin/cmake --install /home/lee/Downloads/Topology_Graph_test-main/build/amr_topology
[11.920s] Level 1:colcon.colcon_core.environment:create_environment_scripts_only(amr_topology)
[11.920s] DEBUG:colcon.colcon_core.event_handler.log_command:Invoked command in '/home/lee/Downloads/Topology_Graph_test-main/build/amr_topology' returned '0': CMAKE_PREFIX_PATH=${CMAKE_PREFIX_PATH}:/home/lee/smart_car_ws/install/smart_car_py_pkg:/opt/ros/humble /usr/bin/cmake --install /home/lee/Downloads/Topology_Graph_test-main/build/amr_topology
[11.921s] Level 1:colcon.colcon_core.environment:checking '/home/lee/Downloads/Topology_Graph_test-main/install/amr_topology' for CMake module files
[11.922s] Level 1:colcon.colcon_core.environment:checking '/home/lee/Downloads/Topology_Graph_test-main/install/amr_topology' for CMake config files
[11.922s] Level 1:colcon.colcon_core.shell:create_environment_hook('amr_topology', 'cmake_prefix_path')
[11.922s] INFO:colcon.colcon_core.shell:Creating environment hook '/home/lee/Downloads/Topology_Graph_test-main/install/amr_topology/share/amr_topology/hook/cmake_prefix_path.ps1'
[11.922s] INFO:colcon.colcon_core.shell:Creating environment descriptor '/home/lee/Downloads/Topology_Graph_test-main/install/amr_topology/share/amr_topology/hook/cmake_prefix_path.dsv'
[11.923s] INFO:colcon.colcon_core.shell:Creating environment hook '/home/lee/Downloads/Topology_Graph_test-main/install/amr_topology/share/amr_topology/hook/cmake_prefix_path.sh'
[11.923s] Level 1:colcon.colcon_core.environment:checking '/home/lee/Downloads/Topology_Graph_test-main/install/amr_topology/lib'
[11.923s] Level 1:colcon.colcon_core.environment:checking '/home/lee/Downloads/Topology_Graph_test-main/install/amr_topology/bin'
[11.923s] Level 1:colcon.colcon_core.environment:checking '/home/lee/Downloads/Topology_Graph_test-main/install/amr_topology/lib/pkgconfig/amr_topology.pc'
[11.923s] Level 1:colcon.colcon_core.environment:checking '/home/lee/Downloads/Topology_Graph_test-main/install/amr_topology/lib/python3.10/site-packages'
[11.923s] Level 1:colcon.colcon_core.environment:checking '/home/lee/Downloads/Topology_Graph_test-main/install/amr_topology/bin'
[11.924s] INFO:colcon.colcon_core.shell:Creating package script '/home/lee/Downloads/Topology_Graph_test-main/install/amr_topology/share/amr_topology/package.ps1'
[11.924s] INFO:colcon.colcon_core.shell:Creating package descriptor '/home/lee/Downloads/Topology_Graph_test-main/install/amr_topology/share/amr_topology/package.dsv'
[11.924s] INFO:colcon.colcon_core.shell:Creating package script '/home/lee/Downloads/Topology_Graph_test-main/install/amr_topology/share/amr_topology/package.sh'
[11.925s] INFO:colcon.colcon_core.shell:Creating package script '/home/lee/Downloads/Topology_Graph_test-main/install/amr_topology/share/amr_topology/package.bash'
[11.925s] INFO:colcon.colcon_core.shell:Creating package script '/home/lee/Downloads/Topology_Graph_test-main/install/amr_topology/share/amr_topology/package.zsh'
[11.925s] Level 1:colcon.colcon_core.environment:create_file_with_runtime_dependencies(/home/lee/Downloads/Topology_Graph_test-main/install/amr_topology/share/colcon-core/packages/amr_topology)
[11.926s] Level 1:colcon.colcon_core.environment:create_environment_scripts_only(amr_topology)
[11.926s] Level 1:colcon.colcon_core.environment:checking '/home/lee/Downloads/Topology_Graph_test-main/install/amr_topology' for CMake module files
[11.926s] Level 1:colcon.colcon_core.environment:checking '/home/lee/Downloads/Topology_Graph_test-main/install/amr_topology' for CMake config files
[11.926s] Level 1:colcon.colcon_core.shell:create_environment_hook('amr_topology', 'cmake_prefix_path')
[11.926s] INFO:colcon.colcon_core.shell:Creating environment hook '/home/lee/Downloads/Topology_Graph_test-main/install/amr_topology/share/amr_topology/hook/cmake_prefix_path.ps1'
[11.979s] INFO:colcon.colcon_core.shell:Creating environment descriptor '/home/lee/Downloads/Topology_Graph_test-main/install/amr_topology/share/amr_topology/hook/cmake_prefix_path.dsv'
[11.980s] INFO:colcon.colcon_core.shell:Creating environment hook '/home/lee/Downloads/Topology_Graph_test-main/install/amr_topology/share/amr_topology/hook/cmake_prefix_path.sh'
[11.980s] Level 1:colcon.colcon_core.environment:checking '/home/lee/Downloads/Topology_Graph_test-main/install/amr_topology/lib'
[11.980s] Level 1:colcon.colcon_core.environment:checking '/home/lee/Downloads/Topology_Graph_test-main/install/amr_topology/bin'
[11.980s] Level 1:colcon.colcon_core.environment:checking '/home/lee/Downloads/Topology_Graph_test-main/install/amr_topology/lib/pkgconfig/amr_topology.pc'
[11.980s] Level 1:colcon.colcon_core.environment:checking '/home/lee/Downloads/Topology_Graph_test-main/install/amr_topology/lib/python3.10/site-packages'
[11.980s] Level 1:colcon.colcon_core.environment:checking '/home/lee/Downloads/Topology_Graph_test-main/install/amr_topology/bin'
[11.981s] INFO:colcon.colcon_core.shell:Creating package script '/home/lee/Downloads/Topology_Graph_test-main/install/amr_topology/share/amr_topology/package.ps1'
[11.981s] INFO:colcon.colcon_core.shell:Creating package descriptor '/home/lee/Downloads/Topology_Graph_test-main/install/amr_topology/share/amr_topology/package.dsv'
[11.981s] INFO:colcon.colcon_core.shell:Creating package script '/home/lee/Downloads/Topology_Graph_test-main/install/amr_topology/share/amr_topology/package.sh'
[11.982s] INFO:colcon.colcon_core.shell:Creating package script '/home/lee/Downloads/Topology_Graph_test-main/install/amr_topology/share/amr_topology/package.bash'
[11.982s] INFO:colcon.colcon_core.shell:Creating package script '/home/lee/Downloads/Topology_Graph_test-main/install/amr_topology/share/amr_topology/package.zsh'
[11.982s] Level 1:colcon.colcon_core.environment:create_file_with_runtime_dependencies(/home/lee/Downloads/Topology_Graph_test-main/install/amr_topology/share/colcon-core/packages/amr_topology)
[11.982s] DEBUG:colcon.colcon_parallel_executor.executor.parallel:closing loop
[11.982s] DEBUG:colcon.colcon_parallel_executor.executor.parallel:loop closed
[11.982s] DEBUG:colcon.colcon_parallel_executor.executor.parallel:run_until_complete finished with '0'
[11.982s] DEBUG:colcon.colcon_core.event_reactor:joining thread
[11.987s] INFO:colcon.colcon_core.plugin_system:Skipping extension 'colcon_notification.desktop_notification.terminal_notifier': Not used on non-Darwin systems
[11.987s] INFO:colcon.colcon_core.plugin_system:Skipping extension 'colcon_notification.desktop_notification.win32': Not used on non-Windows systems
[11.987s] INFO:colcon.colcon_notification.desktop_notification:Sending desktop notification using 'notify2'
[11.997s] DEBUG:colcon.colcon_core.event_reactor:joined thread
[11.998s] INFO:colcon.colcon_core.shell:Creating prefix script '/home/lee/Downloads/Topology_Graph_test-main/install/local_setup.ps1'
[11.999s] INFO:colcon.colcon_core.shell:Creating prefix util module '/home/lee/Downloads/Topology_Graph_test-main/install/_local_setup_util_ps1.py'
[11.999s] INFO:colcon.colcon_core.shell:Creating prefix chain script '/home/lee/Downloads/Topology_Graph_test-main/install/setup.ps1'
[12.000s] INFO:colcon.colcon_core.shell:Creating prefix script '/home/lee/Downloads/Topology_Graph_test-main/install/local_setup.sh'
[12.001s] INFO:colcon.colcon_core.shell:Creating prefix util module '/home/lee/Downloads/Topology_Graph_test-main/install/_local_setup_util_sh.py'
[12.001s] INFO:colcon.colcon_core.shell:Creating prefix chain script '/home/lee/Downloads/Topology_Graph_test-main/install/setup.sh'
[12.002s] INFO:colcon.colcon_core.shell:Creating prefix script '/home/lee/Downloads/Topology_Graph_test-main/install/local_setup.bash'
[12.002s] INFO:colcon.colcon_core.shell:Creating prefix chain script '/home/lee/Downloads/Topology_Graph_test-main/install/setup.bash'
[12.003s] INFO:colcon.colcon_core.shell:Creating prefix script '/home/lee/Downloads/Topology_Graph_test-main/install/local_setup.zsh'
[12.004s] INFO:colcon.colcon_core.shell:Creating prefix chain script '/home/lee/Downloads/Topology_Graph_test-main/install/setup.zsh'
