[ 28%] Built target topology_follower
[ 57%] Built target rc_car_follower_node
[ 71%] Building CXX object CMakeFiles/mission_loop.dir/src/mission_loop.cpp.o
/home/lee/Downloads/Topology_Graph_test-main/src/amr_topology/src/mission_loop.cpp: In constructor ‘MissionLoop::MissionLoop()’:
/home/lee/Downloads/Topology_Graph_test-main/src/amr_topology/src/mission_loop.cpp:288:5: error: ‘leader_pose_pub_’ was not declared in this scope
  288 |     leader_pose_pub_ = this->create_publisher<geometry_msgs::msg::PoseStamped>(
      |     ^~~~~~~~~~~~~~~~
/home/lee/Downloads/Topology_Graph_test-main/src/amr_topology/src/mission_loop.cpp:290:5: error: ‘rc_car_mode_pub_’ was not declared in this scope
  290 |     rc_car_mode_pub_ = this->create_publisher<std_msgs::msg::String>(
      |     ^~~~~~~~~~~~~~~~
/home/lee/Downloads/Topology_Graph_test-main/src/amr_topology/src/mission_loop.cpp:293:5: error: ‘rc_car_mode_timer_’ was not declared in this scope
  293 |     rc_car_mode_timer_ = this->create_wall_timer(
      |     ^~~~~~~~~~~~~~~~~~
/home/lee/Downloads/Topology_Graph_test-main/src/amr_topology/src/mission_loop.cpp:294:38: error: ‘republish_rc_car_mode’ is not a member of ‘MissionLoop’
  294 |       500ms, std::bind(&MissionLoop::republish_rc_car_mode, this));
      |                                      ^~~~~~~~~~~~~~~~~~~~~
/home/lee/Downloads/Topology_Graph_test-main/src/amr_topology/src/mission_loop.cpp: In member function ‘void MissionLoop::run()’:
/home/lee/Downloads/Topology_Graph_test-main/src/amr_topology/src/mission_loop.cpp:325:7: error: ‘publish_rc_car_mode’ was not declared in this scope
  325 |       publish_rc_car_mode("follow");
      |       ^~~~~~~~~~~~~~~~~~~
/home/lee/Downloads/Topology_Graph_test-main/src/amr_topology/src/mission_loop.cpp:366:5: error: ‘publish_rc_car_mode’ was not declared in this scope
  366 |     publish_rc_car_mode("stop");
      |     ^~~~~~~~~~~~~~~~~~~
gmake[2]: *** [CMakeFiles/mission_loop.dir/build.make:76: CMakeFiles/mission_loop.dir/src/mission_loop.cpp.o] Error 1
gmake[1]: *** [CMakeFiles/Makefile2:167: CMakeFiles/mission_loop.dir/all] Error 2
gmake: *** [Makefile:146: all] Error 2
