[0.008s] Invoking command in '/home/lee/Downloads/Topology_Graph_test-main/build/amr_topology': CMAKE_PREFIX_PATH=${CMAKE_PREFIX_PATH}:/home/lee/smart_car_ws/install/smart_car_py_pkg:/opt/ros/humble /usr/bin/cmake --build /home/lee/Downloads/Topology_Graph_test-main/build/amr_topology -- -j16 -l16
[0.046s] [ 28%] Built target topology_follower
[0.047s] [ 57%] Built target rc_car_follower_node
[0.048s] [ 71%] Building CXX object CMakeFiles/mission_loop.dir/src/mission_loop.cpp.o
[1.779s] /home/lee/Downloads/Topology_Graph_test-main/src/amr_topology/src/mission_loop.cpp: In constructor ‘MissionLoop::MissionLoop()’:
[1.779s] /home/lee/Downloads/Topology_Graph_test-main/src/amr_topology/src/mission_loop.cpp:288:5: error: ‘leader_pose_pub_’ was not declared in this scope
[1.779s]   288 |     leader_pose_pub_ = this->create_publisher<geometry_msgs::msg::PoseStamped>(
[1.779s]       |     ^~~~~~~~~~~~~~~~
[1.788s] /home/lee/Downloads/Topology_Graph_test-main/src/amr_topology/src/mission_loop.cpp:290:5: error: ‘rc_car_mode_pub_’ was not declared in this scope
[1.788s]   290 |     rc_car_mode_pub_ = this->create_publisher<std_msgs::msg::String>(
[1.788s]       |     ^~~~~~~~~~~~~~~~
[1.796s] /home/lee/Downloads/Topology_Graph_test-main/src/amr_topology/src/mission_loop.cpp:293:5: error: ‘rc_car_mode_timer_’ was not declared in this scope
[1.796s]   293 |     rc_car_mode_timer_ = this->create_wall_timer(
[1.797s]       |     ^~~~~~~~~~~~~~~~~~
[1.797s] /home/lee/Downloads/Topology_Graph_test-main/src/amr_topology/src/mission_loop.cpp:294:38: error: ‘republish_rc_car_mode’ is not a member of ‘MissionLoop’
[1.797s]   294 |       500ms, std::bind(&MissionLoop::republish_rc_car_mode, this));
[1.797s]       |                                      ^~~~~~~~~~~~~~~~~~~~~
[1.818s] /home/lee/Downloads/Topology_Graph_test-main/src/amr_topology/src/mission_loop.cpp: In member function ‘void MissionLoop::run()’:
[1.818s] /home/lee/Downloads/Topology_Graph_test-main/src/amr_topology/src/mission_loop.cpp:325:7: error: ‘publish_rc_car_mode’ was not declared in this scope
[1.818s]   325 |       publish_rc_car_mode("follow");
[1.818s]       |       ^~~~~~~~~~~~~~~~~~~
[1.827s] /home/lee/Downloads/Topology_Graph_test-main/src/amr_topology/src/mission_loop.cpp:366:5: error: ‘publish_rc_car_mode’ was not declared in this scope
[1.827s]   366 |     publish_rc_car_mode("stop");
[1.827s]       |     ^~~~~~~~~~~~~~~~~~~
[5.460s] gmake[2]: *** [CMakeFiles/mission_loop.dir/build.make:76: CMakeFiles/mission_loop.dir/src/mission_loop.cpp.o] Error 1
[5.461s] gmake[1]: *** [CMakeFiles/Makefile2:167: CMakeFiles/mission_loop.dir/all] Error 2
[5.461s] gmake: *** [Makefile:146: all] Error 2
[5.462s] Invoked command in '/home/lee/Downloads/Topology_Graph_test-main/build/amr_topology' returned '2': CMAKE_PREFIX_PATH=${CMAKE_PREFIX_PATH}:/home/lee/smart_car_ws/install/smart_car_py_pkg:/opt/ros/humble /usr/bin/cmake --build /home/lee/Downloads/Topology_Graph_test-main/build/amr_topology -- -j16 -l16
