[0.008s] Invoking command in '/home/lee/Downloads/Topology_Graph_test-main/build/amr_topology': CMAKE_PREFIX_PATH=${CMAKE_PREFIX_PATH}:/home/lee/smart_car_ws/install/smart_car_py_pkg:/opt/ros/humble /usr/bin/cmake --build /home/lee/Downloads/Topology_Graph_test-main/build/amr_topology -- -j16 -l16
[0.037s] Consolidate compiler generated dependencies of target mission_loop
[0.044s] [ 57%] Built target rc_car_follower_node
[0.044s] [ 57%] Built target topology_follower
[0.045s] [ 71%] Building CXX object CMakeFiles/mission_loop.dir/src/mission_loop.cpp.o
[1.775s] /home/lee/Downloads/Topology_Graph_test-main/src/amr_topology/src/mission_loop.cpp: In constructor ‘MissionLoop::MissionLoop()’:
[1.775s] /home/lee/Downloads/Topology_Graph_test-main/src/amr_topology/src/mission_loop.cpp:242:5: error: ‘slot_obstacle_watch_radius_’ was not declared in this scope
[1.775s]   242 |     slot_obstacle_watch_radius_ =
[1.775s]       |     ^~~~~~~~~~~~~~~~~~~~~~~~~~~
[1.786s] /home/lee/Downloads/Topology_Graph_test-main/src/amr_topology/src/mission_loop.cpp:244:5: error: ‘slot_obstacle_watch_max_distance_’ was not declared in this scope
[1.786s]   244 |     slot_obstacle_watch_max_distance_ =
[1.786s]       |     ^~~~~~~~~~~~~~~~~~~~~~~~~~~~~~~~~
[1.833s] /home/lee/Downloads/Topology_Graph_test-main/src/amr_topology/src/mission_loop.cpp: In member function ‘bool MissionLoop::slot_node_has_obstacle_nearby(const {anonymous}::RobotPose2D&, const {anonymous}::MissionNode&) const’:
[1.833s] /home/lee/Downloads/Topology_Graph_test-main/src/amr_topology/src/mission_loop.cpp:731:25: error: ‘slot_obstacle_watch_max_distance_’ was not declared in this scope
[1.833s]   731 |     if (node_distance > slot_obstacle_watch_max_distance_) {
[1.833s]       |                         ^~~~~~~~~~~~~~~~~~~~~~~~~~~~~~~~~
[1.846s] /home/lee/Downloads/Topology_Graph_test-main/src/amr_topology/src/mission_loop.cpp:745:51: error: ‘slot_obstacle_watch_radius_’ was not declared in this scope
[1.846s]   745 |       if (std::hypot(wx - node.x, wy - node.y) <= slot_obstacle_watch_radius_) {
[1.846s]       |                                                   ^~~~~~~~~~~~~~~~~~~~~~~~~~~
[5.624s] gmake[2]: *** [CMakeFiles/mission_loop.dir/build.make:76: CMakeFiles/mission_loop.dir/src/mission_loop.cpp.o] Error 1
[5.624s] gmake[1]: *** [CMakeFiles/Makefile2:167: CMakeFiles/mission_loop.dir/all] Error 2
[5.624s] gmake: *** [Makefile:146: all] Error 2
[5.626s] Invoked command in '/home/lee/Downloads/Topology_Graph_test-main/build/amr_topology' returned '2': CMAKE_PREFIX_PATH=${CMAKE_PREFIX_PATH}:/home/lee/smart_car_ws/install/smart_car_py_pkg:/opt/ros/humble /usr/bin/cmake --build /home/lee/Downloads/Topology_Graph_test-main/build/amr_topology -- -j16 -l16
