[0.013s] Invoking command in '/home/lee/Downloads/Topology_Graph_test-main/build/amr_topology': CMAKE_PREFIX_PATH=${CMAKE_PREFIX_PATH}:/home/lee/smart_car_ws/install/smart_car_py_pkg:/opt/ros/humble /usr/bin/cmake --build /home/lee/Downloads/Topology_Graph_test-main/build/amr_topology -- -j16 -l16
[0.048s] Consolidate compiler generated dependencies of target rc_car_follower_node
[0.053s] [ 26%] Built target topology_marker_node
[0.053s] [ 26%] Building CXX object CMakeFiles/mission_loop.dir/src/mission_loop.cpp.o
[0.053s] [ 33%] Built target aruco_marker_detector_node
[0.053s] [ 46%] Built target topology_follower
[0.054s] [ 66%] Built target image_rotate_compress_node
[0.054s] [ 73%] Built target image_rotate_node
[0.055s] [ 86%] Built target rc_car_follower_node
[16.959s] [ 93%] Linking CXX executable mission_loop
[17.941s] [100%] Built target mission_loop
[17.949s] Invoked command in '/home/lee/Downloads/Topology_Graph_test-main/build/amr_topology' returned '0': CMAKE_PREFIX_PATH=${CMAKE_PREFIX_PATH}:/home/lee/smart_car_ws/install/smart_car_py_pkg:/opt/ros/humble /usr/bin/cmake --build /home/lee/Downloads/Topology_Graph_test-main/build/amr_topology -- -j16 -l16
[17.964s] Invoking command in '/home/lee/Downloads/Topology_Graph_test-main/build/amr_topology': CMAKE_PREFIX_PATH=${CMAKE_PREFIX_PATH}:/home/lee/smart_car_ws/install/smart_car_py_pkg:/opt/ros/humble /usr/bin/cmake --install /home/lee/Downloads/Topology_Graph_test-main/build/amr_topology
[17.967s] -- Install configuration: ""
[17.967s] -- Up-to-date: /home/lee/Downloads/Topology_Graph_test-main/install/amr_topology/lib/amr_topology/topology_follower
[17.968s] -- Up-to-date: /home/lee/Downloads/Topology_Graph_test-main/install/amr_topology/lib/amr_topology/topology_marker_node
[17.968s] -- Installing: /home/lee/Downloads/Topology_Graph_test-main/install/amr_topology/lib/amr_topology/mission_loop
[17.972s] -- Set runtime path of "/home/lee/Downloads/Topology_Graph_test-main/install/amr_topology/lib/amr_topology/mission_loop" to ""
[17.972s] -- Up-to-date: /home/lee/Downloads/Topology_Graph_test-main/install/amr_topology/lib/amr_topology/rc_car_follower_node
[17.972s] -- Up-to-date: /home/lee/Downloads/Topology_Graph_test-main/install/amr_topology/lib/amr_topology/image_rotate_node
[17.973s] -- Up-to-date: /home/lee/Downloads/Topology_Graph_test-main/install/amr_topology/lib/amr_topology/image_rotate_compress_node
[17.973s] -- Up-to-date: /home/lee/Downloads/Topology_Graph_test-main/install/amr_topology/lib/amr_topology/aruco_marker_detector_node
[17.973s] -- Up-to-date: /home/lee/Downloads/Topology_Graph_test-main/install/amr_topology/lib/amr_topology/arm_vision_gripper_node.py
[17.973s] -- Up-to-date: /home/lee/Downloads/Topology_Graph_test-main/install/amr_topology/lib/amr_topology/esp32_servo_bridge_node.py
[17.973s] -- Up-to-date: /home/lee/Downloads/Topology_Graph_test-main/install/amr_topology/lib/amr_topology/servo_hold_90_node.py
[17.973s] -- Up-to-date: /home/lee/Downloads/Topology_Graph_test-main/install/amr_topology/share/amr_topology/config
[17.973s] -- Up-to-date: /home/lee/Downloads/Topology_Graph_test-main/install/amr_topology/share/amr_topology/config/mppi_controller.yaml
[17.973s] -- Up-to-date: /home/lee/Downloads/Topology_Graph_test-main/install/amr_topology/share/amr_topology/config/topology.yaml
[17.973s] -- Up-to-date: /home/lee/Downloads/Topology_Graph_test-main/install/amr_topology/share/amr_topology/config/amcl.yaml
[17.973s] -- Up-to-date: /home/lee/Downloads/Topology_Graph_test-main/install/amr_topology/share/amr_topology/firmware
[17.973s] -- Up-to-date: /home/lee/Downloads/Topology_Graph_test-main/install/amr_topology/share/amr_topology/firmware/esp32_pca9685_servo_bridge
[17.973s] -- Up-to-date: /home/lee/Downloads/Topology_Graph_test-main/install/amr_topology/share/amr_topology/firmware/esp32_pca9685_servo_bridge/esp32_pca9685_servo_bridge.ino
[17.973s] -- Up-to-date: /home/lee/Downloads/Topology_Graph_test-main/install/amr_topology/share/amr_topology/firmware/esp32_rosbridge_pca9685_servo
[17.973s] -- Up-to-date: /home/lee/Downloads/Topology_Graph_test-main/install/amr_topology/share/amr_topology/firmware/esp32_rosbridge_pca9685_servo/esp32_rosbridge_pca9685_servo.ino
[17.973s] -- Up-to-date: /home/lee/Downloads/Topology_Graph_test-main/install/amr_topology/share/amr_topology/include
[17.973s] -- Up-to-date: /home/lee/Downloads/Topology_Graph_test-main/install/amr_topology/share/amr_topology/include/amr_topology
[17.973s] -- Up-to-date: /home/lee/Downloads/Topology_Graph_test-main/install/amr_topology/share/amr_topology/include/amr_topology/local_astar_pure_pursuit.hpp
[17.973s] -- Up-to-date: /home/lee/Downloads/Topology_Graph_test-main/install/amr_topology/share/amr_topology/launch
[17.973s] -- Up-to-date: /home/lee/Downloads/Topology_Graph_test-main/install/amr_topology/share/amr_topology/launch/aruco_webcam_check.launch.py
[17.973s] -- Up-to-date: /home/lee/Downloads/Topology_Graph_test-main/install/amr_topology/share/amr_topology/launch/arm_vision_pick.launch.py
[17.973s] -- Up-to-date: /home/lee/Downloads/Topology_Graph_test-main/install/amr_topology/share/amr_topology/launch/map_server.launch.py
[17.973s] -- Up-to-date: /home/lee/Downloads/Topology_Graph_test-main/install/amr_topology/share/amr_topology/launch/picam_camera.launch.py
[17.973s] -- Up-to-date: /home/lee/Downloads/Topology_Graph_test-main/install/amr_topology/share/amr_topology/launch/aruco_camera_detector.launch.py
[17.973s] -- Up-to-date: /home/lee/Downloads/Topology_Graph_test-main/install/amr_topology/share/amr_topology/launch/view_compressed_picam.launch.py
[17.973s] -- Up-to-date: /home/lee/Downloads/Topology_Graph_test-main/install/amr_topology/share/amr_topology/launch/esp32_serial_bridge.launch.py
[17.973s] -- Up-to-date: /home/lee/Downloads/Topology_Graph_test-main/install/amr_topology/share/amr_topology/launch/mppi_controller.launch.py
[17.974s] -- Up-to-date: /home/lee/Downloads/Topology_Graph_test-main/install/amr_topology/share/amr_topology/launch/__pycache__
[17.974s] -- Up-to-date: /home/lee/Downloads/Topology_Graph_test-main/install/amr_topology/share/amr_topology/launch/__pycache__/arm_vision_pick.launch.cpython-310.pyc
[17.974s] -- Up-to-date: /home/lee/Downloads/Topology_Graph_test-main/install/amr_topology/share/amr_topology/launch/__pycache__/esp32_serial_bridge.launch.cpython-310.pyc
[17.974s] -- Up-to-date: /home/lee/Downloads/Topology_Graph_test-main/install/amr_topology/share/amr_topology/launch/__pycache__/picam_camera.launch.cpython-310.pyc
[17.974s] -- Up-to-date: /home/lee/Downloads/Topology_Graph_test-main/install/amr_topology/share/amr_topology/launch/__pycache__/servo_hold_90.launch.cpython-310.pyc
[17.974s] -- Up-to-date: /home/lee/Downloads/Topology_Graph_test-main/install/amr_topology/share/amr_topology/launch/picam_rotate.launch.py
[17.974s] -- Up-to-date: /home/lee/Downloads/Topology_Graph_test-main/install/amr_topology/share/amr_topology/launch/localization_rviz.launch.py
[17.974s] -- Up-to-date: /home/lee/Downloads/Topology_Graph_test-main/install/amr_topology/share/amr_topology/launch/picam_rotate_compressed.launch.py
[17.974s] -- Up-to-date: /home/lee/Downloads/Topology_Graph_test-main/install/amr_topology/share/amr_topology/launch/mission_loop_aruco.launch.py
[17.974s] -- Up-to-date: /home/lee/Downloads/Topology_Graph_test-main/install/amr_topology/share/amr_topology/launch/servo_hold_90.launch.py
[17.974s] -- Up-to-date: /home/lee/Downloads/Topology_Graph_test-main/install/amr_topology/share/amr_topology/maps
[17.974s] -- Up-to-date: /home/lee/Downloads/Topology_Graph_test-main/install/amr_topology/share/amr_topology/maps/map.pgm
[17.974s] -- Up-to-date: /home/lee/Downloads/Topology_Graph_test-main/install/amr_topology/share/amr_topology/maps/map.yaml
[17.974s] -- Up-to-date: /home/lee/Downloads/Topology_Graph_test-main/install/amr_topology/share/amr_topology/rviz
[17.974s] -- Up-to-date: /home/lee/Downloads/Topology_Graph_test-main/install/amr_topology/share/amr_topology/rviz/amcl_localization.rviz
[17.974s] -- Up-to-date: /home/lee/Downloads/Topology_Graph_test-main/install/amr_topology/share/ament_index/resource_index/package_run_dependencies/amr_topology
[17.974s] -- Up-to-date: /home/lee/Downloads/Topology_Graph_test-main/install/amr_topology/share/ament_index/resource_index/parent_prefix_path/amr_topology
[17.975s] -- Up-to-date: /home/lee/Downloads/Topology_Graph_test-main/install/amr_topology/share/amr_topology/environment/ament_prefix_path.sh
[17.975s] -- Up-to-date: /home/lee/Downloads/Topology_Graph_test-main/install/amr_topology/share/amr_topology/environment/ament_prefix_path.dsv
[17.975s] -- Up-to-date: /home/lee/Downloads/Topology_Graph_test-main/install/amr_topology/share/amr_topology/environment/path.sh
[17.975s] -- Up-to-date: /home/lee/Downloads/Topology_Graph_test-main/install/amr_topology/share/amr_topology/environment/path.dsv
[17.975s] -- Up-to-date: /home/lee/Downloads/Topology_Graph_test-main/install/amr_topology/share/amr_topology/local_setup.bash
[17.975s] -- Up-to-date: /home/lee/Downloads/Topology_Graph_test-main/install/amr_topology/share/amr_topology/local_setup.sh
[17.975s] -- Up-to-date: /home/lee/Downloads/Topology_Graph_test-main/install/amr_topology/share/amr_topology/local_setup.zsh
[17.975s] -- Up-to-date: /home/lee/Downloads/Topology_Graph_test-main/install/amr_topology/share/amr_topology/local_setup.dsv
[17.975s] -- Installing: /home/lee/Downloads/Topology_Graph_test-main/install/amr_topology/share/amr_topology/package.dsv
[17.975s] -- Up-to-date: /home/lee/Downloads/Topology_Graph_test-main/install/amr_topology/share/ament_index/resource_index/packages/amr_topology
[17.975s] -- Up-to-date: /home/lee/Downloads/Topology_Graph_test-main/install/amr_topology/share/amr_topology/cmake/amr_topologyConfig.cmake
[17.975s] -- Up-to-date: /home/lee/Downloads/Topology_Graph_test-main/install/amr_topology/share/amr_topology/cmake/amr_topologyConfig-version.cmake
[17.975s] -- Up-to-date: /home/lee/Downloads/Topology_Graph_test-main/install/amr_topology/share/amr_topology/package.xml
[17.975s] Invoked command in '/home/lee/Downloads/Topology_Graph_test-main/build/amr_topology' returned '0': CMAKE_PREFIX_PATH=${CMAKE_PREFIX_PATH}:/home/lee/smart_car_ws/install/smart_car_py_pkg:/opt/ros/humble /usr/bin/cmake --install /home/lee/Downloads/Topology_Graph_test-main/build/amr_topology
