[30.027s] Invoking command in '/home/lee/Downloads/Topology_Graph_test-main/build/amr_topology': CMAKE_PREFIX_PATH=${CMAKE_PREFIX_PATH}:/home/lee/smart_car_ws/install/smart_car_py_pkg:/opt/ros/humble /usr/bin/cmake --build /home/lee/Downloads/Topology_Graph_test-main/build/amr_topology --target mission_loop -- -j16 -l16
[30.127s] [ 33%] Building CXX object CMakeFiles/mission_loop.dir/src/mission_loop.cpp.o
[32.088s] In file included from /opt/ros/humble/include/rclcpp/rclcpp/client.hpp:40,
[32.088s]                  from /opt/ros/humble/include/rclcpp/rclcpp/callback_group.hpp:24,
[32.088s]                  from /opt/ros/humble/include/rclcpp/rclcpp/any_executable.hpp:20,
[32.089s]                  from /opt/ros/humble/include/rclcpp/rclcpp/memory_strategy.hpp:25,
[32.089s]                  from /opt/ros/humble/include/rclcpp/rclcpp/memory_strategies.hpp:18,
[32.089s]                  from /opt/ros/humble/include/rclcpp/rclcpp/executor_options.hpp:20,
[32.089s]                  from /opt/ros/humble/include/rclcpp/rclcpp/executor.hpp:37,
[32.089s]                  from /opt/ros/humble/include/rclcpp/rclcpp/executors/multi_threaded_executor.hpp:25,
[32.089s]                  from /opt/ros/humble/include/rclcpp/rclcpp/executors.hpp:21,
[32.089s]                  from /opt/ros/humble/include/rclcpp/rclcpp/rclcpp.hpp:155,
[32.089s]                  from /home/lee/Downloads/Topology_Graph_test-main/src/amr_topology/src/mission_loop.cpp:20:
[32.089s] /home/lee/Downloads/Topology_Graph_test-main/src/amr_topology/src/mission_loop.cpp: In lambda function:
[32.089s] /home/lee/Downloads/Topology_Graph_test-main/src/amr_topology/src/mission_loop.cpp:1151:7: error: passing ‘const rclcpp::Clock’ as ‘this’ argument discards qualifiers [-fpermissive]
[32.089s]  1151 |       RCLCPP_WARN_THROTTLE(
[32.089s]       |       ^~~~~~~~~~~~~~~~~~~~
[32.089s] In file included from /opt/ros/humble/include/rclcpp/rclcpp/timer.hpp:27,
[32.089s]                  from /opt/ros/humble/include/rclcpp/rclcpp/callback_group.hpp:30,
[32.089s]                  from /opt/ros/humble/include/rclcpp/rclcpp/any_executable.hpp:20,
[32.089s]                  from /opt/ros/humble/include/rclcpp/rclcpp/memory_strategy.hpp:25,
[32.089s]                  from /opt/ros/humble/include/rclcpp/rclcpp/memory_strategies.hpp:18,
[32.089s]                  from /opt/ros/humble/include/rclcpp/rclcpp/executor_options.hpp:20,
[32.089s]                  from /opt/ros/humble/include/rclcpp/rclcpp/executor.hpp:37,
[32.089s]                  from /opt/ros/humble/include/rclcpp/rclcpp/executors/multi_threaded_executor.hpp:25,
[32.089s]                  from /opt/ros/humble/include/rclcpp/rclcpp/executors.hpp:21,
[32.089s]                  from /opt/ros/humble/include/rclcpp/rclcpp/rclcpp.hpp:155,
[32.089s]                  from /home/lee/Downloads/Topology_Graph_test-main/src/amr_topology/src/mission_loop.cpp:20:
[32.089s] /opt/ros/humble/include/rclcpp/rclcpp/clock.hpp:87:3: note:   in call to ‘rclcpp::Time rclcpp::Clock::now()’
[32.089s]    87 |   now();
[32.089s]       |   ^~~
[36.589s] gmake[3]: *** [CMakeFiles/mission_loop.dir/build.make:76: CMakeFiles/mission_loop.dir/src/mission_loop.cpp.o] Error 1
[36.590s] gmake[2]: *** [CMakeFiles/Makefile2:201: CMakeFiles/mission_loop.dir/all] Error 2
[36.590s] gmake[1]: *** [CMakeFiles/Makefile2:208: CMakeFiles/mission_loop.dir/rule] Error 2
[36.590s] gmake: *** [Makefile:231: mission_loop] Error 2
[60.046s] Invoked command in '/home/lee/Downloads/Topology_Graph_test-main/build/amr_topology' returned '2': CMAKE_PREFIX_PATH=${CMAKE_PREFIX_PATH}:/home/lee/smart_car_ws/install/smart_car_py_pkg:/opt/ros/humble /usr/bin/cmake --build /home/lee/Downloads/Topology_Graph_test-main/build/amr_topology --target mission_loop -- -j16 -l16
