[30.074s] Invoking command in '/home/lee/Downloads/Topology_Graph_test-main/build/amr_topology': CMAKE_PREFIX_PATH=${CMAKE_PREFIX_PATH}:/home/lee/smart_car_ws/install/smart_car_py_pkg:/opt/ros/humble /usr/bin/cmake --build /home/lee/Downloads/Topology_Graph_test-main/build/amr_topology -- -j16 -l16
[30.111s] Consolidate compiler generated dependencies of target mission_loop
[30.121s] [ 40%] Built target topology_follower
[30.121s] [ 60%] Building CXX object CMakeFiles/mission_loop.dir/src/local_astar_pure_pursuit.cpp.o
[30.122s] [ 80%] Building CXX object CMakeFiles/mission_loop.dir/src/mission_loop.cpp.o
[39.114s] [100%] Linking CXX executable mission_loop
[39.622s] [100%] Built target mission_loop
[39.629s] Invoked command in '/home/lee/Downloads/Topology_Graph_test-main/build/amr_topology' returned '0': CMAKE_PREFIX_PATH=${CMAKE_PREFIX_PATH}:/home/lee/smart_car_ws/install/smart_car_py_pkg:/opt/ros/humble /usr/bin/cmake --build /home/lee/Downloads/Topology_Graph_test-main/build/amr_topology -- -j16 -l16
[39.635s] Invoking command in '/home/lee/Downloads/Topology_Graph_test-main/build/amr_topology': CMAKE_PREFIX_PATH=${CMAKE_PREFIX_PATH}:/home/lee/smart_car_ws/install/smart_car_py_pkg:/opt/ros/humble /usr/bin/cmake --install /home/lee/Downloads/Topology_Graph_test-main/build/amr_topology
[39.640s] -- Install configuration: ""
[39.640s] -- Up-to-date: /home/lee/Downloads/Topology_Graph_test-main/install/amr_topology/lib/amr_topology/topology_follower
[39.640s] -- Installing: /home/lee/Downloads/Topology_Graph_test-main/install/amr_topology/lib/amr_topology/mission_loop
[39.644s] -- Set runtime path of "/home/lee/Downloads/Topology_Graph_test-main/install/amr_topology/lib/amr_topology/mission_loop" to ""
[39.644s] -- Up-to-date: /home/lee/Downloads/Topology_Graph_test-main/install/amr_topology/share/amr_topology/config
[39.644s] -- Up-to-date: /home/lee/Downloads/Topology_Graph_test-main/install/amr_topology/share/amr_topology/config/topology.yaml
[39.644s] -- Up-to-date: /home/lee/Downloads/Topology_Graph_test-main/install/amr_topology/share/amr_topology/include
[39.644s] -- Up-to-date: /home/lee/Downloads/Topology_Graph_test-main/install/amr_topology/share/amr_topology/include/amr_topology
[39.644s] -- Installing: /home/lee/Downloads/Topology_Graph_test-main/install/amr_topology/share/amr_topology/include/amr_topology/local_astar_pure_pursuit.hpp
[39.644s] -- Up-to-date: /home/lee/Downloads/Topology_Graph_test-main/install/amr_topology/share/amr_topology/launch
[39.644s] -- Up-to-date: /home/lee/Downloads/Topology_Graph_test-main/install/amr_topology/share/amr_topology/launch/map_server.launch.py
[39.644s] -- Up-to-date: /home/lee/Downloads/Topology_Graph_test-main/install/amr_topology/share/amr_topology/maps
[39.644s] -- Up-to-date: /home/lee/Downloads/Topology_Graph_test-main/install/amr_topology/share/amr_topology/maps/map.pgm
[39.644s] -- Up-to-date: /home/lee/Downloads/Topology_Graph_test-main/install/amr_topology/share/amr_topology/maps/map.yaml
[39.644s] -- Up-to-date: /home/lee/Downloads/Topology_Graph_test-main/install/amr_topology/share/ament_index/resource_index/package_run_dependencies/amr_topology
[39.644s] -- Up-to-date: /home/lee/Downloads/Topology_Graph_test-main/install/amr_topology/share/ament_index/resource_index/parent_prefix_path/amr_topology
[39.644s] -- Up-to-date: /home/lee/Downloads/Topology_Graph_test-main/install/amr_topology/share/amr_topology/environment/ament_prefix_path.sh
[39.644s] -- Up-to-date: /home/lee/Downloads/Topology_Graph_test-main/install/amr_topology/share/amr_topology/environment/ament_prefix_path.dsv
[39.644s] -- Up-to-date: /home/lee/Downloads/Topology_Graph_test-main/install/amr_topology/share/amr_topology/environment/path.sh
[39.644s] -- Up-to-date: /home/lee/Downloads/Topology_Graph_test-main/install/amr_topology/share/amr_topology/environment/path.dsv
[39.645s] -- Up-to-date: /home/lee/Downloads/Topology_Graph_test-main/install/amr_topology/share/amr_topology/local_setup.bash
[39.645s] -- Up-to-date: /home/lee/Downloads/Topology_Graph_test-main/install/amr_topology/share/amr_topology/local_setup.sh
[39.645s] -- Up-to-date: /home/lee/Downloads/Topology_Graph_test-main/install/amr_topology/share/amr_topology/local_setup.zsh
[39.645s] -- Up-to-date: /home/lee/Downloads/Topology_Graph_test-main/install/amr_topology/share/amr_topology/local_setup.dsv
[39.645s] -- Installing: /home/lee/Downloads/Topology_Graph_test-main/install/amr_topology/share/amr_topology/package.dsv
[39.645s] -- Up-to-date: /home/lee/Downloads/Topology_Graph_test-main/install/amr_topology/share/ament_index/resource_index/packages/amr_topology
[39.645s] -- Up-to-date: /home/lee/Downloads/Topology_Graph_test-main/install/amr_topology/share/amr_topology/cmake/amr_topologyConfig.cmake
[39.645s] -- Up-to-date: /home/lee/Downloads/Topology_Graph_test-main/install/amr_topology/share/amr_topology/cmake/amr_topologyConfig-version.cmake
[39.645s] -- Up-to-date: /home/lee/Downloads/Topology_Graph_test-main/install/amr_topology/share/amr_topology/package.xml
[39.646s] Invoked command in '/home/lee/Downloads/Topology_Graph_test-main/build/amr_topology' returned '0': CMAKE_PREFIX_PATH=${CMAKE_PREFIX_PATH}:/home/lee/smart_car_ws/install/smart_car_py_pkg:/opt/ros/humble /usr/bin/cmake --install /home/lee/Downloads/Topology_Graph_test-main/build/amr_topology
