[0.065s] DEBUG:colcon:Command line arguments: ['/usr/bin/colcon', 'build', '--packages-select', 'amr_topology']
[0.065s] DEBUG:colcon:Parsed command line arguments: Namespace(log_base=None, log_level=None, verb_name='build', build_base='build', install_base='install', merge_install=False, symlink_install=False, test_result_base=None, continue_on_error=False, executor='parallel', parallel_workers=16, event_handlers=None, ignore_user_meta=False, metas=['./colcon.meta'], base_paths=['.'], packages_ignore=None, packages_ignore_regex=None, paths=None, packages_up_to=None, packages_up_to_regex=None, packages_above=None, packages_above_and_dependencies=None, packages_above_depth=None, packages_select_by_dep=None, packages_skip_by_dep=None, packages_skip_up_to=None, packages_select_build_failed=False, packages_skip_build_finished=False, packages_select_test_failures=False, packages_skip_test_passed=False, packages_select=['amr_topology'], packages_skip=None, packages_select_regex=None, packages_skip_regex=None, packages_start=None, packages_end=None, allow_overriding=[], cmake_args=None, cmake_target=None, cmake_target_skip_unavailable=False, cmake_clean_cache=False, cmake_clean_first=False, cmake_force_configure=False, ament_cmake_args=None, catkin_cmake_args=None, catkin_skip_building_tests=False, verb_parser=<colcon_defaults.argument_parser.defaults.DefaultArgumentsDecorator object at 0x703563124b50>, verb_extension=<colcon_core.verb.build.BuildVerb object at 0x703563221f60>, main=<bound method BuildVerb.main of <colcon_core.verb.build.BuildVerb object at 0x703563221f60>>)
[0.163s] Level 1:colcon.colcon_core.package_discovery:discover_packages(colcon_meta) check parameters
[0.163s] Level 1:colcon.colcon_core.package_discovery:discover_packages(recursive) check parameters
[0.163s] Level 1:colcon.colcon_core.package_discovery:discover_packages(ignore) check parameters
[0.163s] Level 1:colcon.colcon_core.package_discovery:discover_packages(path) check parameters
[0.163s] Level 1:colcon.colcon_core.package_discovery:discover_packages(colcon_meta) discover
[0.163s] Level 1:colcon.colcon_core.package_discovery:discover_packages(recursive) discover
[0.163s] INFO:colcon.colcon_core.package_discovery:Crawling recursively for packages in '/home/lee/Downloads/Topology_Graph_test-main'
[0.163s] Level 1:colcon.colcon_core.package_identification:_identify(.) by extensions ['ignore', 'ignore_ament_install']
[0.163s] Level 1:colcon.colcon_core.package_identification:_identify(.) by extension 'ignore'
[0.164s] Level 1:colcon.colcon_core.package_identification:_identify(.) by extension 'ignore_ament_install'
[0.164s] Level 1:colcon.colcon_core.package_identification:_identify(.) by extensions ['colcon_pkg']
[0.164s] Level 1:colcon.colcon_core.package_identification:_identify(.) by extension 'colcon_pkg'
[0.164s] Level 1:colcon.colcon_core.package_identification:_identify(.) by extensions ['colcon_meta']
[0.164s] Level 1:colcon.colcon_core.package_identification:_identify(.) by extension 'colcon_meta'
[0.164s] Level 1:colcon.colcon_core.package_identification:_identify(.) by extensions ['ros']
[0.164s] Level 1:colcon.colcon_core.package_identification:_identify(.) by extension 'ros'
[0.170s] Level 1:colcon.colcon_core.package_identification:_identify(.) by extensions ['cmake', 'python']
[0.170s] Level 1:colcon.colcon_core.package_identification:_identify(.) by extension 'cmake'
[0.170s] Level 1:colcon.colcon_core.package_identification:_identify(.) by extension 'python'
[0.170s] Level 1:colcon.colcon_core.package_identification:_identify(.) by extensions ['python_setup_py']
[0.170s] Level 1:colcon.colcon_core.package_identification:_identify(.) by extension 'python_setup_py'
[0.170s] Level 1:colcon.colcon_core.package_identification:_identify(build) by extensions ['ignore', 'ignore_ament_install']
[0.170s] Level 1:colcon.colcon_core.package_identification:_identify(build) by extension 'ignore'
[0.170s] Level 1:colcon.colcon_core.package_identification:_identify(build) ignored
[0.170s] Level 1:colcon.colcon_core.package_identification:_identify(charger_docking_debug) by extensions ['ignore', 'ignore_ament_install']
[0.170s] Level 1:colcon.colcon_core.package_identification:_identify(charger_docking_debug) by extension 'ignore'
[0.170s] Level 1:colcon.colcon_core.package_identification:_identify(charger_docking_debug) by extension 'ignore_ament_install'
[0.170s] Level 1:colcon.colcon_core.package_identification:_identify(charger_docking_debug) by extensions ['colcon_pkg']
[0.170s] Level 1:colcon.colcon_core.package_identification:_identify(charger_docking_debug) by extension 'colcon_pkg'
[0.170s] Level 1:colcon.colcon_core.package_identification:_identify(charger_docking_debug) by extensions ['colcon_meta']
[0.170s] Level 1:colcon.colcon_core.package_identification:_identify(charger_docking_debug) by extension 'colcon_meta'
[0.170s] Level 1:colcon.colcon_core.package_identification:_identify(charger_docking_debug) by extensions ['ros']
[0.170s] Level 1:colcon.colcon_core.package_identification:_identify(charger_docking_debug) by extension 'ros'
[0.170s] Level 1:colcon.colcon_core.package_identification:_identify(charger_docking_debug) by extensions ['cmake', 'python']
[0.170s] Level 1:colcon.colcon_core.package_identification:_identify(charger_docking_debug) by extension 'cmake'
[0.170s] Level 1:colcon.colcon_core.package_identification:_identify(charger_docking_debug) by extension 'python'
[0.170s] Level 1:colcon.colcon_core.package_identification:_identify(charger_docking_debug) by extensions ['python_setup_py']
[0.170s] Level 1:colcon.colcon_core.package_identification:_identify(charger_docking_debug) by extension 'python_setup_py'
[0.170s] Level 1:colcon.colcon_core.package_identification:_identify(install) by extensions ['ignore', 'ignore_ament_install']
[0.170s] Level 1:colcon.colcon_core.package_identification:_identify(install) by extension 'ignore'
[0.170s] Level 1:colcon.colcon_core.package_identification:_identify(install) ignored
[0.171s] Level 1:colcon.colcon_core.package_identification:_identify(log) by extensions ['ignore', 'ignore_ament_install']
[0.171s] Level 1:colcon.colcon_core.package_identification:_identify(log) by extension 'ignore'
[0.171s] Level 1:colcon.colcon_core.package_identification:_identify(log) ignored
[0.171s] Level 1:colcon.colcon_core.package_identification:_identify(rosbag) by extensions ['ignore', 'ignore_ament_install']
[0.171s] Level 1:colcon.colcon_core.package_identification:_identify(rosbag) by extension 'ignore'
[0.171s] Level 1:colcon.colcon_core.package_identification:_identify(rosbag) by extension 'ignore_ament_install'
[0.171s] Level 1:colcon.colcon_core.package_identification:_identify(rosbag) by extensions ['colcon_pkg']
[0.171s] Level 1:colcon.colcon_core.package_identification:_identify(rosbag) by extension 'colcon_pkg'
[0.171s] Level 1:colcon.colcon_core.package_identification:_identify(rosbag) by extensions ['colcon_meta']
[0.171s] Level 1:colcon.colcon_core.package_identification:_identify(rosbag) by extension 'colcon_meta'
[0.171s] Level 1:colcon.colcon_core.package_identification:_identify(rosbag) by extensions ['ros']
[0.171s] Level 1:colcon.colcon_core.package_identification:_identify(rosbag) by extension 'ros'
[0.171s] Level 1:colcon.colcon_core.package_identification:_identify(rosbag) by extensions ['cmake', 'python']
[0.171s] Level 1:colcon.colcon_core.package_identification:_identify(rosbag) by extension 'cmake'
[0.171s] Level 1:colcon.colcon_core.package_identification:_identify(rosbag) by extension 'python'
[0.171s] Level 1:colcon.colcon_core.package_identification:_identify(rosbag) by extensions ['python_setup_py']
[0.171s] Level 1:colcon.colcon_core.package_identification:_identify(rosbag) by extension 'python_setup_py'
[0.171s] Level 1:colcon.colcon_core.package_identification:_identify(rosbag/avoidance_bag_01) by extensions ['ignore', 'ignore_ament_install']
[0.171s] Level 1:colcon.colcon_core.package_identification:_identify(rosbag/avoidance_bag_01) by extension 'ignore'
[0.171s] Level 1:colcon.colcon_core.package_identification:_identify(rosbag/avoidance_bag_01) by extension 'ignore_ament_install'
[0.171s] Level 1:colcon.colcon_core.package_identification:_identify(rosbag/avoidance_bag_01) by extensions ['colcon_pkg']
[0.171s] Level 1:colcon.colcon_core.package_identification:_identify(rosbag/avoidance_bag_01) by extension 'colcon_pkg'
[0.171s] Level 1:colcon.colcon_core.package_identification:_identify(rosbag/avoidance_bag_01) by extensions ['colcon_meta']
[0.171s] Level 1:colcon.colcon_core.package_identification:_identify(rosbag/avoidance_bag_01) by extension 'colcon_meta'
[0.171s] Level 1:colcon.colcon_core.package_identification:_identify(rosbag/avoidance_bag_01) by extensions ['ros']
[0.171s] Level 1:colcon.colcon_core.package_identification:_identify(rosbag/avoidance_bag_01) by extension 'ros'
[0.171s] Level 1:colcon.colcon_core.package_identification:_identify(rosbag/avoidance_bag_01) by extensions ['cmake', 'python']
[0.171s] Level 1:colcon.colcon_core.package_identification:_identify(rosbag/avoidance_bag_01) by extension 'cmake'
[0.171s] Level 1:colcon.colcon_core.package_identification:_identify(rosbag/avoidance_bag_01) by extension 'python'
[0.171s] Level 1:colcon.colcon_core.package_identification:_identify(rosbag/avoidance_bag_01) by extensions ['python_setup_py']
[0.171s] Level 1:colcon.colcon_core.package_identification:_identify(rosbag/avoidance_bag_01) by extension 'python_setup_py'
[0.171s] Level 1:colcon.colcon_core.package_identification:_identify(rosbag/avoidance_bag_02) by extensions ['ignore', 'ignore_ament_install']
[0.171s] Level 1:colcon.colcon_core.package_identification:_identify(rosbag/avoidance_bag_02) by extension 'ignore'
[0.171s] Level 1:colcon.colcon_core.package_identification:_identify(rosbag/avoidance_bag_02) by extension 'ignore_ament_install'
[0.171s] Level 1:colcon.colcon_core.package_identification:_identify(rosbag/avoidance_bag_02) by extensions ['colcon_pkg']
[0.171s] Level 1:colcon.colcon_core.package_identification:_identify(rosbag/avoidance_bag_02) by extension 'colcon_pkg'
[0.171s] Level 1:colcon.colcon_core.package_identification:_identify(rosbag/avoidance_bag_02) by extensions ['colcon_meta']
[0.171s] Level 1:colcon.colcon_core.package_identification:_identify(rosbag/avoidance_bag_02) by extension 'colcon_meta'
[0.171s] Level 1:colcon.colcon_core.package_identification:_identify(rosbag/avoidance_bag_02) by extensions ['ros']
[0.171s] Level 1:colcon.colcon_core.package_identification:_identify(rosbag/avoidance_bag_02) by extension 'ros'
[0.171s] Level 1:colcon.colcon_core.package_identification:_identify(rosbag/avoidance_bag_02) by extensions ['cmake', 'python']
[0.171s] Level 1:colcon.colcon_core.package_identification:_identify(rosbag/avoidance_bag_02) by extension 'cmake'
[0.171s] Level 1:colcon.colcon_core.package_identification:_identify(rosbag/avoidance_bag_02) by extension 'python'
[0.171s] Level 1:colcon.colcon_core.package_identification:_identify(rosbag/avoidance_bag_02) by extensions ['python_setup_py']
[0.171s] Level 1:colcon.colcon_core.package_identification:_identify(rosbag/avoidance_bag_02) by extension 'python_setup_py'
[0.171s] Level 1:colcon.colcon_core.package_identification:_identify(rosbag/avoidance_bag_03) by extensions ['ignore', 'ignore_ament_install']
[0.171s] Level 1:colcon.colcon_core.package_identification:_identify(rosbag/avoidance_bag_03) by extension 'ignore'
[0.171s] Level 1:colcon.colcon_core.package_identification:_identify(rosbag/avoidance_bag_03) by extension 'ignore_ament_install'
[0.171s] Level 1:colcon.colcon_core.package_identification:_identify(rosbag/avoidance_bag_03) by extensions ['colcon_pkg']
[0.171s] Level 1:colcon.colcon_core.package_identification:_identify(rosbag/avoidance_bag_03) by extension 'colcon_pkg'
[0.171s] Level 1:colcon.colcon_core.package_identification:_identify(rosbag/avoidance_bag_03) by extensions ['colcon_meta']
[0.172s] Level 1:colcon.colcon_core.package_identification:_identify(rosbag/avoidance_bag_03) by extension 'colcon_meta'
[0.172s] Level 1:colcon.colcon_core.package_identification:_identify(rosbag/avoidance_bag_03) by extensions ['ros']
[0.172s] Level 1:colcon.colcon_core.package_identification:_identify(rosbag/avoidance_bag_03) by extension 'ros'
[0.172s] Level 1:colcon.colcon_core.package_identification:_identify(rosbag/avoidance_bag_03) by extensions ['cmake', 'python']
[0.172s] Level 1:colcon.colcon_core.package_identification:_identify(rosbag/avoidance_bag_03) by extension 'cmake'
[0.172s] Level 1:colcon.colcon_core.package_identification:_identify(rosbag/avoidance_bag_03) by extension 'python'
[0.172s] Level 1:colcon.colcon_core.package_identification:_identify(rosbag/avoidance_bag_03) by extensions ['python_setup_py']
[0.172s] Level 1:colcon.colcon_core.package_identification:_identify(rosbag/avoidance_bag_03) by extension 'python_setup_py'
[0.172s] Level 1:colcon.colcon_core.package_identification:_identify(rosbag/avoidance_bag_04) by extensions ['ignore', 'ignore_ament_install']
[0.172s] Level 1:colcon.colcon_core.package_identification:_identify(rosbag/avoidance_bag_04) by extension 'ignore'
[0.172s] Level 1:colcon.colcon_core.package_identification:_identify(rosbag/avoidance_bag_04) by extension 'ignore_ament_install'
[0.172s] Level 1:colcon.colcon_core.package_identification:_identify(rosbag/avoidance_bag_04) by extensions ['colcon_pkg']
[0.172s] Level 1:colcon.colcon_core.package_identification:_identify(rosbag/avoidance_bag_04) by extension 'colcon_pkg'
[0.172s] Level 1:colcon.colcon_core.package_identification:_identify(rosbag/avoidance_bag_04) by extensions ['colcon_meta']
[0.172s] Level 1:colcon.colcon_core.package_identification:_identify(rosbag/avoidance_bag_04) by extension 'colcon_meta'
[0.172s] Level 1:colcon.colcon_core.package_identification:_identify(rosbag/avoidance_bag_04) by extensions ['ros']
[0.172s] Level 1:colcon.colcon_core.package_identification:_identify(rosbag/avoidance_bag_04) by extension 'ros'
[0.172s] Level 1:colcon.colcon_core.package_identification:_identify(rosbag/avoidance_bag_04) by extensions ['cmake', 'python']
[0.172s] Level 1:colcon.colcon_core.package_identification:_identify(rosbag/avoidance_bag_04) by extension 'cmake'
[0.172s] Level 1:colcon.colcon_core.package_identification:_identify(rosbag/avoidance_bag_04) by extension 'python'
[0.172s] Level 1:colcon.colcon_core.package_identification:_identify(rosbag/avoidance_bag_04) by extensions ['python_setup_py']
[0.172s] Level 1:colcon.colcon_core.package_identification:_identify(rosbag/avoidance_bag_04) by extension 'python_setup_py'
[0.172s] Level 1:colcon.colcon_core.package_identification:_identify(rosbag/avoidance_bag_05) by extensions ['ignore', 'ignore_ament_install']
[0.172s] Level 1:colcon.colcon_core.package_identification:_identify(rosbag/avoidance_bag_05) by extension 'ignore'
[0.172s] Level 1:colcon.colcon_core.package_identification:_identify(rosbag/avoidance_bag_05) by extension 'ignore_ament_install'
[0.172s] Level 1:colcon.colcon_core.package_identification:_identify(rosbag/avoidance_bag_05) by extensions ['colcon_pkg']
[0.172s] Level 1:colcon.colcon_core.package_identification:_identify(rosbag/avoidance_bag_05) by extension 'colcon_pkg'
[0.172s] Level 1:colcon.colcon_core.package_identification:_identify(rosbag/avoidance_bag_05) by extensions ['colcon_meta']
[0.172s] Level 1:colcon.colcon_core.package_identification:_identify(rosbag/avoidance_bag_05) by extension 'colcon_meta'
[0.172s] Level 1:colcon.colcon_core.package_identification:_identify(rosbag/avoidance_bag_05) by extensions ['ros']
[0.172s] Level 1:colcon.colcon_core.package_identification:_identify(rosbag/avoidance_bag_05) by extension 'ros'
[0.172s] Level 1:colcon.colcon_core.package_identification:_identify(rosbag/avoidance_bag_05) by extensions ['cmake', 'python']
[0.172s] Level 1:colcon.colcon_core.package_identification:_identify(rosbag/avoidance_bag_05) by extension 'cmake'
[0.172s] Level 1:colcon.colcon_core.package_identification:_identify(rosbag/avoidance_bag_05) by extension 'python'
[0.172s] Level 1:colcon.colcon_core.package_identification:_identify(rosbag/avoidance_bag_05) by extensions ['python_setup_py']
[0.172s] Level 1:colcon.colcon_core.package_identification:_identify(rosbag/avoidance_bag_05) by extension 'python_setup_py'
[0.172s] Level 1:colcon.colcon_core.package_identification:_identify(rosbag/avoidance_bag_06) by extensions ['ignore', 'ignore_ament_install']
[0.172s] Level 1:colcon.colcon_core.package_identification:_identify(rosbag/avoidance_bag_06) by extension 'ignore'
[0.172s] Level 1:colcon.colcon_core.package_identification:_identify(rosbag/avoidance_bag_06) by extension 'ignore_ament_install'
[0.172s] Level 1:colcon.colcon_core.package_identification:_identify(rosbag/avoidance_bag_06) by extensions ['colcon_pkg']
[0.172s] Level 1:colcon.colcon_core.package_identification:_identify(rosbag/avoidance_bag_06) by extension 'colcon_pkg'
[0.172s] Level 1:colcon.colcon_core.package_identification:_identify(rosbag/avoidance_bag_06) by extensions ['colcon_meta']
[0.172s] Level 1:colcon.colcon_core.package_identification:_identify(rosbag/avoidance_bag_06) by extension 'colcon_meta'
[0.172s] Level 1:colcon.colcon_core.package_identification:_identify(rosbag/avoidance_bag_06) by extensions ['ros']
[0.172s] Level 1:colcon.colcon_core.package_identification:_identify(rosbag/avoidance_bag_06) by extension 'ros'
[0.172s] Level 1:colcon.colcon_core.package_identification:_identify(rosbag/avoidance_bag_06) by extensions ['cmake', 'python']
[0.172s] Level 1:colcon.colcon_core.package_identification:_identify(rosbag/avoidance_bag_06) by extension 'cmake'
[0.172s] Level 1:colcon.colcon_core.package_identification:_identify(rosbag/avoidance_bag_06) by extension 'python'
[0.172s] Level 1:colcon.colcon_core.package_identification:_identify(rosbag/avoidance_bag_06) by extensions ['python_setup_py']
[0.172s] Level 1:colcon.colcon_core.package_identification:_identify(rosbag/avoidance_bag_06) by extension 'python_setup_py'
[0.172s] Level 1:colcon.colcon_core.package_identification:_identify(rosbag/avoidance_bag_07) by extensions ['ignore', 'ignore_ament_install']
[0.172s] Level 1:colcon.colcon_core.package_identification:_identify(rosbag/avoidance_bag_07) by extension 'ignore'
[0.172s] Level 1:colcon.colcon_core.package_identification:_identify(rosbag/avoidance_bag_07) by extension 'ignore_ament_install'
[0.172s] Level 1:colcon.colcon_core.package_identification:_identify(rosbag/avoidance_bag_07) by extensions ['colcon_pkg']
[0.173s] Level 1:colcon.colcon_core.package_identification:_identify(rosbag/avoidance_bag_07) by extension 'colcon_pkg'
[0.173s] Level 1:colcon.colcon_core.package_identification:_identify(rosbag/avoidance_bag_07) by extensions ['colcon_meta']
[0.173s] Level 1:colcon.colcon_core.package_identification:_identify(rosbag/avoidance_bag_07) by extension 'colcon_meta'
[0.173s] Level 1:colcon.colcon_core.package_identification:_identify(rosbag/avoidance_bag_07) by extensions ['ros']
[0.173s] Level 1:colcon.colcon_core.package_identification:_identify(rosbag/avoidance_bag_07) by extension 'ros'
[0.173s] Level 1:colcon.colcon_core.package_identification:_identify(rosbag/avoidance_bag_07) by extensions ['cmake', 'python']
[0.173s] Level 1:colcon.colcon_core.package_identification:_identify(rosbag/avoidance_bag_07) by extension 'cmake'
[0.173s] Level 1:colcon.colcon_core.package_identification:_identify(rosbag/avoidance_bag_07) by extension 'python'
[0.173s] Level 1:colcon.colcon_core.package_identification:_identify(rosbag/avoidance_bag_07) by extensions ['python_setup_py']
[0.173s] Level 1:colcon.colcon_core.package_identification:_identify(rosbag/avoidance_bag_07) by extension 'python_setup_py'
[0.173s] Level 1:colcon.colcon_core.package_identification:_identify(rosbag/avoidance_bag_08) by extensions ['ignore', 'ignore_ament_install']
[0.173s] Level 1:colcon.colcon_core.package_identification:_identify(rosbag/avoidance_bag_08) by extension 'ignore'
[0.173s] Level 1:colcon.colcon_core.package_identification:_identify(rosbag/avoidance_bag_08) by extension 'ignore_ament_install'
[0.173s] Level 1:colcon.colcon_core.package_identification:_identify(rosbag/avoidance_bag_08) by extensions ['colcon_pkg']
[0.173s] Level 1:colcon.colcon_core.package_identification:_identify(rosbag/avoidance_bag_08) by extension 'colcon_pkg'
[0.173s] Level 1:colcon.colcon_core.package_identification:_identify(rosbag/avoidance_bag_08) by extensions ['colcon_meta']
[0.173s] Level 1:colcon.colcon_core.package_identification:_identify(rosbag/avoidance_bag_08) by extension 'colcon_meta'
[0.173s] Level 1:colcon.colcon_core.package_identification:_identify(rosbag/avoidance_bag_08) by extensions ['ros']
[0.173s] Level 1:colcon.colcon_core.package_identification:_identify(rosbag/avoidance_bag_08) by extension 'ros'
[0.173s] Level 1:colcon.colcon_core.package_identification:_identify(rosbag/avoidance_bag_08) by extensions ['cmake', 'python']
[0.173s] Level 1:colcon.colcon_core.package_identification:_identify(rosbag/avoidance_bag_08) by extension 'cmake'
[0.173s] Level 1:colcon.colcon_core.package_identification:_identify(rosbag/avoidance_bag_08) by extension 'python'
[0.173s] Level 1:colcon.colcon_core.package_identification:_identify(rosbag/avoidance_bag_08) by extensions ['python_setup_py']
[0.173s] Level 1:colcon.colcon_core.package_identification:_identify(rosbag/avoidance_bag_08) by extension 'python_setup_py'
[0.173s] Level 1:colcon.colcon_core.package_identification:_identify(rosbag/avoidance_bag_10) by extensions ['ignore', 'ignore_ament_install']
[0.173s] Level 1:colcon.colcon_core.package_identification:_identify(rosbag/avoidance_bag_10) by extension 'ignore'
[0.173s] Level 1:colcon.colcon_core.package_identification:_identify(rosbag/avoidance_bag_10) by extension 'ignore_ament_install'
[0.173s] Level 1:colcon.colcon_core.package_identification:_identify(rosbag/avoidance_bag_10) by extensions ['colcon_pkg']
[0.173s] Level 1:colcon.colcon_core.package_identification:_identify(rosbag/avoidance_bag_10) by extension 'colcon_pkg'
[0.173s] Level 1:colcon.colcon_core.package_identification:_identify(rosbag/avoidance_bag_10) by extensions ['colcon_meta']
[0.173s] Level 1:colcon.colcon_core.package_identification:_identify(rosbag/avoidance_bag_10) by extension 'colcon_meta'
[0.173s] Level 1:colcon.colcon_core.package_identification:_identify(rosbag/avoidance_bag_10) by extensions ['ros']
[0.173s] Level 1:colcon.colcon_core.package_identification:_identify(rosbag/avoidance_bag_10) by extension 'ros'
[0.173s] Level 1:colcon.colcon_core.package_identification:_identify(rosbag/avoidance_bag_10) by extensions ['cmake', 'python']
[0.173s] Level 1:colcon.colcon_core.package_identification:_identify(rosbag/avoidance_bag_10) by extension 'cmake'
[0.173s] Level 1:colcon.colcon_core.package_identification:_identify(rosbag/avoidance_bag_10) by extension 'python'
[0.173s] Level 1:colcon.colcon_core.package_identification:_identify(rosbag/avoidance_bag_10) by extensions ['python_setup_py']
[0.173s] Level 1:colcon.colcon_core.package_identification:_identify(rosbag/avoidance_bag_10) by extension 'python_setup_py'
[0.173s] Level 1:colcon.colcon_core.package_identification:_identify(rosbag/avoidance_bag_40) by extensions ['ignore', 'ignore_ament_install']
[0.173s] Level 1:colcon.colcon_core.package_identification:_identify(rosbag/avoidance_bag_40) by extension 'ignore'
[0.173s] Level 1:colcon.colcon_core.package_identification:_identify(rosbag/avoidance_bag_40) by extension 'ignore_ament_install'
[0.173s] Level 1:colcon.colcon_core.package_identification:_identify(rosbag/avoidance_bag_40) by extensions ['colcon_pkg']
[0.173s] Level 1:colcon.colcon_core.package_identification:_identify(rosbag/avoidance_bag_40) by extension 'colcon_pkg'
[0.173s] Level 1:colcon.colcon_core.package_identification:_identify(rosbag/avoidance_bag_40) by extensions ['colcon_meta']
[0.173s] Level 1:colcon.colcon_core.package_identification:_identify(rosbag/avoidance_bag_40) by extension 'colcon_meta'
[0.173s] Level 1:colcon.colcon_core.package_identification:_identify(rosbag/avoidance_bag_40) by extensions ['ros']
[0.173s] Level 1:colcon.colcon_core.package_identification:_identify(rosbag/avoidance_bag_40) by extension 'ros'
[0.173s] Level 1:colcon.colcon_core.package_identification:_identify(rosbag/avoidance_bag_40) by extensions ['cmake', 'python']
[0.173s] Level 1:colcon.colcon_core.package_identification:_identify(rosbag/avoidance_bag_40) by extension 'cmake'
[0.173s] Level 1:colcon.colcon_core.package_identification:_identify(rosbag/avoidance_bag_40) by extension 'python'
[0.173s] Level 1:colcon.colcon_core.package_identification:_identify(rosbag/avoidance_bag_40) by extensions ['python_setup_py']
[0.173s] Level 1:colcon.colcon_core.package_identification:_identify(rosbag/avoidance_bag_40) by extension 'python_setup_py'
[0.173s] Level 1:colcon.colcon_core.package_identification:_identify(rosbag/avoidance_bag_41) by extensions ['ignore', 'ignore_ament_install']
[0.173s] Level 1:colcon.colcon_core.package_identification:_identify(rosbag/avoidance_bag_41) by extension 'ignore'
[0.173s] Level 1:colcon.colcon_core.package_identification:_identify(rosbag/avoidance_bag_41) by extension 'ignore_ament_install'
[0.173s] Level 1:colcon.colcon_core.package_identification:_identify(rosbag/avoidance_bag_41) by extensions ['colcon_pkg']
[0.173s] Level 1:colcon.colcon_core.package_identification:_identify(rosbag/avoidance_bag_41) by extension 'colcon_pkg'
[0.174s] Level 1:colcon.colcon_core.package_identification:_identify(rosbag/avoidance_bag_41) by extensions ['colcon_meta']
[0.174s] Level 1:colcon.colcon_core.package_identification:_identify(rosbag/avoidance_bag_41) by extension 'colcon_meta'
[0.174s] Level 1:colcon.colcon_core.package_identification:_identify(rosbag/avoidance_bag_41) by extensions ['ros']
[0.174s] Level 1:colcon.colcon_core.package_identification:_identify(rosbag/avoidance_bag_41) by extension 'ros'
[0.174s] Level 1:colcon.colcon_core.package_identification:_identify(rosbag/avoidance_bag_41) by extensions ['cmake', 'python']
[0.174s] Level 1:colcon.colcon_core.package_identification:_identify(rosbag/avoidance_bag_41) by extension 'cmake'
[0.174s] Level 1:colcon.colcon_core.package_identification:_identify(rosbag/avoidance_bag_41) by extension 'python'
[0.174s] Level 1:colcon.colcon_core.package_identification:_identify(rosbag/avoidance_bag_41) by extensions ['python_setup_py']
[0.174s] Level 1:colcon.colcon_core.package_identification:_identify(rosbag/avoidance_bag_41) by extension 'python_setup_py'
[0.174s] Level 1:colcon.colcon_core.package_identification:_identify(rosbag/avoidance_bag_42) by extensions ['ignore', 'ignore_ament_install']
[0.174s] Level 1:colcon.colcon_core.package_identification:_identify(rosbag/avoidance_bag_42) by extension 'ignore'
[0.174s] Level 1:colcon.colcon_core.package_identification:_identify(rosbag/avoidance_bag_42) by extension 'ignore_ament_install'
[0.174s] Level 1:colcon.colcon_core.package_identification:_identify(rosbag/avoidance_bag_42) by extensions ['colcon_pkg']
[0.174s] Level 1:colcon.colcon_core.package_identification:_identify(rosbag/avoidance_bag_42) by extension 'colcon_pkg'
[0.174s] Level 1:colcon.colcon_core.package_identification:_identify(rosbag/avoidance_bag_42) by extensions ['colcon_meta']
[0.174s] Level 1:colcon.colcon_core.package_identification:_identify(rosbag/avoidance_bag_42) by extension 'colcon_meta'
[0.174s] Level 1:colcon.colcon_core.package_identification:_identify(rosbag/avoidance_bag_42) by extensions ['ros']
[0.174s] Level 1:colcon.colcon_core.package_identification:_identify(rosbag/avoidance_bag_42) by extension 'ros'
[0.174s] Level 1:colcon.colcon_core.package_identification:_identify(rosbag/avoidance_bag_42) by extensions ['cmake', 'python']
[0.174s] Level 1:colcon.colcon_core.package_identification:_identify(rosbag/avoidance_bag_42) by extension 'cmake'
[0.174s] Level 1:colcon.colcon_core.package_identification:_identify(rosbag/avoidance_bag_42) by extension 'python'
[0.174s] Level 1:colcon.colcon_core.package_identification:_identify(rosbag/avoidance_bag_42) by extensions ['python_setup_py']
[0.174s] Level 1:colcon.colcon_core.package_identification:_identify(rosbag/avoidance_bag_42) by extension 'python_setup_py'
[0.174s] Level 1:colcon.colcon_core.package_identification:_identify(rosbag/avoidance_bag_43) by extensions ['ignore', 'ignore_ament_install']
[0.174s] Level 1:colcon.colcon_core.package_identification:_identify(rosbag/avoidance_bag_43) by extension 'ignore'
[0.174s] Level 1:colcon.colcon_core.package_identification:_identify(rosbag/avoidance_bag_43) by extension 'ignore_ament_install'
[0.174s] Level 1:colcon.colcon_core.package_identification:_identify(rosbag/avoidance_bag_43) by extensions ['colcon_pkg']
[0.174s] Level 1:colcon.colcon_core.package_identification:_identify(rosbag/avoidance_bag_43) by extension 'colcon_pkg'
[0.174s] Level 1:colcon.colcon_core.package_identification:_identify(rosbag/avoidance_bag_43) by extensions ['colcon_meta']
[0.174s] Level 1:colcon.colcon_core.package_identification:_identify(rosbag/avoidance_bag_43) by extension 'colcon_meta'
[0.174s] Level 1:colcon.colcon_core.package_identification:_identify(rosbag/avoidance_bag_43) by extensions ['ros']
[0.174s] Level 1:colcon.colcon_core.package_identification:_identify(rosbag/avoidance_bag_43) by extension 'ros'
[0.174s] Level 1:colcon.colcon_core.package_identification:_identify(rosbag/avoidance_bag_43) by extensions ['cmake', 'python']
[0.174s] Level 1:colcon.colcon_core.package_identification:_identify(rosbag/avoidance_bag_43) by extension 'cmake'
[0.174s] Level 1:colcon.colcon_core.package_identification:_identify(rosbag/avoidance_bag_43) by extension 'python'
[0.174s] Level 1:colcon.colcon_core.package_identification:_identify(rosbag/avoidance_bag_43) by extensions ['python_setup_py']
[0.174s] Level 1:colcon.colcon_core.package_identification:_identify(rosbag/avoidance_bag_43) by extension 'python_setup_py'
[0.174s] Level 1:colcon.colcon_core.package_identification:_identify(rosbag/avoidance_bag_44) by extensions ['ignore', 'ignore_ament_install']
[0.174s] Level 1:colcon.colcon_core.package_identification:_identify(rosbag/avoidance_bag_44) by extension 'ignore'
[0.174s] Level 1:colcon.colcon_core.package_identification:_identify(rosbag/avoidance_bag_44) by extension 'ignore_ament_install'
[0.174s] Level 1:colcon.colcon_core.package_identification:_identify(rosbag/avoidance_bag_44) by extensions ['colcon_pkg']
[0.174s] Level 1:colcon.colcon_core.package_identification:_identify(rosbag/avoidance_bag_44) by extension 'colcon_pkg'
[0.174s] Level 1:colcon.colcon_core.package_identification:_identify(rosbag/avoidance_bag_44) by extensions ['colcon_meta']
[0.174s] Level 1:colcon.colcon_core.package_identification:_identify(rosbag/avoidance_bag_44) by extension 'colcon_meta'
[0.174s] Level 1:colcon.colcon_core.package_identification:_identify(rosbag/avoidance_bag_44) by extensions ['ros']
[0.174s] Level 1:colcon.colcon_core.package_identification:_identify(rosbag/avoidance_bag_44) by extension 'ros'
[0.174s] Level 1:colcon.colcon_core.package_identification:_identify(rosbag/avoidance_bag_44) by extensions ['cmake', 'python']
[0.174s] Level 1:colcon.colcon_core.package_identification:_identify(rosbag/avoidance_bag_44) by extension 'cmake'
[0.174s] Level 1:colcon.colcon_core.package_identification:_identify(rosbag/avoidance_bag_44) by extension 'python'
[0.174s] Level 1:colcon.colcon_core.package_identification:_identify(rosbag/avoidance_bag_44) by extensions ['python_setup_py']
[0.174s] Level 1:colcon.colcon_core.package_identification:_identify(rosbag/avoidance_bag_44) by extension 'python_setup_py'
[0.174s] Level 1:colcon.colcon_core.package_identification:_identify(rosbag/avoidance_bag_47) by extensions ['ignore', 'ignore_ament_install']
[0.174s] Level 1:colcon.colcon_core.package_identification:_identify(rosbag/avoidance_bag_47) by extension 'ignore'
[0.174s] Level 1:colcon.colcon_core.package_identification:_identify(rosbag/avoidance_bag_47) by extension 'ignore_ament_install'
[0.174s] Level 1:colcon.colcon_core.package_identification:_identify(rosbag/avoidance_bag_47) by extensions ['colcon_pkg']
[0.174s] Level 1:colcon.colcon_core.package_identification:_identify(rosbag/avoidance_bag_47) by extension 'colcon_pkg'
[0.175s] Level 1:colcon.colcon_core.package_identification:_identify(rosbag/avoidance_bag_47) by extensions ['colcon_meta']
[0.175s] Level 1:colcon.colcon_core.package_identification:_identify(rosbag/avoidance_bag_47) by extension 'colcon_meta'
[0.175s] Level 1:colcon.colcon_core.package_identification:_identify(rosbag/avoidance_bag_47) by extensions ['ros']
[0.175s] Level 1:colcon.colcon_core.package_identification:_identify(rosbag/avoidance_bag_47) by extension 'ros'
[0.175s] Level 1:colcon.colcon_core.package_identification:_identify(rosbag/avoidance_bag_47) by extensions ['cmake', 'python']
[0.175s] Level 1:colcon.colcon_core.package_identification:_identify(rosbag/avoidance_bag_47) by extension 'cmake'
[0.175s] Level 1:colcon.colcon_core.package_identification:_identify(rosbag/avoidance_bag_47) by extension 'python'
[0.175s] Level 1:colcon.colcon_core.package_identification:_identify(rosbag/avoidance_bag_47) by extensions ['python_setup_py']
[0.175s] Level 1:colcon.colcon_core.package_identification:_identify(rosbag/avoidance_bag_47) by extension 'python_setup_py'
[0.175s] Level 1:colcon.colcon_core.package_identification:_identify(rosbag/avoidance_bag_48) by extensions ['ignore', 'ignore_ament_install']
[0.175s] Level 1:colcon.colcon_core.package_identification:_identify(rosbag/avoidance_bag_48) by extension 'ignore'
[0.175s] Level 1:colcon.colcon_core.package_identification:_identify(rosbag/avoidance_bag_48) by extension 'ignore_ament_install'
[0.175s] Level 1:colcon.colcon_core.package_identification:_identify(rosbag/avoidance_bag_48) by extensions ['colcon_pkg']
[0.175s] Level 1:colcon.colcon_core.package_identification:_identify(rosbag/avoidance_bag_48) by extension 'colcon_pkg'
[0.175s] Level 1:colcon.colcon_core.package_identification:_identify(rosbag/avoidance_bag_48) by extensions ['colcon_meta']
[0.175s] Level 1:colcon.colcon_core.package_identification:_identify(rosbag/avoidance_bag_48) by extension 'colcon_meta'
[0.175s] Level 1:colcon.colcon_core.package_identification:_identify(rosbag/avoidance_bag_48) by extensions ['ros']
[0.175s] Level 1:colcon.colcon_core.package_identification:_identify(rosbag/avoidance_bag_48) by extension 'ros'
[0.175s] Level 1:colcon.colcon_core.package_identification:_identify(rosbag/avoidance_bag_48) by extensions ['cmake', 'python']
[0.175s] Level 1:colcon.colcon_core.package_identification:_identify(rosbag/avoidance_bag_48) by extension 'cmake'
[0.175s] Level 1:colcon.colcon_core.package_identification:_identify(rosbag/avoidance_bag_48) by extension 'python'
[0.175s] Level 1:colcon.colcon_core.package_identification:_identify(rosbag/avoidance_bag_48) by extensions ['python_setup_py']
[0.175s] Level 1:colcon.colcon_core.package_identification:_identify(rosbag/avoidance_bag_48) by extension 'python_setup_py'
[0.175s] Level 1:colcon.colcon_core.package_identification:_identify(rosbag/avoidance_bag_49) by extensions ['ignore', 'ignore_ament_install']
[0.175s] Level 1:colcon.colcon_core.package_identification:_identify(rosbag/avoidance_bag_49) by extension 'ignore'
[0.175s] Level 1:colcon.colcon_core.package_identification:_identify(rosbag/avoidance_bag_49) by extension 'ignore_ament_install'
[0.175s] Level 1:colcon.colcon_core.package_identification:_identify(rosbag/avoidance_bag_49) by extensions ['colcon_pkg']
[0.175s] Level 1:colcon.colcon_core.package_identification:_identify(rosbag/avoidance_bag_49) by extension 'colcon_pkg'
[0.175s] Level 1:colcon.colcon_core.package_identification:_identify(rosbag/avoidance_bag_49) by extensions ['colcon_meta']
[0.175s] Level 1:colcon.colcon_core.package_identification:_identify(rosbag/avoidance_bag_49) by extension 'colcon_meta'
[0.175s] Level 1:colcon.colcon_core.package_identification:_identify(rosbag/avoidance_bag_49) by extensions ['ros']
[0.175s] Level 1:colcon.colcon_core.package_identification:_identify(rosbag/avoidance_bag_49) by extension 'ros'
[0.175s] Level 1:colcon.colcon_core.package_identification:_identify(rosbag/avoidance_bag_49) by extensions ['cmake', 'python']
[0.175s] Level 1:colcon.colcon_core.package_identification:_identify(rosbag/avoidance_bag_49) by extension 'cmake'
[0.175s] Level 1:colcon.colcon_core.package_identification:_identify(rosbag/avoidance_bag_49) by extension 'python'
[0.175s] Level 1:colcon.colcon_core.package_identification:_identify(rosbag/avoidance_bag_49) by extensions ['python_setup_py']
[0.175s] Level 1:colcon.colcon_core.package_identification:_identify(rosbag/avoidance_bag_49) by extension 'python_setup_py'
[0.175s] Level 1:colcon.colcon_core.package_identification:_identify(rosbag/avoidance_bag_50) by extensions ['ignore', 'ignore_ament_install']
[0.175s] Level 1:colcon.colcon_core.package_identification:_identify(rosbag/avoidance_bag_50) by extension 'ignore'
[0.175s] Level 1:colcon.colcon_core.package_identification:_identify(rosbag/avoidance_bag_50) by extension 'ignore_ament_install'
[0.175s] Level 1:colcon.colcon_core.package_identification:_identify(rosbag/avoidance_bag_50) by extensions ['colcon_pkg']
[0.175s] Level 1:colcon.colcon_core.package_identification:_identify(rosbag/avoidance_bag_50) by extension 'colcon_pkg'
[0.175s] Level 1:colcon.colcon_core.package_identification:_identify(rosbag/avoidance_bag_50) by extensions ['colcon_meta']
[0.175s] Level 1:colcon.colcon_core.package_identification:_identify(rosbag/avoidance_bag_50) by extension 'colcon_meta'
[0.175s] Level 1:colcon.colcon_core.package_identification:_identify(rosbag/avoidance_bag_50) by extensions ['ros']
[0.175s] Level 1:colcon.colcon_core.package_identification:_identify(rosbag/avoidance_bag_50) by extension 'ros'
[0.175s] Level 1:colcon.colcon_core.package_identification:_identify(rosbag/avoidance_bag_50) by extensions ['cmake', 'python']
[0.175s] Level 1:colcon.colcon_core.package_identification:_identify(rosbag/avoidance_bag_50) by extension 'cmake'
[0.175s] Level 1:colcon.colcon_core.package_identification:_identify(rosbag/avoidance_bag_50) by extension 'python'
[0.175s] Level 1:colcon.colcon_core.package_identification:_identify(rosbag/avoidance_bag_50) by extensions ['python_setup_py']
[0.175s] Level 1:colcon.colcon_core.package_identification:_identify(rosbag/avoidance_bag_50) by extension 'python_setup_py'
[0.175s] Level 1:colcon.colcon_core.package_identification:_identify(rosbag/avoidance_bag_51) by extensions ['ignore', 'ignore_ament_install']
[0.175s] Level 1:colcon.colcon_core.package_identification:_identify(rosbag/avoidance_bag_51) by extension 'ignore'
[0.175s] Level 1:colcon.colcon_core.package_identification:_identify(rosbag/avoidance_bag_51) by extension 'ignore_ament_install'
[0.175s] Level 1:colcon.colcon_core.package_identification:_identify(rosbag/avoidance_bag_51) by extensions ['colcon_pkg']
[0.176s] Level 1:colcon.colcon_core.package_identification:_identify(rosbag/avoidance_bag_51) by extension 'colcon_pkg'
[0.176s] Level 1:colcon.colcon_core.package_identification:_identify(rosbag/avoidance_bag_51) by extensions ['colcon_meta']
[0.176s] Level 1:colcon.colcon_core.package_identification:_identify(rosbag/avoidance_bag_51) by extension 'colcon_meta'
[0.176s] Level 1:colcon.colcon_core.package_identification:_identify(rosbag/avoidance_bag_51) by extensions ['ros']
[0.176s] Level 1:colcon.colcon_core.package_identification:_identify(rosbag/avoidance_bag_51) by extension 'ros'
[0.176s] Level 1:colcon.colcon_core.package_identification:_identify(rosbag/avoidance_bag_51) by extensions ['cmake', 'python']
[0.176s] Level 1:colcon.colcon_core.package_identification:_identify(rosbag/avoidance_bag_51) by extension 'cmake'
[0.176s] Level 1:colcon.colcon_core.package_identification:_identify(rosbag/avoidance_bag_51) by extension 'python'
[0.176s] Level 1:colcon.colcon_core.package_identification:_identify(rosbag/avoidance_bag_51) by extensions ['python_setup_py']
[0.176s] Level 1:colcon.colcon_core.package_identification:_identify(rosbag/avoidance_bag_51) by extension 'python_setup_py'
[0.176s] Level 1:colcon.colcon_core.package_identification:_identify(rosbag/avoidance_bag_52) by extensions ['ignore', 'ignore_ament_install']
[0.176s] Level 1:colcon.colcon_core.package_identification:_identify(rosbag/avoidance_bag_52) by extension 'ignore'
[0.176s] Level 1:colcon.colcon_core.package_identification:_identify(rosbag/avoidance_bag_52) by extension 'ignore_ament_install'
[0.176s] Level 1:colcon.colcon_core.package_identification:_identify(rosbag/avoidance_bag_52) by extensions ['colcon_pkg']
[0.176s] Level 1:colcon.colcon_core.package_identification:_identify(rosbag/avoidance_bag_52) by extension 'colcon_pkg'
[0.176s] Level 1:colcon.colcon_core.package_identification:_identify(rosbag/avoidance_bag_52) by extensions ['colcon_meta']
[0.176s] Level 1:colcon.colcon_core.package_identification:_identify(rosbag/avoidance_bag_52) by extension 'colcon_meta'
[0.176s] Level 1:colcon.colcon_core.package_identification:_identify(rosbag/avoidance_bag_52) by extensions ['ros']
[0.176s] Level 1:colcon.colcon_core.package_identification:_identify(rosbag/avoidance_bag_52) by extension 'ros'
[0.176s] Level 1:colcon.colcon_core.package_identification:_identify(rosbag/avoidance_bag_52) by extensions ['cmake', 'python']
[0.176s] Level 1:colcon.colcon_core.package_identification:_identify(rosbag/avoidance_bag_52) by extension 'cmake'
[0.176s] Level 1:colcon.colcon_core.package_identification:_identify(rosbag/avoidance_bag_52) by extension 'python'
[0.176s] Level 1:colcon.colcon_core.package_identification:_identify(rosbag/avoidance_bag_52) by extensions ['python_setup_py']
[0.176s] Level 1:colcon.colcon_core.package_identification:_identify(rosbag/avoidance_bag_52) by extension 'python_setup_py'
[0.176s] Level 1:colcon.colcon_core.package_identification:_identify(rosbag/avoidance_bag_53) by extensions ['ignore', 'ignore_ament_install']
[0.176s] Level 1:colcon.colcon_core.package_identification:_identify(rosbag/avoidance_bag_53) by extension 'ignore'
[0.176s] Level 1:colcon.colcon_core.package_identification:_identify(rosbag/avoidance_bag_53) by extension 'ignore_ament_install'
[0.176s] Level 1:colcon.colcon_core.package_identification:_identify(rosbag/avoidance_bag_53) by extensions ['colcon_pkg']
[0.176s] Level 1:colcon.colcon_core.package_identification:_identify(rosbag/avoidance_bag_53) by extension 'colcon_pkg'
[0.176s] Level 1:colcon.colcon_core.package_identification:_identify(rosbag/avoidance_bag_53) by extensions ['colcon_meta']
[0.176s] Level 1:colcon.colcon_core.package_identification:_identify(rosbag/avoidance_bag_53) by extension 'colcon_meta'
[0.176s] Level 1:colcon.colcon_core.package_identification:_identify(rosbag/avoidance_bag_53) by extensions ['ros']
[0.176s] Level 1:colcon.colcon_core.package_identification:_identify(rosbag/avoidance_bag_53) by extension 'ros'
[0.176s] Level 1:colcon.colcon_core.package_identification:_identify(rosbag/avoidance_bag_53) by extensions ['cmake', 'python']
[0.176s] Level 1:colcon.colcon_core.package_identification:_identify(rosbag/avoidance_bag_53) by extension 'cmake'
[0.176s] Level 1:colcon.colcon_core.package_identification:_identify(rosbag/avoidance_bag_53) by extension 'python'
[0.176s] Level 1:colcon.colcon_core.package_identification:_identify(rosbag/avoidance_bag_53) by extensions ['python_setup_py']
[0.176s] Level 1:colcon.colcon_core.package_identification:_identify(rosbag/avoidance_bag_53) by extension 'python_setup_py'
[0.176s] Level 1:colcon.colcon_core.package_identification:_identify(rosbag/avoidance_bag_54) by extensions ['ignore', 'ignore_ament_install']
[0.176s] Level 1:colcon.colcon_core.package_identification:_identify(rosbag/avoidance_bag_54) by extension 'ignore'
[0.176s] Level 1:colcon.colcon_core.package_identification:_identify(rosbag/avoidance_bag_54) by extension 'ignore_ament_install'
[0.176s] Level 1:colcon.colcon_core.package_identification:_identify(rosbag/avoidance_bag_54) by extensions ['colcon_pkg']
[0.176s] Level 1:colcon.colcon_core.package_identification:_identify(rosbag/avoidance_bag_54) by extension 'colcon_pkg'
[0.176s] Level 1:colcon.colcon_core.package_identification:_identify(rosbag/avoidance_bag_54) by extensions ['colcon_meta']
[0.176s] Level 1:colcon.colcon_core.package_identification:_identify(rosbag/avoidance_bag_54) by extension 'colcon_meta'
[0.176s] Level 1:colcon.colcon_core.package_identification:_identify(rosbag/avoidance_bag_54) by extensions ['ros']
[0.176s] Level 1:colcon.colcon_core.package_identification:_identify(rosbag/avoidance_bag_54) by extension 'ros'
[0.176s] Level 1:colcon.colcon_core.package_identification:_identify(rosbag/avoidance_bag_54) by extensions ['cmake', 'python']
[0.176s] Level 1:colcon.colcon_core.package_identification:_identify(rosbag/avoidance_bag_54) by extension 'cmake'
[0.176s] Level 1:colcon.colcon_core.package_identification:_identify(rosbag/avoidance_bag_54) by extension 'python'
[0.176s] Level 1:colcon.colcon_core.package_identification:_identify(rosbag/avoidance_bag_54) by extensions ['python_setup_py']
[0.176s] Level 1:colcon.colcon_core.package_identification:_identify(rosbag/avoidance_bag_54) by extension 'python_setup_py'
[0.176s] Level 1:colcon.colcon_core.package_identification:_identify(rosbag/avoidance_bag_55) by extensions ['ignore', 'ignore_ament_install']
[0.176s] Level 1:colcon.colcon_core.package_identification:_identify(rosbag/avoidance_bag_55) by extension 'ignore'
[0.176s] Level 1:colcon.colcon_core.package_identification:_identify(rosbag/avoidance_bag_55) by extension 'ignore_ament_install'
[0.177s] Level 1:colcon.colcon_core.package_identification:_identify(rosbag/avoidance_bag_55) by extensions ['colcon_pkg']
[0.177s] Level 1:colcon.colcon_core.package_identification:_identify(rosbag/avoidance_bag_55) by extension 'colcon_pkg'
[0.177s] Level 1:colcon.colcon_core.package_identification:_identify(rosbag/avoidance_bag_55) by extensions ['colcon_meta']
[0.177s] Level 1:colcon.colcon_core.package_identification:_identify(rosbag/avoidance_bag_55) by extension 'colcon_meta'
[0.177s] Level 1:colcon.colcon_core.package_identification:_identify(rosbag/avoidance_bag_55) by extensions ['ros']
[0.177s] Level 1:colcon.colcon_core.package_identification:_identify(rosbag/avoidance_bag_55) by extension 'ros'
[0.177s] Level 1:colcon.colcon_core.package_identification:_identify(rosbag/avoidance_bag_55) by extensions ['cmake', 'python']
[0.177s] Level 1:colcon.colcon_core.package_identification:_identify(rosbag/avoidance_bag_55) by extension 'cmake'
[0.177s] Level 1:colcon.colcon_core.package_identification:_identify(rosbag/avoidance_bag_55) by extension 'python'
[0.177s] Level 1:colcon.colcon_core.package_identification:_identify(rosbag/avoidance_bag_55) by extensions ['python_setup_py']
[0.177s] Level 1:colcon.colcon_core.package_identification:_identify(rosbag/avoidance_bag_55) by extension 'python_setup_py'
[0.177s] Level 1:colcon.colcon_core.package_identification:_identify(rosbag/avoidance_bag_56) by extensions ['ignore', 'ignore_ament_install']
[0.177s] Level 1:colcon.colcon_core.package_identification:_identify(rosbag/avoidance_bag_56) by extension 'ignore'
[0.177s] Level 1:colcon.colcon_core.package_identification:_identify(rosbag/avoidance_bag_56) by extension 'ignore_ament_install'
[0.177s] Level 1:colcon.colcon_core.package_identification:_identify(rosbag/avoidance_bag_56) by extensions ['colcon_pkg']
[0.177s] Level 1:colcon.colcon_core.package_identification:_identify(rosbag/avoidance_bag_56) by extension 'colcon_pkg'
[0.177s] Level 1:colcon.colcon_core.package_identification:_identify(rosbag/avoidance_bag_56) by extensions ['colcon_meta']
[0.177s] Level 1:colcon.colcon_core.package_identification:_identify(rosbag/avoidance_bag_56) by extension 'colcon_meta'
[0.177s] Level 1:colcon.colcon_core.package_identification:_identify(rosbag/avoidance_bag_56) by extensions ['ros']
[0.177s] Level 1:colcon.colcon_core.package_identification:_identify(rosbag/avoidance_bag_56) by extension 'ros'
[0.177s] Level 1:colcon.colcon_core.package_identification:_identify(rosbag/avoidance_bag_56) by extensions ['cmake', 'python']
[0.177s] Level 1:colcon.colcon_core.package_identification:_identify(rosbag/avoidance_bag_56) by extension 'cmake'
[0.177s] Level 1:colcon.colcon_core.package_identification:_identify(rosbag/avoidance_bag_56) by extension 'python'
[0.177s] Level 1:colcon.colcon_core.package_identification:_identify(rosbag/avoidance_bag_56) by extensions ['python_setup_py']
[0.177s] Level 1:colcon.colcon_core.package_identification:_identify(rosbag/avoidance_bag_56) by extension 'python_setup_py'
[0.177s] Level 1:colcon.colcon_core.package_identification:_identify(rosbag/avoidance_bag_57) by extensions ['ignore', 'ignore_ament_install']
[0.177s] Level 1:colcon.colcon_core.package_identification:_identify(rosbag/avoidance_bag_57) by extension 'ignore'
[0.177s] Level 1:colcon.colcon_core.package_identification:_identify(rosbag/avoidance_bag_57) by extension 'ignore_ament_install'
[0.177s] Level 1:colcon.colcon_core.package_identification:_identify(rosbag/avoidance_bag_57) by extensions ['colcon_pkg']
[0.177s] Level 1:colcon.colcon_core.package_identification:_identify(rosbag/avoidance_bag_57) by extension 'colcon_pkg'
[0.177s] Level 1:colcon.colcon_core.package_identification:_identify(rosbag/avoidance_bag_57) by extensions ['colcon_meta']
[0.177s] Level 1:colcon.colcon_core.package_identification:_identify(rosbag/avoidance_bag_57) by extension 'colcon_meta'
[0.177s] Level 1:colcon.colcon_core.package_identification:_identify(rosbag/avoidance_bag_57) by extensions ['ros']
[0.177s] Level 1:colcon.colcon_core.package_identification:_identify(rosbag/avoidance_bag_57) by extension 'ros'
[0.177s] Level 1:colcon.colcon_core.package_identification:_identify(rosbag/avoidance_bag_57) by extensions ['cmake', 'python']
[0.177s] Level 1:colcon.colcon_core.package_identification:_identify(rosbag/avoidance_bag_57) by extension 'cmake'
[0.177s] Level 1:colcon.colcon_core.package_identification:_identify(rosbag/avoidance_bag_57) by extension 'python'
[0.177s] Level 1:colcon.colcon_core.package_identification:_identify(rosbag/avoidance_bag_57) by extensions ['python_setup_py']
[0.177s] Level 1:colcon.colcon_core.package_identification:_identify(rosbag/avoidance_bag_57) by extension 'python_setup_py'
[0.177s] Level 1:colcon.colcon_core.package_identification:_identify(rosbag/avoidance_bag_58) by extensions ['ignore', 'ignore_ament_install']
[0.177s] Level 1:colcon.colcon_core.package_identification:_identify(rosbag/avoidance_bag_58) by extension 'ignore'
[0.177s] Level 1:colcon.colcon_core.package_identification:_identify(rosbag/avoidance_bag_58) by extension 'ignore_ament_install'
[0.177s] Level 1:colcon.colcon_core.package_identification:_identify(rosbag/avoidance_bag_58) by extensions ['colcon_pkg']
[0.177s] Level 1:colcon.colcon_core.package_identification:_identify(rosbag/avoidance_bag_58) by extension 'colcon_pkg'
[0.177s] Level 1:colcon.colcon_core.package_identification:_identify(rosbag/avoidance_bag_58) by extensions ['colcon_meta']
[0.177s] Level 1:colcon.colcon_core.package_identification:_identify(rosbag/avoidance_bag_58) by extension 'colcon_meta'
[0.177s] Level 1:colcon.colcon_core.package_identification:_identify(rosbag/avoidance_bag_58) by extensions ['ros']
[0.177s] Level 1:colcon.colcon_core.package_identification:_identify(rosbag/avoidance_bag_58) by extension 'ros'
[0.177s] Level 1:colcon.colcon_core.package_identification:_identify(rosbag/avoidance_bag_58) by extensions ['cmake', 'python']
[0.177s] Level 1:colcon.colcon_core.package_identification:_identify(rosbag/avoidance_bag_58) by extension 'cmake'
[0.177s] Level 1:colcon.colcon_core.package_identification:_identify(rosbag/avoidance_bag_58) by extension 'python'
[0.177s] Level 1:colcon.colcon_core.package_identification:_identify(rosbag/avoidance_bag_58) by extensions ['python_setup_py']
[0.177s] Level 1:colcon.colcon_core.package_identification:_identify(rosbag/avoidance_bag_58) by extension 'python_setup_py'
[0.177s] Level 1:colcon.colcon_core.package_identification:_identify(rosbag/avoidance_bag_59) by extensions ['ignore', 'ignore_ament_install']
[0.177s] Level 1:colcon.colcon_core.package_identification:_identify(rosbag/avoidance_bag_59) by extension 'ignore'
[0.178s] Level 1:colcon.colcon_core.package_identification:_identify(rosbag/avoidance_bag_59) by extension 'ignore_ament_install'
[0.178s] Level 1:colcon.colcon_core.package_identification:_identify(rosbag/avoidance_bag_59) by extensions ['colcon_pkg']
[0.178s] Level 1:colcon.colcon_core.package_identification:_identify(rosbag/avoidance_bag_59) by extension 'colcon_pkg'
[0.178s] Level 1:colcon.colcon_core.package_identification:_identify(rosbag/avoidance_bag_59) by extensions ['colcon_meta']
[0.178s] Level 1:colcon.colcon_core.package_identification:_identify(rosbag/avoidance_bag_59) by extension 'colcon_meta'
[0.178s] Level 1:colcon.colcon_core.package_identification:_identify(rosbag/avoidance_bag_59) by extensions ['ros']
[0.178s] Level 1:colcon.colcon_core.package_identification:_identify(rosbag/avoidance_bag_59) by extension 'ros'
[0.178s] Level 1:colcon.colcon_core.package_identification:_identify(rosbag/avoidance_bag_59) by extensions ['cmake', 'python']
[0.178s] Level 1:colcon.colcon_core.package_identification:_identify(rosbag/avoidance_bag_59) by extension 'cmake'
[0.178s] Level 1:colcon.colcon_core.package_identification:_identify(rosbag/avoidance_bag_59) by extension 'python'
[0.178s] Level 1:colcon.colcon_core.package_identification:_identify(rosbag/avoidance_bag_59) by extensions ['python_setup_py']
[0.178s] Level 1:colcon.colcon_core.package_identification:_identify(rosbag/avoidance_bag_59) by extension 'python_setup_py'
[0.178s] Level 1:colcon.colcon_core.package_identification:_identify(rosbag/avoidance_bag_60) by extensions ['ignore', 'ignore_ament_install']
[0.178s] Level 1:colcon.colcon_core.package_identification:_identify(rosbag/avoidance_bag_60) by extension 'ignore'
[0.178s] Level 1:colcon.colcon_core.package_identification:_identify(rosbag/avoidance_bag_60) by extension 'ignore_ament_install'
[0.178s] Level 1:colcon.colcon_core.package_identification:_identify(rosbag/avoidance_bag_60) by extensions ['colcon_pkg']
[0.178s] Level 1:colcon.colcon_core.package_identification:_identify(rosbag/avoidance_bag_60) by extension 'colcon_pkg'
[0.178s] Level 1:colcon.colcon_core.package_identification:_identify(rosbag/avoidance_bag_60) by extensions ['colcon_meta']
[0.178s] Level 1:colcon.colcon_core.package_identification:_identify(rosbag/avoidance_bag_60) by extension 'colcon_meta'
[0.178s] Level 1:colcon.colcon_core.package_identification:_identify(rosbag/avoidance_bag_60) by extensions ['ros']
[0.178s] Level 1:colcon.colcon_core.package_identification:_identify(rosbag/avoidance_bag_60) by extension 'ros'
[0.178s] Level 1:colcon.colcon_core.package_identification:_identify(rosbag/avoidance_bag_60) by extensions ['cmake', 'python']
[0.178s] Level 1:colcon.colcon_core.package_identification:_identify(rosbag/avoidance_bag_60) by extension 'cmake'
[0.178s] Level 1:colcon.colcon_core.package_identification:_identify(rosbag/avoidance_bag_60) by extension 'python'
[0.178s] Level 1:colcon.colcon_core.package_identification:_identify(rosbag/avoidance_bag_60) by extensions ['python_setup_py']
[0.178s] Level 1:colcon.colcon_core.package_identification:_identify(rosbag/avoidance_bag_60) by extension 'python_setup_py'
[0.178s] Level 1:colcon.colcon_core.package_identification:_identify(rosbag/avoidance_bag_61) by extensions ['ignore', 'ignore_ament_install']
[0.178s] Level 1:colcon.colcon_core.package_identification:_identify(rosbag/avoidance_bag_61) by extension 'ignore'
[0.178s] Level 1:colcon.colcon_core.package_identification:_identify(rosbag/avoidance_bag_61) by extension 'ignore_ament_install'
[0.178s] Level 1:colcon.colcon_core.package_identification:_identify(rosbag/avoidance_bag_61) by extensions ['colcon_pkg']
[0.178s] Level 1:colcon.colcon_core.package_identification:_identify(rosbag/avoidance_bag_61) by extension 'colcon_pkg'
[0.178s] Level 1:colcon.colcon_core.package_identification:_identify(rosbag/avoidance_bag_61) by extensions ['colcon_meta']
[0.178s] Level 1:colcon.colcon_core.package_identification:_identify(rosbag/avoidance_bag_61) by extension 'colcon_meta'
[0.178s] Level 1:colcon.colcon_core.package_identification:_identify(rosbag/avoidance_bag_61) by extensions ['ros']
[0.178s] Level 1:colcon.colcon_core.package_identification:_identify(rosbag/avoidance_bag_61) by extension 'ros'
[0.178s] Level 1:colcon.colcon_core.package_identification:_identify(rosbag/avoidance_bag_61) by extensions ['cmake', 'python']
[0.178s] Level 1:colcon.colcon_core.package_identification:_identify(rosbag/avoidance_bag_61) by extension 'cmake'
[0.178s] Level 1:colcon.colcon_core.package_identification:_identify(rosbag/avoidance_bag_61) by extension 'python'
[0.178s] Level 1:colcon.colcon_core.package_identification:_identify(rosbag/avoidance_bag_61) by extensions ['python_setup_py']
[0.178s] Level 1:colcon.colcon_core.package_identification:_identify(rosbag/avoidance_bag_61) by extension 'python_setup_py'
[0.178s] Level 1:colcon.colcon_core.package_identification:_identify(rosbag/avoidance_bag_62) by extensions ['ignore', 'ignore_ament_install']
[0.178s] Level 1:colcon.colcon_core.package_identification:_identify(rosbag/avoidance_bag_62) by extension 'ignore'
[0.178s] Level 1:colcon.colcon_core.package_identification:_identify(rosbag/avoidance_bag_62) by extension 'ignore_ament_install'
[0.178s] Level 1:colcon.colcon_core.package_identification:_identify(rosbag/avoidance_bag_62) by extensions ['colcon_pkg']
[0.178s] Level 1:colcon.colcon_core.package_identification:_identify(rosbag/avoidance_bag_62) by extension 'colcon_pkg'
[0.178s] Level 1:colcon.colcon_core.package_identification:_identify(rosbag/avoidance_bag_62) by extensions ['colcon_meta']
[0.178s] Level 1:colcon.colcon_core.package_identification:_identify(rosbag/avoidance_bag_62) by extension 'colcon_meta'
[0.178s] Level 1:colcon.colcon_core.package_identification:_identify(rosbag/avoidance_bag_62) by extensions ['ros']
[0.178s] Level 1:colcon.colcon_core.package_identification:_identify(rosbag/avoidance_bag_62) by extension 'ros'
[0.178s] Level 1:colcon.colcon_core.package_identification:_identify(rosbag/avoidance_bag_62) by extensions ['cmake', 'python']
[0.178s] Level 1:colcon.colcon_core.package_identification:_identify(rosbag/avoidance_bag_62) by extension 'cmake'
[0.178s] Level 1:colcon.colcon_core.package_identification:_identify(rosbag/avoidance_bag_62) by extension 'python'
[0.178s] Level 1:colcon.colcon_core.package_identification:_identify(rosbag/avoidance_bag_62) by extensions ['python_setup_py']
[0.178s] Level 1:colcon.colcon_core.package_identification:_identify(rosbag/avoidance_bag_62) by extension 'python_setup_py'
[0.178s] Level 1:colcon.colcon_core.package_identification:_identify(rosbag/avoidance_bag_63) by extensions ['ignore', 'ignore_ament_install']
[0.179s] Level 1:colcon.colcon_core.package_identification:_identify(rosbag/avoidance_bag_63) by extension 'ignore'
[0.179s] Level 1:colcon.colcon_core.package_identification:_identify(rosbag/avoidance_bag_63) by extension 'ignore_ament_install'
[0.179s] Level 1:colcon.colcon_core.package_identification:_identify(rosbag/avoidance_bag_63) by extensions ['colcon_pkg']
[0.179s] Level 1:colcon.colcon_core.package_identification:_identify(rosbag/avoidance_bag_63) by extension 'colcon_pkg'
[0.179s] Level 1:colcon.colcon_core.package_identification:_identify(rosbag/avoidance_bag_63) by extensions ['colcon_meta']
[0.179s] Level 1:colcon.colcon_core.package_identification:_identify(rosbag/avoidance_bag_63) by extension 'colcon_meta'
[0.179s] Level 1:colcon.colcon_core.package_identification:_identify(rosbag/avoidance_bag_63) by extensions ['ros']
[0.179s] Level 1:colcon.colcon_core.package_identification:_identify(rosbag/avoidance_bag_63) by extension 'ros'
[0.179s] Level 1:colcon.colcon_core.package_identification:_identify(rosbag/avoidance_bag_63) by extensions ['cmake', 'python']
[0.179s] Level 1:colcon.colcon_core.package_identification:_identify(rosbag/avoidance_bag_63) by extension 'cmake'
[0.179s] Level 1:colcon.colcon_core.package_identification:_identify(rosbag/avoidance_bag_63) by extension 'python'
[0.179s] Level 1:colcon.colcon_core.package_identification:_identify(rosbag/avoidance_bag_63) by extensions ['python_setup_py']
[0.179s] Level 1:colcon.colcon_core.package_identification:_identify(rosbag/avoidance_bag_63) by extension 'python_setup_py'
[0.179s] Level 1:colcon.colcon_core.package_identification:_identify(rosbag/avoidance_bag_97) by extensions ['ignore', 'ignore_ament_install']
[0.179s] Level 1:colcon.colcon_core.package_identification:_identify(rosbag/avoidance_bag_97) by extension 'ignore'
[0.179s] Level 1:colcon.colcon_core.package_identification:_identify(rosbag/avoidance_bag_97) by extension 'ignore_ament_install'
[0.179s] Level 1:colcon.colcon_core.package_identification:_identify(rosbag/avoidance_bag_97) by extensions ['colcon_pkg']
[0.179s] Level 1:colcon.colcon_core.package_identification:_identify(rosbag/avoidance_bag_97) by extension 'colcon_pkg'
[0.179s] Level 1:colcon.colcon_core.package_identification:_identify(rosbag/avoidance_bag_97) by extensions ['colcon_meta']
[0.179s] Level 1:colcon.colcon_core.package_identification:_identify(rosbag/avoidance_bag_97) by extension 'colcon_meta'
[0.179s] Level 1:colcon.colcon_core.package_identification:_identify(rosbag/avoidance_bag_97) by extensions ['ros']
[0.179s] Level 1:colcon.colcon_core.package_identification:_identify(rosbag/avoidance_bag_97) by extension 'ros'
[0.179s] Level 1:colcon.colcon_core.package_identification:_identify(rosbag/avoidance_bag_97) by extensions ['cmake', 'python']
[0.179s] Level 1:colcon.colcon_core.package_identification:_identify(rosbag/avoidance_bag_97) by extension 'cmake'
[0.179s] Level 1:colcon.colcon_core.package_identification:_identify(rosbag/avoidance_bag_97) by extension 'python'
[0.179s] Level 1:colcon.colcon_core.package_identification:_identify(rosbag/avoidance_bag_97) by extensions ['python_setup_py']
[0.179s] Level 1:colcon.colcon_core.package_identification:_identify(rosbag/avoidance_bag_97) by extension 'python_setup_py'
[0.179s] Level 1:colcon.colcon_core.package_identification:_identify(rosbag/rc_follow_test_01) by extensions ['ignore', 'ignore_ament_install']
[0.179s] Level 1:colcon.colcon_core.package_identification:_identify(rosbag/rc_follow_test_01) by extension 'ignore'
[0.179s] Level 1:colcon.colcon_core.package_identification:_identify(rosbag/rc_follow_test_01) by extension 'ignore_ament_install'
[0.179s] Level 1:colcon.colcon_core.package_identification:_identify(rosbag/rc_follow_test_01) by extensions ['colcon_pkg']
[0.179s] Level 1:colcon.colcon_core.package_identification:_identify(rosbag/rc_follow_test_01) by extension 'colcon_pkg'
[0.179s] Level 1:colcon.colcon_core.package_identification:_identify(rosbag/rc_follow_test_01) by extensions ['colcon_meta']
[0.179s] Level 1:colcon.colcon_core.package_identification:_identify(rosbag/rc_follow_test_01) by extension 'colcon_meta'
[0.179s] Level 1:colcon.colcon_core.package_identification:_identify(rosbag/rc_follow_test_01) by extensions ['ros']
[0.179s] Level 1:colcon.colcon_core.package_identification:_identify(rosbag/rc_follow_test_01) by extension 'ros'
[0.179s] Level 1:colcon.colcon_core.package_identification:_identify(rosbag/rc_follow_test_01) by extensions ['cmake', 'python']
[0.179s] Level 1:colcon.colcon_core.package_identification:_identify(rosbag/rc_follow_test_01) by extension 'cmake'
[0.179s] Level 1:colcon.colcon_core.package_identification:_identify(rosbag/rc_follow_test_01) by extension 'python'
[0.179s] Level 1:colcon.colcon_core.package_identification:_identify(rosbag/rc_follow_test_01) by extensions ['python_setup_py']
[0.179s] Level 1:colcon.colcon_core.package_identification:_identify(rosbag/rc_follow_test_01) by extension 'python_setup_py'
[0.179s] Level 1:colcon.colcon_core.package_identification:_identify(rosbag/rc_follow_test_02) by extensions ['ignore', 'ignore_ament_install']
[0.179s] Level 1:colcon.colcon_core.package_identification:_identify(rosbag/rc_follow_test_02) by extension 'ignore'
[0.179s] Level 1:colcon.colcon_core.package_identification:_identify(rosbag/rc_follow_test_02) by extension 'ignore_ament_install'
[0.179s] Level 1:colcon.colcon_core.package_identification:_identify(rosbag/rc_follow_test_02) by extensions ['colcon_pkg']
[0.179s] Level 1:colcon.colcon_core.package_identification:_identify(rosbag/rc_follow_test_02) by extension 'colcon_pkg'
[0.179s] Level 1:colcon.colcon_core.package_identification:_identify(rosbag/rc_follow_test_02) by extensions ['colcon_meta']
[0.179s] Level 1:colcon.colcon_core.package_identification:_identify(rosbag/rc_follow_test_02) by extension 'colcon_meta'
[0.179s] Level 1:colcon.colcon_core.package_identification:_identify(rosbag/rc_follow_test_02) by extensions ['ros']
[0.179s] Level 1:colcon.colcon_core.package_identification:_identify(rosbag/rc_follow_test_02) by extension 'ros'
[0.179s] Level 1:colcon.colcon_core.package_identification:_identify(rosbag/rc_follow_test_02) by extensions ['cmake', 'python']
[0.179s] Level 1:colcon.colcon_core.package_identification:_identify(rosbag/rc_follow_test_02) by extension 'cmake'
[0.179s] Level 1:colcon.colcon_core.package_identification:_identify(rosbag/rc_follow_test_02) by extension 'python'
[0.179s] Level 1:colcon.colcon_core.package_identification:_identify(rosbag/rc_follow_test_02) by extensions ['python_setup_py']
[0.179s] Level 1:colcon.colcon_core.package_identification:_identify(rosbag/rc_follow_test_02) by extension 'python_setup_py'
[0.180s] Level 1:colcon.colcon_core.package_identification:_identify(rosbag/rc_follow_test_03) by extensions ['ignore', 'ignore_ament_install']
[0.180s] Level 1:colcon.colcon_core.package_identification:_identify(rosbag/rc_follow_test_03) by extension 'ignore'
[0.180s] Level 1:colcon.colcon_core.package_identification:_identify(rosbag/rc_follow_test_03) by extension 'ignore_ament_install'
[0.180s] Level 1:colcon.colcon_core.package_identification:_identify(rosbag/rc_follow_test_03) by extensions ['colcon_pkg']
[0.180s] Level 1:colcon.colcon_core.package_identification:_identify(rosbag/rc_follow_test_03) by extension 'colcon_pkg'
[0.180s] Level 1:colcon.colcon_core.package_identification:_identify(rosbag/rc_follow_test_03) by extensions ['colcon_meta']
[0.180s] Level 1:colcon.colcon_core.package_identification:_identify(rosbag/rc_follow_test_03) by extension 'colcon_meta'
[0.180s] Level 1:colcon.colcon_core.package_identification:_identify(rosbag/rc_follow_test_03) by extensions ['ros']
[0.180s] Level 1:colcon.colcon_core.package_identification:_identify(rosbag/rc_follow_test_03) by extension 'ros'
[0.180s] Level 1:colcon.colcon_core.package_identification:_identify(rosbag/rc_follow_test_03) by extensions ['cmake', 'python']
[0.180s] Level 1:colcon.colcon_core.package_identification:_identify(rosbag/rc_follow_test_03) by extension 'cmake'
[0.180s] Level 1:colcon.colcon_core.package_identification:_identify(rosbag/rc_follow_test_03) by extension 'python'
[0.180s] Level 1:colcon.colcon_core.package_identification:_identify(rosbag/rc_follow_test_03) by extensions ['python_setup_py']
[0.180s] Level 1:colcon.colcon_core.package_identification:_identify(rosbag/rc_follow_test_03) by extension 'python_setup_py'
[0.180s] Level 1:colcon.colcon_core.package_identification:_identify(rosbag/rc_follow_test_04) by extensions ['ignore', 'ignore_ament_install']
[0.180s] Level 1:colcon.colcon_core.package_identification:_identify(rosbag/rc_follow_test_04) by extension 'ignore'
[0.180s] Level 1:colcon.colcon_core.package_identification:_identify(rosbag/rc_follow_test_04) by extension 'ignore_ament_install'
[0.180s] Level 1:colcon.colcon_core.package_identification:_identify(rosbag/rc_follow_test_04) by extensions ['colcon_pkg']
[0.180s] Level 1:colcon.colcon_core.package_identification:_identify(rosbag/rc_follow_test_04) by extension 'colcon_pkg'
[0.180s] Level 1:colcon.colcon_core.package_identification:_identify(rosbag/rc_follow_test_04) by extensions ['colcon_meta']
[0.180s] Level 1:colcon.colcon_core.package_identification:_identify(rosbag/rc_follow_test_04) by extension 'colcon_meta'
[0.180s] Level 1:colcon.colcon_core.package_identification:_identify(rosbag/rc_follow_test_04) by extensions ['ros']
[0.180s] Level 1:colcon.colcon_core.package_identification:_identify(rosbag/rc_follow_test_04) by extension 'ros'
[0.180s] Level 1:colcon.colcon_core.package_identification:_identify(rosbag/rc_follow_test_04) by extensions ['cmake', 'python']
[0.180s] Level 1:colcon.colcon_core.package_identification:_identify(rosbag/rc_follow_test_04) by extension 'cmake'
[0.180s] Level 1:colcon.colcon_core.package_identification:_identify(rosbag/rc_follow_test_04) by extension 'python'
[0.180s] Level 1:colcon.colcon_core.package_identification:_identify(rosbag/rc_follow_test_04) by extensions ['python_setup_py']
[0.180s] Level 1:colcon.colcon_core.package_identification:_identify(rosbag/rc_follow_test_04) by extension 'python_setup_py'
[0.180s] Level 1:colcon.colcon_core.package_identification:_identify(rosbag/rc_follow_test_05) by extensions ['ignore', 'ignore_ament_install']
[0.180s] Level 1:colcon.colcon_core.package_identification:_identify(rosbag/rc_follow_test_05) by extension 'ignore'
[0.180s] Level 1:colcon.colcon_core.package_identification:_identify(rosbag/rc_follow_test_05) by extension 'ignore_ament_install'
[0.180s] Level 1:colcon.colcon_core.package_identification:_identify(rosbag/rc_follow_test_05) by extensions ['colcon_pkg']
[0.180s] Level 1:colcon.colcon_core.package_identification:_identify(rosbag/rc_follow_test_05) by extension 'colcon_pkg'
[0.180s] Level 1:colcon.colcon_core.package_identification:_identify(rosbag/rc_follow_test_05) by extensions ['colcon_meta']
[0.180s] Level 1:colcon.colcon_core.package_identification:_identify(rosbag/rc_follow_test_05) by extension 'colcon_meta'
[0.180s] Level 1:colcon.colcon_core.package_identification:_identify(rosbag/rc_follow_test_05) by extensions ['ros']
[0.180s] Level 1:colcon.colcon_core.package_identification:_identify(rosbag/rc_follow_test_05) by extension 'ros'
[0.180s] Level 1:colcon.colcon_core.package_identification:_identify(rosbag/rc_follow_test_05) by extensions ['cmake', 'python']
[0.181s] Level 1:colcon.colcon_core.package_identification:_identify(rosbag/rc_follow_test_05) by extension 'cmake'
[0.181s] Level 1:colcon.colcon_core.package_identification:_identify(rosbag/rc_follow_test_05) by extension 'python'
[0.181s] Level 1:colcon.colcon_core.package_identification:_identify(rosbag/rc_follow_test_05) by extensions ['python_setup_py']
[0.181s] Level 1:colcon.colcon_core.package_identification:_identify(rosbag/rc_follow_test_05) by extension 'python_setup_py'
[0.181s] Level 1:colcon.colcon_core.package_identification:_identify(rosbag/rc_follow_test_06) by extensions ['ignore', 'ignore_ament_install']
[0.181s] Level 1:colcon.colcon_core.package_identification:_identify(rosbag/rc_follow_test_06) by extension 'ignore'
[0.181s] Level 1:colcon.colcon_core.package_identification:_identify(rosbag/rc_follow_test_06) by extension 'ignore_ament_install'
[0.181s] Level 1:colcon.colcon_core.package_identification:_identify(rosbag/rc_follow_test_06) by extensions ['colcon_pkg']
[0.181s] Level 1:colcon.colcon_core.package_identification:_identify(rosbag/rc_follow_test_06) by extension 'colcon_pkg'
[0.181s] Level 1:colcon.colcon_core.package_identification:_identify(rosbag/rc_follow_test_06) by extensions ['colcon_meta']
[0.181s] Level 1:colcon.colcon_core.package_identification:_identify(rosbag/rc_follow_test_06) by extension 'colcon_meta'
[0.181s] Level 1:colcon.colcon_core.package_identification:_identify(rosbag/rc_follow_test_06) by extensions ['ros']
[0.181s] Level 1:colcon.colcon_core.package_identification:_identify(rosbag/rc_follow_test_06) by extension 'ros'
[0.181s] Level 1:colcon.colcon_core.package_identification:_identify(rosbag/rc_follow_test_06) by extensions ['cmake', 'python']
[0.181s] Level 1:colcon.colcon_core.package_identification:_identify(rosbag/rc_follow_test_06) by extension 'cmake'
[0.181s] Level 1:colcon.colcon_core.package_identification:_identify(rosbag/rc_follow_test_06) by extension 'python'
[0.181s] Level 1:colcon.colcon_core.package_identification:_identify(rosbag/rc_follow_test_06) by extensions ['python_setup_py']
[0.181s] Level 1:colcon.colcon_core.package_identification:_identify(rosbag/rc_follow_test_06) by extension 'python_setup_py'
[0.181s] Level 1:colcon.colcon_core.package_identification:_identify(rosbag/rc_follow_test_07) by extensions ['ignore', 'ignore_ament_install']
[0.181s] Level 1:colcon.colcon_core.package_identification:_identify(rosbag/rc_follow_test_07) by extension 'ignore'
[0.181s] Level 1:colcon.colcon_core.package_identification:_identify(rosbag/rc_follow_test_07) by extension 'ignore_ament_install'
[0.181s] Level 1:colcon.colcon_core.package_identification:_identify(rosbag/rc_follow_test_07) by extensions ['colcon_pkg']
[0.181s] Level 1:colcon.colcon_core.package_identification:_identify(rosbag/rc_follow_test_07) by extension 'colcon_pkg'
[0.181s] Level 1:colcon.colcon_core.package_identification:_identify(rosbag/rc_follow_test_07) by extensions ['colcon_meta']
[0.181s] Level 1:colcon.colcon_core.package_identification:_identify(rosbag/rc_follow_test_07) by extension 'colcon_meta'
[0.181s] Level 1:colcon.colcon_core.package_identification:_identify(rosbag/rc_follow_test_07) by extensions ['ros']
[0.181s] Level 1:colcon.colcon_core.package_identification:_identify(rosbag/rc_follow_test_07) by extension 'ros'
[0.181s] Level 1:colcon.colcon_core.package_identification:_identify(rosbag/rc_follow_test_07) by extensions ['cmake', 'python']
[0.181s] Level 1:colcon.colcon_core.package_identification:_identify(rosbag/rc_follow_test_07) by extension 'cmake'
[0.181s] Level 1:colcon.colcon_core.package_identification:_identify(rosbag/rc_follow_test_07) by extension 'python'
[0.181s] Level 1:colcon.colcon_core.package_identification:_identify(rosbag/rc_follow_test_07) by extensions ['python_setup_py']
[0.181s] Level 1:colcon.colcon_core.package_identification:_identify(rosbag/rc_follow_test_07) by extension 'python_setup_py'
[0.181s] Level 1:colcon.colcon_core.package_identification:_identify(rosbag/rc_follow_test_08) by extensions ['ignore', 'ignore_ament_install']
[0.181s] Level 1:colcon.colcon_core.package_identification:_identify(rosbag/rc_follow_test_08) by extension 'ignore'
[0.181s] Level 1:colcon.colcon_core.package_identification:_identify(rosbag/rc_follow_test_08) by extension 'ignore_ament_install'
[0.181s] Level 1:colcon.colcon_core.package_identification:_identify(rosbag/rc_follow_test_08) by extensions ['colcon_pkg']
[0.182s] Level 1:colcon.colcon_core.package_identification:_identify(rosbag/rc_follow_test_08) by extension 'colcon_pkg'
[0.182s] Level 1:colcon.colcon_core.package_identification:_identify(rosbag/rc_follow_test_08) by extensions ['colcon_meta']
[0.182s] Level 1:colcon.colcon_core.package_identification:_identify(rosbag/rc_follow_test_08) by extension 'colcon_meta'
[0.182s] Level 1:colcon.colcon_core.package_identification:_identify(rosbag/rc_follow_test_08) by extensions ['ros']
[0.182s] Level 1:colcon.colcon_core.package_identification:_identify(rosbag/rc_follow_test_08) by extension 'ros'
[0.182s] Level 1:colcon.colcon_core.package_identification:_identify(rosbag/rc_follow_test_08) by extensions ['cmake', 'python']
[0.182s] Level 1:colcon.colcon_core.package_identification:_identify(rosbag/rc_follow_test_08) by extension 'cmake'
[0.182s] Level 1:colcon.colcon_core.package_identification:_identify(rosbag/rc_follow_test_08) by extension 'python'
[0.182s] Level 1:colcon.colcon_core.package_identification:_identify(rosbag/rc_follow_test_08) by extensions ['python_setup_py']
[0.182s] Level 1:colcon.colcon_core.package_identification:_identify(rosbag/rc_follow_test_08) by extension 'python_setup_py'
[0.182s] Level 1:colcon.colcon_core.package_identification:_identify(rosbag/rc_follow_test_09) by extensions ['ignore', 'ignore_ament_install']
[0.182s] Level 1:colcon.colcon_core.package_identification:_identify(rosbag/rc_follow_test_09) by extension 'ignore'
[0.182s] Level 1:colcon.colcon_core.package_identification:_identify(rosbag/rc_follow_test_09) by extension 'ignore_ament_install'
[0.182s] Level 1:colcon.colcon_core.package_identification:_identify(rosbag/rc_follow_test_09) by extensions ['colcon_pkg']
[0.182s] Level 1:colcon.colcon_core.package_identification:_identify(rosbag/rc_follow_test_09) by extension 'colcon_pkg'
[0.182s] Level 1:colcon.colcon_core.package_identification:_identify(rosbag/rc_follow_test_09) by extensions ['colcon_meta']
[0.182s] Level 1:colcon.colcon_core.package_identification:_identify(rosbag/rc_follow_test_09) by extension 'colcon_meta'
[0.182s] Level 1:colcon.colcon_core.package_identification:_identify(rosbag/rc_follow_test_09) by extensions ['ros']
[0.182s] Level 1:colcon.colcon_core.package_identification:_identify(rosbag/rc_follow_test_09) by extension 'ros'
[0.182s] Level 1:colcon.colcon_core.package_identification:_identify(rosbag/rc_follow_test_09) by extensions ['cmake', 'python']
[0.182s] Level 1:colcon.colcon_core.package_identification:_identify(rosbag/rc_follow_test_09) by extension 'cmake'
[0.182s] Level 1:colcon.colcon_core.package_identification:_identify(rosbag/rc_follow_test_09) by extension 'python'
[0.182s] Level 1:colcon.colcon_core.package_identification:_identify(rosbag/rc_follow_test_09) by extensions ['python_setup_py']
[0.182s] Level 1:colcon.colcon_core.package_identification:_identify(rosbag/rc_follow_test_09) by extension 'python_setup_py'
[0.182s] Level 1:colcon.colcon_core.package_identification:_identify(rosbag/rc_follow_test_10) by extensions ['ignore', 'ignore_ament_install']
[0.182s] Level 1:colcon.colcon_core.package_identification:_identify(rosbag/rc_follow_test_10) by extension 'ignore'
[0.182s] Level 1:colcon.colcon_core.package_identification:_identify(rosbag/rc_follow_test_10) by extension 'ignore_ament_install'
[0.182s] Level 1:colcon.colcon_core.package_identification:_identify(rosbag/rc_follow_test_10) by extensions ['colcon_pkg']
[0.182s] Level 1:colcon.colcon_core.package_identification:_identify(rosbag/rc_follow_test_10) by extension 'colcon_pkg'
[0.182s] Level 1:colcon.colcon_core.package_identification:_identify(rosbag/rc_follow_test_10) by extensions ['colcon_meta']
[0.182s] Level 1:colcon.colcon_core.package_identification:_identify(rosbag/rc_follow_test_10) by extension 'colcon_meta'
[0.182s] Level 1:colcon.colcon_core.package_identification:_identify(rosbag/rc_follow_test_10) by extensions ['ros']
[0.182s] Level 1:colcon.colcon_core.package_identification:_identify(rosbag/rc_follow_test_10) by extension 'ros'
[0.182s] Level 1:colcon.colcon_core.package_identification:_identify(rosbag/rc_follow_test_10) by extensions ['cmake', 'python']
[0.182s] Level 1:colcon.colcon_core.package_identification:_identify(rosbag/rc_follow_test_10) by extension 'cmake'
[0.182s] Level 1:colcon.colcon_core.package_identification:_identify(rosbag/rc_follow_test_10) by extension 'python'
[0.183s] Level 1:colcon.colcon_core.package_identification:_identify(rosbag/rc_follow_test_10) by extensions ['python_setup_py']
[0.183s] Level 1:colcon.colcon_core.package_identification:_identify(rosbag/rc_follow_test_10) by extension 'python_setup_py'
[0.183s] Level 1:colcon.colcon_core.package_identification:_identify(src) by extensions ['ignore', 'ignore_ament_install']
[0.183s] Level 1:colcon.colcon_core.package_identification:_identify(src) by extension 'ignore'
[0.183s] Level 1:colcon.colcon_core.package_identification:_identify(src) by extension 'ignore_ament_install'
[0.183s] Level 1:colcon.colcon_core.package_identification:_identify(src) by extensions ['colcon_pkg']
[0.183s] Level 1:colcon.colcon_core.package_identification:_identify(src) by extension 'colcon_pkg'
[0.183s] Level 1:colcon.colcon_core.package_identification:_identify(src) by extensions ['colcon_meta']
[0.183s] Level 1:colcon.colcon_core.package_identification:_identify(src) by extension 'colcon_meta'
[0.183s] Level 1:colcon.colcon_core.package_identification:_identify(src) by extensions ['ros']
[0.183s] Level 1:colcon.colcon_core.package_identification:_identify(src) by extension 'ros'
[0.183s] Level 1:colcon.colcon_core.package_identification:_identify(src) by extensions ['cmake', 'python']
[0.183s] Level 1:colcon.colcon_core.package_identification:_identify(src) by extension 'cmake'
[0.183s] Level 1:colcon.colcon_core.package_identification:_identify(src) by extension 'python'
[0.183s] Level 1:colcon.colcon_core.package_identification:_identify(src) by extensions ['python_setup_py']
[0.183s] Level 1:colcon.colcon_core.package_identification:_identify(src) by extension 'python_setup_py'
[0.183s] Level 1:colcon.colcon_core.package_identification:_identify(src/amr_topology) by extensions ['ignore', 'ignore_ament_install']
[0.183s] Level 1:colcon.colcon_core.package_identification:_identify(src/amr_topology) by extension 'ignore'
[0.183s] Level 1:colcon.colcon_core.package_identification:_identify(src/amr_topology) by extension 'ignore_ament_install'
[0.183s] Level 1:colcon.colcon_core.package_identification:_identify(src/amr_topology) by extensions ['colcon_pkg']
[0.183s] Level 1:colcon.colcon_core.package_identification:_identify(src/amr_topology) by extension 'colcon_pkg'
[0.183s] Level 1:colcon.colcon_core.package_identification:_identify(src/amr_topology) by extensions ['colcon_meta']
[0.183s] Level 1:colcon.colcon_core.package_identification:_identify(src/amr_topology) by extension 'colcon_meta'
[0.183s] Level 1:colcon.colcon_core.package_identification:_identify(src/amr_topology) by extensions ['ros']
[0.183s] Level 1:colcon.colcon_core.package_identification:_identify(src/amr_topology) by extension 'ros'
[0.187s] DEBUG:colcon.colcon_core.package_identification:Package 'src/amr_topology' with type 'ros.ament_cmake' and name 'amr_topology'
[0.187s] Level 1:colcon.colcon_core.package_discovery:discover_packages(recursive) using defaults
[0.187s] Level 1:colcon.colcon_core.package_discovery:discover_packages(ignore) discover
[0.187s] Level 1:colcon.colcon_core.package_discovery:discover_packages(ignore) using defaults
[0.187s] Level 1:colcon.colcon_core.package_discovery:discover_packages(path) discover
[0.187s] Level 1:colcon.colcon_core.package_discovery:discover_packages(path) using defaults
[0.208s] Level 1:colcon.colcon_core.package_discovery:discover_packages(prefix_path) check parameters
[0.208s] Level 1:colcon.colcon_core.package_discovery:discover_packages(prefix_path) discover
[0.209s] DEBUG:colcon.colcon_installed_package_information.package_discovery:Found 1 installed packages in /home/lee/Downloads/Topology_Graph_test-main/install
[0.209s] DEBUG:colcon.colcon_installed_package_information.package_discovery:Found 2 installed packages in /home/lee/smart_car_ws/install
[0.210s] DEBUG:colcon.colcon_installed_package_information.package_discovery:Found 391 installed packages in /opt/ros/humble
[0.211s] Level 1:colcon.colcon_core.package_discovery:discover_packages(prefix_path) using defaults
[0.242s] Level 5:colcon.colcon_core.verb:set package 'amr_topology' build argument 'cmake_args' from command line to 'None'
[0.242s] Level 5:colcon.colcon_core.verb:set package 'amr_topology' build argument 'cmake_target' from command line to 'None'
[0.242s] Level 5:colcon.colcon_core.verb:set package 'amr_topology' build argument 'cmake_target_skip_unavailable' from command line to 'False'
[0.242s] Level 5:colcon.colcon_core.verb:set package 'amr_topology' build argument 'cmake_clean_cache' from command line to 'False'
[0.242s] Level 5:colcon.colcon_core.verb:set package 'amr_topology' build argument 'cmake_clean_first' from command line to 'False'
[0.242s] Level 5:colcon.colcon_core.verb:set package 'amr_topology' build argument 'cmake_force_configure' from command line to 'False'
[0.242s] Level 5:colcon.colcon_core.verb:set package 'amr_topology' build argument 'ament_cmake_args' from command line to 'None'
[0.242s] Level 5:colcon.colcon_core.verb:set package 'amr_topology' build argument 'catkin_cmake_args' from command line to 'None'
[0.242s] Level 5:colcon.colcon_core.verb:set package 'amr_topology' build argument 'catkin_skip_building_tests' from command line to 'False'
[0.242s] DEBUG:colcon.colcon_core.verb:Building package 'amr_topology' with the following arguments: {'ament_cmake_args': None, 'build_base': '/home/lee/Downloads/Topology_Graph_test-main/build/amr_topology', 'catkin_cmake_args': None, 'catkin_skip_building_tests': False, 'cmake_args': None, 'cmake_clean_cache': False, 'cmake_clean_first': False, 'cmake_force_configure': False, 'cmake_target': None, 'cmake_target_skip_unavailable': False, 'install_base': '/home/lee/Downloads/Topology_Graph_test-main/install/amr_topology', 'merge_install': False, 'path': '/home/lee/Downloads/Topology_Graph_test-main/src/amr_topology', 'symlink_install': False, 'test_result_base': None}
[0.242s] INFO:colcon.colcon_core.executor:Executing jobs using 'parallel' executor
[0.244s] DEBUG:colcon.colcon_parallel_executor.executor.parallel:run_until_complete
[0.244s] INFO:colcon.colcon_ros.task.ament_cmake.build:Building ROS package in '/home/lee/Downloads/Topology_Graph_test-main/src/amr_topology' with build type 'ament_cmake'
[0.244s] INFO:colcon.colcon_cmake.task.cmake.build:Building CMake package in '/home/lee/Downloads/Topology_Graph_test-main/src/amr_topology'
[0.246s] INFO:colcon.colcon_core.plugin_system:Skipping extension 'colcon_core.shell.bat': Not used on non-Windows systems
[0.246s] INFO:colcon.colcon_core.shell:Skip shell extension 'powershell' for command environment: Not usable outside of PowerShell
[0.247s] DEBUG:colcon.colcon_core.shell:Skip shell extension 'dsv' for command environment
[0.255s] DEBUG:colcon.colcon_core.event_handler.log_command:Invoking command in '/home/lee/Downloads/Topology_Graph_test-main/build/amr_topology': CMAKE_PREFIX_PATH=${CMAKE_PREFIX_PATH}:/home/lee/smart_car_ws/install/smart_car_py_pkg:/opt/ros/humble /usr/bin/cmake --build /home/lee/Downloads/Topology_Graph_test-main/build/amr_topology -- -j16 -l16
[13.261s] DEBUG:colcon.colcon_core.event_handler.log_command:Invoked command in '/home/lee/Downloads/Topology_Graph_test-main/build/amr_topology' returned '0': CMAKE_PREFIX_PATH=${CMAKE_PREFIX_PATH}:/home/lee/smart_car_ws/install/smart_car_py_pkg:/opt/ros/humble /usr/bin/cmake --build /home/lee/Downloads/Topology_Graph_test-main/build/amr_topology -- -j16 -l16
[13.269s] DEBUG:colcon.colcon_core.event_handler.log_command:Invoking command in '/home/lee/Downloads/Topology_Graph_test-main/build/amr_topology': CMAKE_PREFIX_PATH=${CMAKE_PREFIX_PATH}:/home/lee/smart_car_ws/install/smart_car_py_pkg:/opt/ros/humble /usr/bin/cmake --install /home/lee/Downloads/Topology_Graph_test-main/build/amr_topology
[13.284s] Level 1:colcon.colcon_core.environment:create_environment_scripts_only(amr_topology)
[13.284s] DEBUG:colcon.colcon_core.event_handler.log_command:Invoked command in '/home/lee/Downloads/Topology_Graph_test-main/build/amr_topology' returned '0': CMAKE_PREFIX_PATH=${CMAKE_PREFIX_PATH}:/home/lee/smart_car_ws/install/smart_car_py_pkg:/opt/ros/humble /usr/bin/cmake --install /home/lee/Downloads/Topology_Graph_test-main/build/amr_topology
[13.286s] Level 1:colcon.colcon_core.environment:checking '/home/lee/Downloads/Topology_Graph_test-main/install/amr_topology' for CMake module files
[13.286s] Level 1:colcon.colcon_core.environment:checking '/home/lee/Downloads/Topology_Graph_test-main/install/amr_topology' for CMake config files
[13.286s] Level 1:colcon.colcon_core.shell:create_environment_hook('amr_topology', 'cmake_prefix_path')
[13.286s] INFO:colcon.colcon_core.shell:Creating environment hook '/home/lee/Downloads/Topology_Graph_test-main/install/amr_topology/share/amr_topology/hook/cmake_prefix_path.ps1'
[13.286s] INFO:colcon.colcon_core.shell:Creating environment descriptor '/home/lee/Downloads/Topology_Graph_test-main/install/amr_topology/share/amr_topology/hook/cmake_prefix_path.dsv'
[13.287s] INFO:colcon.colcon_core.shell:Creating environment hook '/home/lee/Downloads/Topology_Graph_test-main/install/amr_topology/share/amr_topology/hook/cmake_prefix_path.sh'
[13.287s] Level 1:colcon.colcon_core.environment:checking '/home/lee/Downloads/Topology_Graph_test-main/install/amr_topology/lib'
[13.287s] Level 1:colcon.colcon_core.environment:checking '/home/lee/Downloads/Topology_Graph_test-main/install/amr_topology/bin'
[13.287s] Level 1:colcon.colcon_core.environment:checking '/home/lee/Downloads/Topology_Graph_test-main/install/amr_topology/lib/pkgconfig/amr_topology.pc'
[13.287s] Level 1:colcon.colcon_core.environment:checking '/home/lee/Downloads/Topology_Graph_test-main/install/amr_topology/lib/python3.10/site-packages'
[13.287s] Level 1:colcon.colcon_core.environment:checking '/home/lee/Downloads/Topology_Graph_test-main/install/amr_topology/bin'
[13.288s] INFO:colcon.colcon_core.shell:Creating package script '/home/lee/Downloads/Topology_Graph_test-main/install/amr_topology/share/amr_topology/package.ps1'
[13.288s] INFO:colcon.colcon_core.shell:Creating package descriptor '/home/lee/Downloads/Topology_Graph_test-main/install/amr_topology/share/amr_topology/package.dsv'
[13.288s] INFO:colcon.colcon_core.shell:Creating package script '/home/lee/Downloads/Topology_Graph_test-main/install/amr_topology/share/amr_topology/package.sh'
[13.289s] INFO:colcon.colcon_core.shell:Creating package script '/home/lee/Downloads/Topology_Graph_test-main/install/amr_topology/share/amr_topology/package.bash'
[13.289s] INFO:colcon.colcon_core.shell:Creating package script '/home/lee/Downloads/Topology_Graph_test-main/install/amr_topology/share/amr_topology/package.zsh'
[13.289s] Level 1:colcon.colcon_core.environment:create_file_with_runtime_dependencies(/home/lee/Downloads/Topology_Graph_test-main/install/amr_topology/share/colcon-core/packages/amr_topology)
[13.290s] Level 1:colcon.colcon_core.environment:create_environment_scripts_only(amr_topology)
[13.290s] Level 1:colcon.colcon_core.environment:checking '/home/lee/Downloads/Topology_Graph_test-main/install/amr_topology' for CMake module files
[13.290s] Level 1:colcon.colcon_core.environment:checking '/home/lee/Downloads/Topology_Graph_test-main/install/amr_topology' for CMake config files
[13.290s] Level 1:colcon.colcon_core.shell:create_environment_hook('amr_topology', 'cmake_prefix_path')
[13.290s] INFO:colcon.colcon_core.shell:Creating environment hook '/home/lee/Downloads/Topology_Graph_test-main/install/amr_topology/share/amr_topology/hook/cmake_prefix_path.ps1'
[13.292s] INFO:colcon.colcon_core.shell:Creating environment descriptor '/home/lee/Downloads/Topology_Graph_test-main/install/amr_topology/share/amr_topology/hook/cmake_prefix_path.dsv'
[13.292s] INFO:colcon.colcon_core.shell:Creating environment hook '/home/lee/Downloads/Topology_Graph_test-main/install/amr_topology/share/amr_topology/hook/cmake_prefix_path.sh'
[13.292s] Level 1:colcon.colcon_core.environment:checking '/home/lee/Downloads/Topology_Graph_test-main/install/amr_topology/lib'
[13.292s] Level 1:colcon.colcon_core.environment:checking '/home/lee/Downloads/Topology_Graph_test-main/install/amr_topology/bin'
[13.292s] Level 1:colcon.colcon_core.environment:checking '/home/lee/Downloads/Topology_Graph_test-main/install/amr_topology/lib/pkgconfig/amr_topology.pc'
[13.293s] Level 1:colcon.colcon_core.environment:checking '/home/lee/Downloads/Topology_Graph_test-main/install/amr_topology/lib/python3.10/site-packages'
[13.293s] Level 1:colcon.colcon_core.environment:checking '/home/lee/Downloads/Topology_Graph_test-main/install/amr_topology/bin'
[13.293s] INFO:colcon.colcon_core.shell:Creating package script '/home/lee/Downloads/Topology_Graph_test-main/install/amr_topology/share/amr_topology/package.ps1'
[13.293s] INFO:colcon.colcon_core.shell:Creating package descriptor '/home/lee/Downloads/Topology_Graph_test-main/install/amr_topology/share/amr_topology/package.dsv'
[13.293s] INFO:colcon.colcon_core.shell:Creating package script '/home/lee/Downloads/Topology_Graph_test-main/install/amr_topology/share/amr_topology/package.sh'
[13.294s] INFO:colcon.colcon_core.shell:Creating package script '/home/lee/Downloads/Topology_Graph_test-main/install/amr_topology/share/amr_topology/package.bash'
[13.294s] INFO:colcon.colcon_core.shell:Creating package script '/home/lee/Downloads/Topology_Graph_test-main/install/amr_topology/share/amr_topology/package.zsh'
[13.294s] Level 1:colcon.colcon_core.environment:create_file_with_runtime_dependencies(/home/lee/Downloads/Topology_Graph_test-main/install/amr_topology/share/colcon-core/packages/amr_topology)
[13.294s] DEBUG:colcon.colcon_parallel_executor.executor.parallel:closing loop
[13.294s] DEBUG:colcon.colcon_parallel_executor.executor.parallel:loop closed
[13.294s] DEBUG:colcon.colcon_parallel_executor.executor.parallel:run_until_complete finished with '0'
[13.294s] DEBUG:colcon.colcon_core.event_reactor:joining thread
[13.298s] INFO:colcon.colcon_core.plugin_system:Skipping extension 'colcon_notification.desktop_notification.terminal_notifier': Not used on non-Darwin systems
[13.298s] INFO:colcon.colcon_core.plugin_system:Skipping extension 'colcon_notification.desktop_notification.win32': Not used on non-Windows systems
[13.298s] INFO:colcon.colcon_notification.desktop_notification:Sending desktop notification using 'notify2'
[13.298s] DEBUG:colcon.colcon_notification.desktop_notification.notify2:Failed to initialize notify2: org.freedesktop.DBus.Error.AccessDenied: Failed to connect to socket /run/user/1000/bus: Operation not permitted
[13.299s] DEBUG:colcon.colcon_core.event_reactor:joined thread
[13.299s] INFO:colcon.colcon_core.shell:Creating prefix script '/home/lee/Downloads/Topology_Graph_test-main/install/local_setup.ps1'
[13.299s] INFO:colcon.colcon_core.shell:Creating prefix util module '/home/lee/Downloads/Topology_Graph_test-main/install/_local_setup_util_ps1.py'
[13.300s] INFO:colcon.colcon_core.shell:Creating prefix chain script '/home/lee/Downloads/Topology_Graph_test-main/install/setup.ps1'
[13.301s] INFO:colcon.colcon_core.shell:Creating prefix script '/home/lee/Downloads/Topology_Graph_test-main/install/local_setup.sh'
[13.302s] INFO:colcon.colcon_core.shell:Creating prefix util module '/home/lee/Downloads/Topology_Graph_test-main/install/_local_setup_util_sh.py'
[13.303s] INFO:colcon.colcon_core.shell:Creating prefix chain script '/home/lee/Downloads/Topology_Graph_test-main/install/setup.sh'
[13.304s] INFO:colcon.colcon_core.shell:Creating prefix script '/home/lee/Downloads/Topology_Graph_test-main/install/local_setup.bash'
[13.305s] INFO:colcon.colcon_core.shell:Creating prefix chain script '/home/lee/Downloads/Topology_Graph_test-main/install/setup.bash'
[13.306s] INFO:colcon.colcon_core.shell:Creating prefix script '/home/lee/Downloads/Topology_Graph_test-main/install/local_setup.zsh'
[13.306s] INFO:colcon.colcon_core.shell:Creating prefix chain script '/home/lee/Downloads/Topology_Graph_test-main/install/setup.zsh'
